Archive member included to satisfy reference by file (symbol)

C:/ST/STM32CubeIDE_1.13.2/STM32CubeIDE/plugins/com.st.stm32cube.ide.mcu.externaltools.gnu-tools-for-stm32.11.3.rel1.win32_1.1.1.202309131626/tools/bin/../lib/gcc/arm-none-eabi/11.3.1/../../../../arm-none-eabi/lib/thumb/v7-m/nofp\libc_nano.a(libc_a-exit.o)
                              C:/ST/STM32CubeIDE_1.13.2/STM32CubeIDE/plugins/com.st.stm32cube.ide.mcu.externaltools.gnu-tools-for-stm32.11.3.rel1.win32_1.1.1.202309131626/tools/bin/../lib/gcc/arm-none-eabi/11.3.1/../../../../arm-none-eabi/lib/thumb/v7-m/nofp/crt0.o (exit)
C:/ST/STM32CubeIDE_1.13.2/STM32CubeIDE/plugins/com.st.stm32cube.ide.mcu.externaltools.gnu-tools-for-stm32.11.3.rel1.win32_1.1.1.202309131626/tools/bin/../lib/gcc/arm-none-eabi/11.3.1/../../../../arm-none-eabi/lib/thumb/v7-m/nofp\libc_nano.a(libc_a-findfp.o)
                              C:/ST/STM32CubeIDE_1.13.2/STM32CubeIDE/plugins/com.st.stm32cube.ide.mcu.externaltools.gnu-tools-for-stm32.11.3.rel1.win32_1.1.1.202309131626/tools/bin/../lib/gcc/arm-none-eabi/11.3.1/../../../../arm-none-eabi/lib/thumb/v7-m/nofp\libc_nano.a(libc_a-exit.o) (__stdio_exit_handler)
C:/ST/STM32CubeIDE_1.13.2/STM32CubeIDE/plugins/com.st.stm32cube.ide.mcu.externaltools.gnu-tools-for-stm32.11.3.rel1.win32_1.1.1.202309131626/tools/bin/../lib/gcc/arm-none-eabi/11.3.1/../../../../arm-none-eabi/lib/thumb/v7-m/nofp\libc_nano.a(libc_a-fwalk.o)
                              C:/ST/STM32CubeIDE_1.13.2/STM32CubeIDE/plugins/com.st.stm32cube.ide.mcu.externaltools.gnu-tools-for-stm32.11.3.rel1.win32_1.1.1.202309131626/tools/bin/../lib/gcc/arm-none-eabi/11.3.1/../../../../arm-none-eabi/lib/thumb/v7-m/nofp\libc_nano.a(libc_a-findfp.o) (_fwalk_sglue)
C:/ST/STM32CubeIDE_1.13.2/STM32CubeIDE/plugins/com.st.stm32cube.ide.mcu.externaltools.gnu-tools-for-stm32.11.3.rel1.win32_1.1.1.202309131626/tools/bin/../lib/gcc/arm-none-eabi/11.3.1/../../../../arm-none-eabi/lib/thumb/v7-m/nofp\libc_nano.a(libc_a-stdio.o)
                              C:/ST/STM32CubeIDE_1.13.2/STM32CubeIDE/plugins/com.st.stm32cube.ide.mcu.externaltools.gnu-tools-for-stm32.11.3.rel1.win32_1.1.1.202309131626/tools/bin/../lib/gcc/arm-none-eabi/11.3.1/../../../../arm-none-eabi/lib/thumb/v7-m/nofp\libc_nano.a(libc_a-findfp.o) (__sread)
C:/ST/STM32CubeIDE_1.13.2/STM32CubeIDE/plugins/com.st.stm32cube.ide.mcu.externaltools.gnu-tools-for-stm32.11.3.rel1.win32_1.1.1.202309131626/tools/bin/../lib/gcc/arm-none-eabi/11.3.1/../../../../arm-none-eabi/lib/thumb/v7-m/nofp\libc_nano.a(libc_a-memset.o)
                              C:/ST/STM32CubeIDE_1.13.2/STM32CubeIDE/plugins/com.st.stm32cube.ide.mcu.externaltools.gnu-tools-for-stm32.11.3.rel1.win32_1.1.1.202309131626/tools/bin/../lib/gcc/arm-none-eabi/11.3.1/../../../../arm-none-eabi/lib/thumb/v7-m/nofp/crt0.o (memset)
C:/ST/STM32CubeIDE_1.13.2/STM32CubeIDE/plugins/com.st.stm32cube.ide.mcu.externaltools.gnu-tools-for-stm32.11.3.rel1.win32_1.1.1.202309131626/tools/bin/../lib/gcc/arm-none-eabi/11.3.1/../../../../arm-none-eabi/lib/thumb/v7-m/nofp\libc_nano.a(libc_a-closer.o)
                              C:/ST/STM32CubeIDE_1.13.2/STM32CubeIDE/plugins/com.st.stm32cube.ide.mcu.externaltools.gnu-tools-for-stm32.11.3.rel1.win32_1.1.1.202309131626/tools/bin/../lib/gcc/arm-none-eabi/11.3.1/../../../../arm-none-eabi/lib/thumb/v7-m/nofp\libc_nano.a(libc_a-stdio.o) (_close_r)
C:/ST/STM32CubeIDE_1.13.2/STM32CubeIDE/plugins/com.st.stm32cube.ide.mcu.externaltools.gnu-tools-for-stm32.11.3.rel1.win32_1.1.1.202309131626/tools/bin/../lib/gcc/arm-none-eabi/11.3.1/../../../../arm-none-eabi/lib/thumb/v7-m/nofp\libc_nano.a(libc_a-reent.o)
                              C:/ST/STM32CubeIDE_1.13.2/STM32CubeIDE/plugins/com.st.stm32cube.ide.mcu.externaltools.gnu-tools-for-stm32.11.3.rel1.win32_1.1.1.202309131626/tools/bin/../lib/gcc/arm-none-eabi/11.3.1/../../../../arm-none-eabi/lib/thumb/v7-m/nofp\libc_nano.a(libc_a-closer.o) (errno)
C:/ST/STM32CubeIDE_1.13.2/STM32CubeIDE/plugins/com.st.stm32cube.ide.mcu.externaltools.gnu-tools-for-stm32.11.3.rel1.win32_1.1.1.202309131626/tools/bin/../lib/gcc/arm-none-eabi/11.3.1/../../../../arm-none-eabi/lib/thumb/v7-m/nofp\libc_nano.a(libc_a-impure.o)
                              C:/ST/STM32CubeIDE_1.13.2/STM32CubeIDE/plugins/com.st.stm32cube.ide.mcu.externaltools.gnu-tools-for-stm32.11.3.rel1.win32_1.1.1.202309131626/tools/bin/../lib/gcc/arm-none-eabi/11.3.1/../../../../arm-none-eabi/lib/thumb/v7-m/nofp\libc_nano.a(libc_a-reent.o) (_impure_ptr)
C:/ST/STM32CubeIDE_1.13.2/STM32CubeIDE/plugins/com.st.stm32cube.ide.mcu.externaltools.gnu-tools-for-stm32.11.3.rel1.win32_1.1.1.202309131626/tools/bin/../lib/gcc/arm-none-eabi/11.3.1/../../../../arm-none-eabi/lib/thumb/v7-m/nofp\libc_nano.a(libc_a-lseekr.o)
[...]
Memory Configuration

Name             Origin             Length             Attributes
RAM              0x0000000020000000 0x0000000000005000 xrw
FLASH            0x0000000008000000 0x0000000000010000 xr
*default*        0x0000000000000000 0xffffffffffffffff

Linker script and memory map

LOAD C:/ST/STM32CubeIDE_1.13.2/STM32CubeIDE/plugins/com.st.stm32cube.ide.mcu.externaltools.gnu-tools-for-stm32.11.3.rel1.win32_1.1.1.202309131626/tools/bin/../lib/gcc/arm-none-eabi/11.3.1/thumb/v7-m/nofp/crti.o
LOAD C:/ST/STM32CubeIDE_1.13.2/STM32CubeIDE/plugins/com.st.stm32cube.ide.mcu.externaltools.gnu-tools-for-stm32.11.3.rel1.win32_1.1.1.202309131626/tools/bin/../lib/gcc/arm-none-eabi/11.3.1/thumb/v7-m/nofp/crtbegin.o
LOAD C:/ST/STM32CubeIDE_1.13.2/STM32CubeIDE/plugins/com.st.stm32cube.ide.mcu.externaltools.gnu-tools-for-stm32.11.3.rel1.win32_1.1.1.202309131626/tools/bin/../lib/gcc/arm-none-eabi/11.3.1/../../../../arm-none-eabi/lib/thumb/v7-m/nofp/crt0.o
LOAD ./Src/APP/app.o
LOAD ./Src/HAL/LCD/LCD_program.o
LOAD ./Src/MCAL/AFIO/AFIO_program.o
LOAD ./Src/MCAL/CAN/CAN_program.o
LOAD ./Src/MCAL/GPIO/GPIO_program.o
LOAD ./Src/MCAL/NVIC/NVIC_program.o
LOAD ./Src/MCAL/RCC/RCC_program.o
LOAD ./Src/MCAL/SPI/SPI_program.o
LOAD ./Src/MCAL/STK/STK_program.o
LOAD ./Src/MCAL/UART/UART_program.o
LOAD ./Src/main.o
LOAD ./Src/syscalls.o
LOAD ./Src/sysmem.o
LOAD ./Startup/startup_stm32f103c8tx.o
START GROUP
LOAD C:/ST/STM32CubeIDE_1.13.2/STM32CubeIDE/plugins/com.st.stm32cube.ide.mcu.externaltools.gnu-tools-for-stm32.11.3.rel1.win32_1.1.1.202309131626/tools/bin/../lib/gcc/arm-none-eabi/11.3.1/../../../../arm-none-eabi/lib/thumb/v7-m/nofp\libc_nano.a
LOAD C:/ST/STM32CubeIDE_1.13.2/STM32CubeIDE/plugins/com.st.stm32cube.ide.mcu.externaltools.gnu-tools-for-stm32.11.3.rel1.win32_1.1.1.202309131626/tools/bin/../lib/gcc/arm-none-eabi/11.3.1/../../../../arm-none-eabi/lib/thumb/v7-m/nofp\libm.a
END GROUP
START GROUP
LOAD C:/ST/STM32CubeIDE_1.13.2/STM32CubeIDE/plugins/com.st.stm32cube.ide.mcu.externaltools.gnu-tools-for-stm32.11.3.rel1.win32_1.1.1.202309131626/tools/bin/../lib/gcc/arm-none-eabi/11.3.1/thumb/v7-m/nofp\libgcc.a
LOAD C:/ST/STM32CubeIDE_1.13.2/STM32CubeIDE/plugins/com.st.stm32cube.ide.mcu.externaltools.gnu-tools-for-stm32.11.3.rel1.win32_1.1.1.202309131626/tools/bin/../lib/gcc/arm-none-eabi/11.3.1/../../../../arm-none-eabi/lib/thumb/v7-m/nofp\libc_nano.a
END GROUP
START GROUP
LOAD C:/ST/STM32CubeIDE_1.13.2/STM32CubeIDE/plugins/com.st.stm32cube.ide.mcu.externaltools.gnu-tools-for-stm32.11.3.rel1.win32_1.1.1.202309131626/tools/bin/../lib/gcc/arm-none-eabi/11.3.1/thumb/v7-m/nofp\libgcc.a
LOAD C:/ST/STM32CubeIDE_1.13.2/STM32CubeIDE/plugins/com.st.stm32cube.ide.mcu.externaltools.gnu-tools-for-stm32.11.3.rel1.win32_1.1.1.202309131626/tools/bin/../lib/gcc/arm-none-eabi/11.3.1/../../../../arm-none-eabi/lib/thumb/v7-m/nofp\libc_nano.a
LOAD C:/ST/STM32CubeIDE_1.13.2/STM32CubeIDE/plugins/com.st.stm32cube.ide.mcu.externaltools.gnu-tools-for-stm32.11.3.rel1.win32_1.1.1.202309131626/tools/bin/../lib/gcc/arm-none-eabi/11.3.1/../../../../arm-none-eabi/lib/thumb/v7-m/nofp\libnosys.a
END GROUP
START GROUP
LOAD C:/ST/STM32CubeIDE_1.13.2/STM32CubeIDE/plugins/com.st.stm32cube.ide.mcu.externaltools.gnu-tools-for-stm32.11.3.rel1.win32_1.1.1.202309131626/tools/bin/../lib/gcc/arm-none-eabi/11.3.1/thumb/v7-m/nofp\libgcc.a
LOAD C:/ST/STM32CubeIDE_1.13.2/STM32CubeIDE/plugins/com.st.stm32cube.ide.mcu.externaltools.gnu-tools-for-stm32.11.3.rel1.win32_1.1.1.202309131626/tools/bin/../lib/gcc/arm-none-eabi/11.3.1/../../../../arm-none-eabi/lib/thumb/v7-m/nofp\libc_nano.a
LOAD C:/ST/STM32CubeIDE_1.13.2/STM32CubeIDE/plugins/com.st.stm32cube.ide.mcu.externaltools.gnu-tools-for-stm32.11.3.rel1.win32_1.1.1.202309131626/tools/bin/../lib/gcc/arm-none-eabi/11.3.1/../../../../arm-none-eabi/lib/thumb/v7-m/nofp\libnosys.a
END GROUP
LOAD C:/ST/STM32CubeIDE_1.13.2/STM32CubeIDE/plugins/com.st.stm32cube.ide.mcu.externaltools.gnu-tools-for-stm32.11.3.rel1.win32_1.1.1.202309131626/tools/bin/../lib/gcc/arm-none-eabi/11.3.1/thumb/v7-m/nofp/crtend.o
LOAD C:/ST/STM32CubeIDE_1.13.2/STM32CubeIDE/plugins/com.st.stm32cube.ide.mcu.externaltools.gnu-tools-for-stm32.11.3.rel1.win32_1.1.1.202309131626/tools/bin/../lib/gcc/arm-none-eabi/11.3.1/thumb/v7-m/nofp/crtn.o
                0x0000000020005000                _estack = (ORIGIN (RAM) + LENGTH (RAM))
                0x0000000000000200                _Min_Heap_Size = 0x200
                0x0000000000000400                _Min_Stack_Size = 0x400

.isr_vector     0x0000000008000000      0x130
                0x0000000008000000                . = ALIGN (0x4)
 *(.isr_vector)
 .isr_vector    0x0000000008000000      0x130 ./Startup/startup_stm32f103c8tx.o
                0x0000000008000000                g_pfnVectors
                0x0000000008000130                . = ALIGN (0x4)

.text           0x0000000008000130     0x16ec
                0x0000000008000130                . = ALIGN (0x4)
 *(.text)
 .text          0x0000000008000130       0x40 C:/ST/STM32CubeIDE_1.13.2/STM32CubeIDE/plugins/com.st.stm32cube.ide.mcu.externaltools.gnu-tools-for-stm32.11.3.rel1.win32_1.1.1.202309131626/tools/bin/../lib/gcc/arm-none-eabi/11.3.1/thumb/v7-m/nofp/crtbegin.o
 *(.text*)
 .text._delay_ms
                0x0000000008000170       0x40 ./Src/HAL/LCD/LCD_program.o
 .text.WriteIns
                0x00000000080001b0       0xe8 ./Src/HAL/LCD/LCD_program.o
 .text.WriteData
                0x0000000008000298       0xe8 ./Src/HAL/LCD/LCD_program.o
 .text.LCD_Init
                0x0000000008000380       0x32 ./Src/HAL/LCD/LCD_program.o
                0x0000000008000380                LCD_Init
 .text.LCD_PinsInit
                0x00000000080003b2       0x38 ./Src/HAL/LCD/LCD_program.o
                0x00000000080003b2                LCD_PinsInit
 .text.LCD_WriteChar
                0x00000000080003ea       0x1a ./Src/HAL/LCD/LCD_program.o
                0x00000000080003ea                LCD_WriteChar
 .text.LCD_WriteString
                0x0000000008000404       0x38 ./Src/HAL/LCD/LCD_program.o
                0x0000000008000404                LCD_WriteString
 .text.LCD_SetCursor
                0x000000000800043c       0x40 ./Src/HAL/LCD/LCD_program.o
                0x000000000800043c                LCD_SetCursor
 .text.LCD_Clear
                0x000000000800047c       0x14 ./Src/HAL/LCD/LCD_program.o
                0x000000000800047c                LCD_Clear
 .text.LCD_WriteNumber
                0x0000000008000490       0xa0 ./Src/HAL/LCD/LCD_program.o
                0x0000000008000490                LCD_WriteNumber
 .text.CAN_voidInit
                0x0000000008000530       0xc4 ./Src/MCAL/CAN/CAN_program.o
                0x0000000008000530                CAN_voidInit
 .text.CAN_voidAddTxMsg
                0x00000000080005f4      0x164 ./Src/MCAL/CAN/CAN_program.o
                0x00000000080005f4                CAN_voidAddTxMsg
 .text.CAN_voidStart
                0x0000000008000758       0x2c ./Src/MCAL/CAN/CAN_program.o
                0x0000000008000758                CAN_voidStart
 .text.CAN_voidGetRxMsg
                0x0000000008000784      0x154 ./Src/MCAL/CAN/CAN_program.o
                0x0000000008000784                CAN_voidGetRxMsg
 .text.CAN_voidRXPending
                0x00000000080008d8       0x38 ./Src/MCAL/CAN/CAN_program.o
                0x00000000080008d8                CAN_voidRXPending
 .text.CAN_voidConfigFilter
                0x0000000008000910      0x1a0 ./Src/MCAL/CAN/CAN_program.o
                0x0000000008000910                CAN_voidConfigFilter
 .text.GPIO_voidSetPinDirection
                0x0000000008000ab0      0x1ac ./Src/MCAL/GPIO/GPIO_program.o
                0x0000000008000ab0                GPIO_voidSetPinDirection
 .text.GPIO_voidSetPinValue
                0x0000000008000c5c       0xbc ./Src/MCAL/GPIO/GPIO_program.o
                0x0000000008000c5c                GPIO_voidSetPinValue
 .text.GPIO_voidSetPinPull
                0x0000000008000d18      0x104 ./Src/MCAL/GPIO/GPIO_program.o
                0x0000000008000d18                GPIO_voidSetPinPull
 .text.NVIC_voidEnableInterrupt
                0x0000000008000e1c       0x54 ./Src/MCAL/NVIC/NVIC_program.o
                0x0000000008000e1c                NVIC_voidEnableInterrupt
 .text.RCC_voidInitSysClock
                0x0000000008000e70       0x34 ./Src/MCAL/RCC/RCC_program.o
                0x0000000008000e70                RCC_voidInitSysClock
 .text.RCC_voidEnableClock
                0x0000000008000ea4       0x7c ./Src/MCAL/RCC/RCC_program.o
                0x0000000008000ea4                RCC_voidEnableClock
 .text.MSPI_voidInit
                0x0000000008000f20       0xd8 ./Src/MCAL/SPI/SPI_program.o
                0x0000000008000f20                MSPI_voidInit
 .text.MSPI_voidSendRecieveSynch
                0x0000000008000ff8       0x98 ./Src/MCAL/SPI/SPI_program.o
                0x0000000008000ff8                MSPI_voidSendRecieveSynch
 .text.SPI1_IRQHandler
                0x0000000008001090       0x14 ./Src/MCAL/SPI/SPI_program.o
                0x0000000008001090                SPI1_IRQHandler
 .text.STK_voidInit
                0x00000000080010a4       0x18 ./Src/MCAL/STK/STK_program.o
                0x00000000080010a4                STK_voidInit
 .text.STK_voidSetBusyWait
                0x00000000080010bc       0x50 ./Src/MCAL/STK/STK_program.o
                0x00000000080010bc                STK_voidSetBusyWait
 .text.STK_voidStopInterval
                0x000000000800110c       0x34 ./Src/MCAL/STK/STK_program.o
                0x000000000800110c                STK_voidStopInterval
 .text.SysTick_Handler
                0x0000000008001140       0x3c ./Src/MCAL/STK/STK_program.o
                0x0000000008001140                SysTick_Handler
 .text.USART_voidInit
                0x000000000800117c       0x7c ./Src/MCAL/UART/UART_program.o
                0x000000000800117c                USART_voidInit
 .text.USART_RX_InterruptEnable
                0x00000000080011f8       0x30 ./Src/MCAL/UART/UART_program.o
                0x00000000080011f8                USART_RX_InterruptEnable
 .text.USART_voidTransmitCharSynch
                0x0000000008001228       0x40 ./Src/MCAL/UART/UART_program.o
                0x0000000008001228                USART_voidTransmitCharSynch
 .text.USART1_void_SetCallBack
                0x0000000008001268       0x1c ./Src/MCAL/UART/UART_program.o
                0x0000000008001268                USART1_void_SetCallBack
 .text.USART1_IRQHandler
                0x0000000008001284       0x24 ./Src/MCAL/UART/UART_program.o
                0x0000000008001284                USART1_IRQHandler
 .text.USART2_void_SetCallBack
                0x00000000080012a8       0x1c ./Src/MCAL/UART/UART_program.o
                0x00000000080012a8                USART2_void_SetCallBack
 .text.USART2_IRQHandler
                0x00000000080012c4       0x24 ./Src/MCAL/UART/UART_program.o
                0x00000000080012c4                USART2_IRQHandler
 .text.USART_ReceiveNoBlock
                0x00000000080012e8       0x24 ./Src/MCAL/UART/UART_program.o
                0x00000000080012e8                USART_ReceiveNoBlock
 .text.CAN_TX   0x000000000800130c       0x30 ./Src/main.o
                0x000000000800130c                CAN_TX
 .text.CAN_RX   0x000000000800133c       0xb4 ./Src/main.o
                0x000000000800133c                CAN_RX
 .text.Std_id_High
                0x00000000080013f0       0x1a ./Src/main.o
                0x00000000080013f0                Std_id_High
 .text.CAN_FilterConfig
                0x000000000800140a       0x42 ./Src/main.o
                0x000000000800140a                CAN_FilterConfig
 .text.UART_TX  0x000000000800144c      0x190 ./Src/main.o
                0x000000000800144c                UART_TX
 .text.USART_RXCallback
                0x00000000080015dc       0x2c ./Src/main.o
                0x00000000080015dc                USART_RXCallback
 .text.main     0x0000000008001608      0x160 ./Src/main.o
                0x0000000008001608                main
 .text.Reset_Handler
                0x0000000008001768       0x50 ./Startup/startup_stm32f103c8tx.o
                0x0000000008001768                Reset_Handler
 .text.Default_Handler
                0x00000000080017b8        0x2 ./Startup/startup_stm32f103c8tx.o
                0x00000000080017b8                EXTI2_IRQHandler
                0x00000000080017b8                TIM8_TRG_COM_IRQHandler
                0x00000000080017b8                TIM8_CC_IRQHandler
                0x00000000080017b8                DebugMon_Handler
                0x00000000080017b8                TIM1_CC_IRQHandler
                0x00000000080017b8                HardFault_Handler
                0x00000000080017b8                TIM6_IRQHandler
                0x00000000080017b8                PVD_IRQHandler
                0x00000000080017b8                SDIO_IRQHandler
                0x00000000080017b8                PendSV_Handler
                0x00000000080017b8                NMI_Handler
                0x00000000080017b8                EXTI3_IRQHandler
                0x00000000080017b8                USB_HP_CAN_TX_IRQHandler
                0x00000000080017b8                EXTI0_IRQHandler
                0x00000000080017b8                I2C2_EV_IRQHandler
                0x00000000080017b8                UsageFault_Handler
                0x00000000080017b8                ADC1_2_IRQHandler
                0x00000000080017b8                CAN_SCE_IRQHandler
                0x00000000080017b8                TAMPER_IRQHandler
                0x00000000080017b8                TIM8_UP_IRQHandler
                0x00000000080017b8                DMA2_Channel2_IRQHandler
                0x00000000080017b8                DMA1_Channel4_IRQHandler
                0x00000000080017b8                USART3_IRQHandler
                0x00000000080017b8                RTC_IRQHandler
                0x00000000080017b8                DMA1_Channel7_IRQHandler
                0x00000000080017b8                UART5_IRQHandler
                0x00000000080017b8                ADC3_IRQHandler
                0x00000000080017b8                TIM4_IRQHandler
                0x00000000080017b8                CAN_RX1_IRQHandler
                0x00000000080017b8                DMA2_Channel1_IRQHandler
                0x00000000080017b8                I2C1_EV_IRQHandler
                0x00000000080017b8                DMA1_Channel6_IRQHandler
                0x00000000080017b8                UART4_IRQHandler
                0x00000000080017b8                TIM3_IRQHandler
                0x00000000080017b8                RCC_IRQHandler
                0x00000000080017b8                TIM1_TRG_COM_IRQHandler
                0x00000000080017b8                DMA1_Channel1_IRQHandler
                0x00000000080017b8                Default_Handler
                0x00000000080017b8                EXTI15_10_IRQHandler
                0x00000000080017b8                TIM7_IRQHandler
                0x00000000080017b8                TIM5_IRQHandler
                0x00000000080017b8                EXTI9_5_IRQHandler
                0x00000000080017b8                SPI2_IRQHandler
                0x00000000080017b8                USB_LP_CAN_RX0_IRQHandler
                0x00000000080017b8                MemManage_Handler
                0x00000000080017b8                SVC_Handler
                0x00000000080017b8                DMA1_Channel5_IRQHandler
                0x00000000080017b8                EXTI4_IRQHandler
                0x00000000080017b8                DMA1_Channel3_IRQHandler
                0x00000000080017b8                FSMC_IRQHandler
                0x00000000080017b8                TIM1_UP_IRQHandler
                0x00000000080017b8                WWDG_IRQHandler
                0x00000000080017b8                TIM2_IRQHandler
                0x00000000080017b8                TIM1_BRK_IRQHandler
                0x00000000080017b8                EXTI1_IRQHandler
                0x00000000080017b8                RTCAlarm_IRQHandler
                0x00000000080017b8                DMA2_Channel4_5_IRQHandler
                0x00000000080017b8                I2C2_ER_IRQHandler
                0x00000000080017b8                DMA1_Channel2_IRQHandler
                0x00000000080017b8                TIM8_BRK_IRQHandler
                0x00000000080017b8                FLASH_IRQHandler
                0x00000000080017b8                BusFault_Handler
                0x00000000080017b8                SPI3_IRQHandler
                0x00000000080017b8                I2C1_ER_IRQHandler
                0x00000000080017b8                DMA2_Channel3_IRQHandler
 *fill*         0x00000000080017ba        0x2 
 .text.__libc_init_array
                0x00000000080017bc       0x48 C:/ST/STM32CubeIDE_1.13.2/STM32CubeIDE/plugins/com.st.stm32cube.ide.mcu.externaltools.gnu-tools-for-stm32.11.3.rel1.win32_1.1.1.202309131626/tools/bin/../lib/gcc/arm-none-eabi/11.3.1/../../../../arm-none-eabi/lib/thumb/v7-m/nofp\libc_nano.a(libc_a-init.o)
                0x00000000080017bc                __libc_init_array
 *(.glue_7)
 .glue_7        0x0000000008001804        0x0 linker stubs
 *(.glue_7t)
 .glue_7t       0x0000000008001804        0x0 linker stubs
 *(.eh_frame)
 .eh_frame      0x0000000008001804        0x0 C:/ST/STM32CubeIDE_1.13.2/STM32CubeIDE/plugins/com.st.stm32cube.ide.mcu.externaltools.gnu-tools-for-stm32.11.3.rel1.win32_1.1.1.202309131626/tools/bin/../lib/gcc/arm-none-eabi/11.3.1/thumb/v7-m/nofp/crtbegin.o
 *(.init)
 .init          0x0000000008001804        0x4 C:/ST/STM32CubeIDE_1.13.2/STM32CubeIDE/plugins/com.st.stm32cube.ide.mcu.externaltools.gnu-tools-for-stm32.11.3.rel1.win32_1.1.1.202309131626/tools/bin/../lib/gcc/arm-none-eabi/11.3.1/thumb/v7-m/nofp/crti.o
                0x0000000008001804                _init
 .init          0x0000000008001808        0x8 C:/ST/STM32CubeIDE_1.13.2/STM32CubeIDE/plugins/com.st.stm32cube.ide.mcu.externaltools.gnu-tools-for-stm32.11.3.rel1.win32_1.1.1.202309131626/tools/bin/../lib/gcc/arm-none-eabi/11.3.1/thumb/v7-m/nofp/crtn.o
 *(.fini)
 .fini          0x0000000008001810        0x4 C:/ST/STM32CubeIDE_1.13.2/STM32CubeIDE/plugins/com.st.stm32cube.ide.mcu.externaltools.gnu-tools-for-stm32.11.3.rel1.win32_1.1.1.202309131626/tools/bin/../lib/gcc/arm-none-eabi/11.3.1/thumb/v7-m/nofp/crti.o
                0x0000000008001810                _fini
 .fini          0x0000000008001814        0x8 C:/ST/STM32CubeIDE_1.13.2/STM32CubeIDE/plugins/com.st.stm32cube.ide.mcu.externaltools.gnu-tools-for-stm32.11.3.rel1.win32_1.1.1.202309131626/tools/bin/../lib/gcc/arm-none-eabi/11.3.1/thumb/v7-m/nofp/crtn.o
                0x000000000800181c                . = ALIGN (0x4)
                0x000000000800181c                _etext = .

.vfp11_veneer   0x000000000800181c        0x0
 .vfp11_veneer  0x000000000800181c        0x0 linker stubs

.v4_bx          0x000000000800181c        0x0
 .v4_bx         0x000000000800181c        0x0 linker stubs

.iplt           0x000000000800181c        0x0
 .iplt          0x000000000800181c        0x0 C:/ST/STM32CubeIDE_1.13.2/STM32CubeIDE/plugins/com.st.stm32cube.ide.mcu.externaltools.gnu-tools-for-stm32.11.3.rel1.win32_1.1.1.202309131626/tools/bin/../lib/gcc/arm-none-eabi/11.3.1/thumb/v7-m/nofp/crtbegin.o

.rel.dyn        0x000000000800181c        0x0
 .rel.iplt      0x000000000800181c        0x0 C:/ST/STM32CubeIDE_1.13.2/STM32CubeIDE/plugins/com.st.stm32cube.ide.mcu.externaltools.gnu-tools-for-stm32.11.3.rel1.win32_1.1.1.202309131626/tools/bin/../lib/gcc/arm-none-eabi/11.3.1/thumb/v7-m/nofp/crtbegin.o

.rodata         0x000000000800181c        0x0
                0x000000000800181c                . = ALIGN (0x4)
 *(.rodata)
 *(.rodata*)
                0x000000000800181c                . = ALIGN (0x4)

.ARM.extab      0x000000000800181c        0x0
                0x000000000800181c                . = ALIGN (0x4)
 *(.ARM.extab* .gnu.linkonce.armextab.*)
                0x000000000800181c                . = ALIGN (0x4)

.ARM            0x000000000800181c        0x0
                0x000000000800181c                . = ALIGN (0x4)
                0x000000000800181c                __exidx_start = .
 *(.ARM.exidx*)
                0x000000000800181c                __exidx_end = .
                0x000000000800181c                . = ALIGN (0x4)

.preinit_array  0x000000000800181c        0x0
                0x000000000800181c                . = ALIGN (0x4)
                0x000000000800181c                PROVIDE (__preinit_array_start = .)
 *(.preinit_array*)
                0x000000000800181c                PROVIDE (__preinit_array_end = .)
                0x000000000800181c                . = ALIGN (0x4)

.init_array     0x000000000800181c        0x4
                0x000000000800181c                . = ALIGN (0x4)
                0x000000000800181c                PROVIDE (__init_array_start = .)
 *(SORT_BY_NAME(.init_array.*))
 *(.init_array*)
 .init_array    0x000000000800181c        0x4 C:/ST/STM32CubeIDE_1.13.2/STM32CubeIDE/plugins/com.st.stm32cube.ide.mcu.externaltools.gnu-tools-for-stm32.11.3.rel1.win32_1.1.1.202309131626/tools/bin/../lib/gcc/arm-none-eabi/11.3.1/thumb/v7-m/nofp/crtbegin.o
                0x0000000008001820                PROVIDE (__init_array_end = .)
                0x0000000008001820                . = ALIGN (0x4)

.fini_array     0x0000000008001820        0x4
                0x0000000008001820                . = ALIGN (0x4)
                [!provide]                        PROVIDE (__fini_array_start = .)
 *(SORT_BY_NAME(.fini_array.*))
 *(.fini_array*)
 .fini_array    0x0000000008001820        0x4 C:/ST/STM32CubeIDE_1.13.2/STM32CubeIDE/plugins/com.st.stm32cube.ide.mcu.externaltools.gnu-tools-for-stm32.11.3.rel1.win32_1.1.1.202309131626/tools/bin/../lib/gcc/arm-none-eabi/11.3.1/thumb/v7-m/nofp/crtbegin.o
                [!provide]                        PROVIDE (__fini_array_end = .)
                0x0000000008001824                . = ALIGN (0x4)
                0x0000000008001824                _sidata = LOADADDR (.data)

.data           0x0000000020000000       0x5c load address 0x0000000008001824
                0x0000000020000000                . = ALIGN (0x4)
                0x0000000020000000                _sdata = .
 *(.data)
 *(.data*)
 .data.SPI_NUM  0x0000000020000000        0xc ./Src/MCAL/SPI/SPI_program.o
 .data.USARTNumbers
                0x000000002000000c       0x14 ./Src/MCAL/UART/UART_program.o
 .data.Device_IDs
                0x0000000020000020       0x24 ./Src/main.o
                0x0000000020000020                Device_IDs
 .data.Device_CMD
                0x0000000020000044        0xc ./Src/main.o
                0x0000000020000044                Device_CMD
 .data.Device_Value
                0x0000000020000050        0xa ./Src/main.o
                0x0000000020000050                Device_Value
 *(.RamFunc)
 *(.RamFunc*)
                0x000000002000005c                . = ALIGN (0x4)
 *fill*         0x000000002000005a        0x2 
                0x000000002000005c                _edata = .

.igot.plt       0x000000002000005c        0x0 load address 0x0000000008001880
 .igot.plt      0x000000002000005c        0x0 C:/ST/STM32CubeIDE_1.13.2/STM32CubeIDE/plugins/com.st.stm32cube.ide.mcu.externaltools.gnu-tools-for-stm32.11.3.rel1.win32_1.1.1.202309131626/tools/bin/../lib/gcc/arm-none-eabi/11.3.1/thumb/v7-m/nofp/crtbegin.o
                0x000000002000005c                . = ALIGN (0x4)

.bss            0x000000002000005c       0x3c load address 0x0000000008001880
                0x000000002000005c                _sbss = .
                0x000000002000005c                __bss_start__ = _sbss
 *(.bss)
 .bss           0x000000002000005c       0x1c C:/ST/STM32CubeIDE_1.13.2/STM32CubeIDE/plugins/com.st.stm32cube.ide.mcu.externaltools.gnu-tools-for-stm32.11.3.rel1.win32_1.1.1.202309131626/tools/bin/../lib/gcc/arm-none-eabi/11.3.1/thumb/v7-m/nofp/crtbegin.o
 *(.bss*)
 .bss.CallBack_Func
                0x0000000020000078        0x4 ./Src/MCAL/SPI/SPI_program.o
                0x0000000020000078                CallBack_Func
 .bss.STK_CallBack
                0x000000002000007c        0x4 ./Src/MCAL/STK/STK_program.o
 .bss.STk_u8ModeOfInterval
                0x0000000020000080        0x1 ./Src/MCAL/STK/STK_program.o
 *fill*         0x0000000020000081        0x3 
 .bss.USART1_RXCallBack
                0x0000000020000084        0x4 ./Src/MCAL/UART/UART_program.o
                0x0000000020000084                USART1_RXCallBack
 .bss.USART2_RXCallBack
                0x0000000020000088        0x4 ./Src/MCAL/UART/UART_program.o
                0x0000000020000088                USART2_RXCallBack
 .bss.Data_TX   0x000000002000008c        0x2 ./Src/main.o
                0x000000002000008c                Data_TX
 *fill*         0x000000002000008e        0x2 
 .bss.Data_RX   0x0000000020000090        0x3 ./Src/main.o
                0x0000000020000090                Data_RX
 .bss.state     0x0000000020000093        0x1 ./Src/main.o
                0x0000000020000093                state
 .bss.readSPI   0x0000000020000094        0x1 ./Src/main.o
                0x0000000020000094                readSPI
 .bss.counter   0x0000000020000095        0x1 ./Src/main.o
                0x0000000020000095                counter
 .bss.UART_NUM  0x0000000020000096        0x1 ./Src/main.o
                0x0000000020000096                UART_NUM
 .bss.SPI_NUM   0x0000000020000097        0x1 ./Src/main.o
                0x0000000020000097                SPI_NUM
 *(COMMON)
                0x0000000020000098                . = ALIGN (0x4)
                0x0000000020000098                _ebss = .
                0x0000000020000098                __bss_end__ = _ebss

._user_heap_stack
                0x0000000020000098      0x600 load address 0x0000000008001880
                0x0000000020000098                . = ALIGN (0x8)
                [!provide]                        PROVIDE (end = .)
                0x0000000020000098                PROVIDE (_end = .)
                0x0000000020000298                . = (. + _Min_Heap_Size)
 *fill*         0x0000000020000098      0x200 
                0x0000000020000698                . = (. + _Min_Stack_Size)
 *fill*         0x0000000020000298      0x400 
                0x0000000020000698                . = ALIGN (0x8)

/DISCARD/
 libc.a(*)
 libm.a(*)
 libgcc.a(*)

.ARM.attributes
                0x0000000000000000       0x29
 *(.ARM.attributes)
 .ARM.attributes
                0x0000000000000000       0x1d C:/ST/STM32CubeIDE_1.13.2/STM32CubeIDE/plugins/com.st.stm32cube.ide.mcu.externaltools.gnu-tools-for-stm32.11.3.rel1.win32_1.1.1.202309131626/tools/bin/../lib/gcc/arm-none-eabi/11.3.1/thumb/v7-m/nofp/crti.o
 .ARM.attributes
                0x000000000000001d       0x2d C:/ST/STM32CubeIDE_1.13.2/STM32CubeIDE/plugins/com.st.stm32cube.ide.mcu.externaltools.gnu-tools-for-stm32.11.3.rel1.win32_1.1.1.202309131626/tools/bin/../lib/gcc/arm-none-eabi/11.3.1/thumb/v7-m/nofp/crtbegin.o
 .ARM.attributes
                0x000000000000004a       0x2d ./Src/HAL/LCD/LCD_program.o
 .ARM.attributes
                0x0000000000000077       0x2d ./Src/MCAL/CAN/CAN_program.o
 .ARM.attributes
                0x00000000000000a4       0x2d ./Src/MCAL/GPIO/GPIO_program.o
 .ARM.attributes
                0x00000000000000d1       0x2d ./Src/MCAL/NVIC/NVIC_program.o
 .ARM.attributes
                0x00000000000000fe       0x2d ./Src/MCAL/RCC/RCC_program.o
 .ARM.attributes
                0x000000000000012b       0x2d ./Src/MCAL/SPI/SPI_program.o
 .ARM.attributes
                0x0000000000000158       0x2d ./Src/MCAL/STK/STK_program.o
 .ARM.attributes
                0x0000000000000185       0x2d ./Src/MCAL/UART/UART_program.o
 .ARM.attributes
                0x00000000000001b2       0x2d ./Src/main.o
 .ARM.attributes
                0x00000000000001df       0x21 ./Startup/startup_stm32f103c8tx.o
 .ARM.attributes
                0x0000000000000200       0x2d C:/ST/STM32CubeIDE_1.13.2/STM32CubeIDE/plugins/com.st.stm32cube.ide.mcu.externaltools.gnu-tools-for-stm32.11.3.rel1.win32_1.1.1.202309131626/tools/bin/../lib/gcc/arm-none-eabi/11.3.1/../../../../arm-none-eabi/lib/thumb/v7-m/nofp\libc_nano.a(libc_a-init.o)
 .ARM.attributes
                0x000000000000022d       0x1d C:/ST/STM32CubeIDE_1.13.2/STM32CubeIDE/plugins/com.st.stm32cube.ide.mcu.externaltools.gnu-tools-for-stm32.11.3.rel1.win32_1.1.1.202309131626/tools/bin/../lib/gcc/arm-none-eabi/11.3.1/thumb/v7-m/nofp/crtn.o
OUTPUT(CAR_MCU.elf elf32-littlearm)
LOAD linker stubs
LOAD C:/ST/STM32CubeIDE_1.13.2/STM32CubeIDE/plugins/com.st.stm32cube.ide.mcu.externaltools.gnu-tools-for-stm32.11.3.rel1.win32_1.1.1.202309131626/tools/bin/../lib/gcc/arm-none-eabi/11.3.1/../../../../arm-none-eabi/lib/thumb/v7-m/nofp\libc.a
LOAD C:/ST/STM32CubeIDE_1.13.2/STM32CubeIDE/plugins/com.st.stm32cube.ide.mcu.externaltools.gnu-tools-for-stm32.11.3.rel1.win32_1.1.1.202309131626/tools/bin/../lib/gcc/arm-none-eabi/11.3.1/../../../../arm-none-eabi/lib/thumb/v7-m/nofp\libm.a
LOAD C:/ST/STM32CubeIDE_1.13.2/STM32CubeIDE/plugins/com.st.stm32cube.ide.mcu.externaltools.gnu-tools-for-stm32.11.3.rel1.win32_1.1.1.202309131626/tools/bin/../lib/gcc/arm-none-eabi/11.3.1/thumb/v7-m/nofp\libgcc.a

.comment        0x0000000000000000       0x43
 .comment       0x0000000000000000       0x43 C:/ST/STM32CubeIDE_1.13.2/STM32CubeIDE/plugins/com.st.stm32cube.ide.mcu.externaltools.gnu-tools-for-stm32.11.3.rel1.win32_1.1.1.202309131626/tools/bin/../lib/gcc/arm-none-eabi/11.3.1/thumb/v7-m/nofp/crtbegin.o
                                         0x44 (size before relaxing)
 .comment       0x0000000000000043       0x44 ./Src/HAL/LCD/LCD_program.o
 .comment       0x0000000000000043       0x44 ./Src/MCAL/CAN/CAN_program.o
 .comment       0x0000000000000043       0x44 ./Src/MCAL/GPIO/GPIO_program.o
 .comment       0x0000000000000043       0x44 ./Src/MCAL/NVIC/NVIC_program.o
 .comment       0x0000000000000043       0x44 ./Src/MCAL/RCC/RCC_program.o
 .comment       0x0000000000000043       0x44 ./Src/MCAL/SPI/SPI_program.o
 .comment       0x0000000000000043       0x44 ./Src/MCAL/STK/STK_program.o
 .comment       0x0000000000000043       0x44 ./Src/MCAL/UART/UART_program.o
 .comment       0x0000000000000043       0x44 ./Src/main.o

.debug_info     0x0000000000000000     0x2cb8
 .debug_info    0x0000000000000000      0x586 ./Src/HAL/LCD/LCD_program.o
 .debug_info    0x0000000000000586      0xb9b ./Src/MCAL/CAN/CAN_program.o
 .debug_info    0x0000000000001121      0x280 ./Src/MCAL/GPIO/GPIO_program.o
 .debug_info    0x00000000000013a1      0x4fb ./Src/MCAL/NVIC/NVIC_program.o
 .debug_info    0x000000000000189c      0x182 ./Src/MCAL/RCC/RCC_program.o
 .debug_info    0x0000000000001a1e      0x332 ./Src/MCAL/SPI/SPI_program.o
 .debug_info    0x0000000000001d50      0x331 ./Src/MCAL/STK/STK_program.o
 .debug_info    0x0000000000002081      0x3fc ./Src/MCAL/UART/UART_program.o
 .debug_info    0x000000000000247d      0x818 ./Src/main.o
 .debug_info    0x0000000000002c95       0x23 ./Startup/startup_stm32f103c8tx.o

.debug_abbrev   0x0000000000000000      0xdef
 .debug_abbrev  0x0000000000000000      0x1ce ./Src/HAL/LCD/LCD_program.o
 .debug_abbrev  0x00000000000001ce      0x29c ./Src/MCAL/CAN/CAN_program.o
 .debug_abbrev  0x000000000000046a       0xf2 ./Src/MCAL/GPIO/GPIO_program.o
 .debug_abbrev  0x000000000000055c      0x15b ./Src/MCAL/NVIC/NVIC_program.o
 .debug_abbrev  0x00000000000006b7       0xc4 ./Src/MCAL/RCC/RCC_program.o
 .debug_abbrev  0x000000000000077b      0x16b ./Src/MCAL/SPI/SPI_program.o
 .debug_abbrev  0x00000000000008e6      0x186 ./Src/MCAL/STK/STK_program.o
 .debug_abbrev  0x0000000000000a6c      0x176 ./Src/MCAL/UART/UART_program.o
 .debug_abbrev  0x0000000000000be2      0x1fb ./Src/main.o
 .debug_abbrev  0x0000000000000ddd       0x12 ./Startup/startup_stm32f103c8tx.o

.debug_aranges  0x0000000000000000      0x3f8
 .debug_aranges
                0x0000000000000000       0xa0 ./Src/HAL/LCD/LCD_program.o
 .debug_aranges
                0x00000000000000a0       0xb0 ./Src/MCAL/CAN/CAN_program.o
 .debug_aranges
                0x0000000000000150       0x40 ./Src/MCAL/GPIO/GPIO_program.o
 .debug_aranges
                0x0000000000000190       0x58 ./Src/MCAL/NVIC/NVIC_program.o
 .debug_aranges
                0x00000000000001e8       0x30 ./Src/MCAL/RCC/RCC_program.o
 .debug_aranges
                0x0000000000000218       0x40 ./Src/MCAL/SPI/SPI_program.o
 .debug_aranges
                0x0000000000000258       0x98 ./Src/MCAL/STK/STK_program.o
 .debug_aranges
                0x00000000000002f0       0x90 ./Src/MCAL/UART/UART_program.o
 .debug_aranges
                0x0000000000000380       0x50 ./Src/main.o
 .debug_aranges
                0x00000000000003d0       0x28 ./Startup/startup_stm32f103c8tx.o

.debug_rnglists
                0x0000000000000000      0x2e0
 .debug_rnglists
                0x0000000000000000       0x78 ./Src/HAL/LCD/LCD_program.o
 .debug_rnglists
                0x0000000000000078       0x87 ./Src/MCAL/CAN/CAN_program.o
 .debug_rnglists
                0x00000000000000ff       0x30 ./Src/MCAL/GPIO/GPIO_program.o
 .debug_rnglists
                0x000000000000012f       0x3d ./Src/MCAL/NVIC/NVIC_program.o
 .debug_rnglists
                0x000000000000016c       0x20 ./Src/MCAL/RCC/RCC_program.o
 .debug_rnglists
                0x000000000000018c       0x2d ./Src/MCAL/SPI/SPI_program.o
 .debug_rnglists
                0x00000000000001b9       0x6d ./Src/MCAL/STK/STK_program.o
 .debug_rnglists
                0x0000000000000226       0x67 ./Src/MCAL/UART/UART_program.o
 .debug_rnglists
                0x000000000000028d       0x3a ./Src/main.o
 .debug_rnglists
                0x00000000000002c7       0x19 ./Startup/startup_stm32f103c8tx.o

.debug_macro    0x0000000000000000      0xe25
 .debug_macro   0x0000000000000000       0x66 ./Src/HAL/LCD/LCD_program.o
 .debug_macro   0x0000000000000066       0x46 ./Src/HAL/LCD/LCD_program.o
 .debug_macro   0x00000000000000ac       0x46 ./Src/HAL/LCD/LCD_program.o
 .debug_macro   0x00000000000000f2      0x148 ./Src/HAL/LCD/LCD_program.o
 .debug_macro   0x000000000000023a       0xdc ./Src/HAL/LCD/LCD_program.o
 .debug_macro   0x0000000000000316       0x6a ./Src/HAL/LCD/LCD_program.o
 .debug_macro   0x0000000000000380       0xa8 ./Src/MCAL/CAN/CAN_program.o
 .debug_macro   0x0000000000000428       0x22 ./Src/MCAL/CAN/CAN_program.o
 .debug_macro   0x000000000000044a      0x136 ./Src/MCAL/CAN/CAN_program.o
 .debug_macro   0x0000000000000580       0x3a ./Src/MCAL/CAN/CAN_program.o
 .debug_macro   0x00000000000005ba       0x2e ./Src/MCAL/CAN/CAN_program.o
 .debug_macro   0x00000000000005e8       0x5c ./Src/MCAL/GPIO/GPIO_program.o
 .debug_macro   0x0000000000000644       0xac ./Src/MCAL/GPIO/GPIO_program.o
 .debug_macro   0x00000000000006f0       0x44 ./Src/MCAL/NVIC/NVIC_program.o
 .debug_macro   0x0000000000000734       0x16 ./Src/MCAL/NVIC/NVIC_program.o
 .debug_macro   0x000000000000074a       0x22 ./Src/MCAL/NVIC/NVIC_program.o
 .debug_macro   0x000000000000076c       0x44 ./Src/MCAL/RCC/RCC_program.o
 .debug_macro   0x00000000000007b0       0x10 ./Src/MCAL/RCC/RCC_program.o
 .debug_macro   0x00000000000007c0       0x16 ./Src/MCAL/RCC/RCC_program.o
 .debug_macro   0x00000000000007d6       0x83 ./Src/MCAL/SPI/SPI_program.o
 .debug_macro   0x0000000000000859       0x1c ./Src/MCAL/SPI/SPI_program.o
 .debug_macro   0x0000000000000875       0x8e ./Src/MCAL/SPI/SPI_program.o
 .debug_macro   0x0000000000000903       0xac ./Src/MCAL/SPI/SPI_program.o
 .debug_macro   0x00000000000009af       0x40 ./Src/MCAL/SPI/SPI_program.o
 .debug_macro   0x00000000000009ef       0x44 ./Src/MCAL/STK/STK_program.o
 .debug_macro   0x0000000000000a33       0x10 ./Src/MCAL/STK/STK_program.o
 .debug_macro   0x0000000000000a43       0x16 ./Src/MCAL/STK/STK_program.o
 .debug_macro   0x0000000000000a59       0x73 ./Src/MCAL/UART/UART_program.o
 .debug_macro   0x0000000000000acc       0x1c ./Src/MCAL/UART/UART_program.o
 .debug_macro   0x0000000000000ae8      0x20f ./Src/MCAL/UART/UART_program.o
 .debug_macro   0x0000000000000cf7      0x12e ./Src/main.o

.debug_line     0x0000000000000000     0x289e
 .debug_line    0x0000000000000000      0x5bd ./Src/HAL/LCD/LCD_program.o
 .debug_line    0x00000000000005bd      0x9d3 ./Src/MCAL/CAN/CAN_program.o
 .debug_line    0x0000000000000f90      0x403 ./Src/MCAL/GPIO/GPIO_program.o
 .debug_line    0x0000000000001393      0x236 ./Src/MCAL/NVIC/NVIC_program.o
 .debug_line    0x00000000000015c9      0x16a ./Src/MCAL/RCC/RCC_program.o
 .debug_line    0x0000000000001733      0x2ad ./Src/MCAL/SPI/SPI_program.o
 .debug_line    0x00000000000019e0      0x2ef ./Src/MCAL/STK/STK_program.o
 .debug_line    0x0000000000001ccf      0x3ae ./Src/MCAL/UART/UART_program.o
 .debug_line    0x000000000000207d      0x7a6 ./Src/main.o
 .debug_line    0x0000000000002823       0x7b ./Startup/startup_stm32f103c8tx.o

.debug_str      0x0000000000000000     0x6592
 .debug_str     0x0000000000000000     0x394e ./Src/HAL/LCD/LCD_program.o
                                       0x3a09 (size before relaxing)
 .debug_str     0x000000000000394e     0x1271 ./Src/MCAL/CAN/CAN_program.o
                                       0x49e0 (size before relaxing)
 .debug_str     0x0000000000004bbf      0x6b4 ./Src/MCAL/GPIO/GPIO_program.o
                                       0x3d06 (size before relaxing)
 .debug_str     0x0000000000005273      0x220 ./Src/MCAL/NVIC/NVIC_program.o
                                       0x3558 (size before relaxing)
 .debug_str     0x0000000000005493      0x112 ./Src/MCAL/RCC/RCC_program.o
                                       0x351d (size before relaxing)
 .debug_str     0x00000000000055a5      0x4a6 ./Src/MCAL/SPI/SPI_program.o
                                       0x3bfb (size before relaxing)
 .debug_str     0x0000000000005a4b      0x28c ./Src/MCAL/STK/STK_program.o
                                       0x32a3 (size before relaxing)
 .debug_str     0x0000000000005cd7      0x6af ./Src/MCAL/UART/UART_program.o
                                       0x3d08 (size before relaxing)
 .debug_str     0x0000000000006386      0x1dd ./Src/main.o
                                       0x4783 (size before relaxing)
 .debug_str     0x0000000000006563       0x2f ./Startup/startup_stm32f103c8tx.o
                                         0x68 (size before relaxing)

.debug_frame    0x0000000000000000      0xe2c
 .debug_frame   0x0000000000000000      0x260 ./Src/HAL/LCD/LCD_program.o
 .debug_frame   0x0000000000000260      0x2a4 ./Src/MCAL/CAN/CAN_program.o
 .debug_frame   0x0000000000000504       0xd8 ./Src/MCAL/GPIO/GPIO_program.o
 .debug_frame   0x00000000000005dc      0x148 ./Src/MCAL/NVIC/NVIC_program.o
 .debug_frame   0x0000000000000724       0x80 ./Src/MCAL/RCC/RCC_program.o
 .debug_frame   0x00000000000007a4       0xc4 ./Src/MCAL/SPI/SPI_program.o
 .debug_frame   0x0000000000000868      0x248 ./Src/MCAL/STK/STK_program.o
 .debug_frame   0x0000000000000ab0      0x250 ./Src/MCAL/UART/UART_program.o
 .debug_frame   0x0000000000000d00      0x100 ./Src/main.o
 .debug_frame   0x0000000000000e00       0x2c C:/ST/STM32CubeIDE_1.13.2/STM32CubeIDE/plugins/com.st.stm32cube.ide.mcu.externaltools.gnu-tools-for-stm32.11.3.rel1.win32_1.1.1.202309131626/tools/bin/../lib/gcc/arm-none-eabi/11.3.1/../../../../arm-none-eabi/lib/thumb/v7-m/nofp\libc_nano.a(libc_a-init.o)

.debug_line_str
                0x0000000000000000       0x5c
 .debug_line_str
                0x0000000000000000       0x5c ./Startup/startup_stm32f103c8tx.o
                                         0x74 (size before relaxing)
