../Src/MCAL/STK/STK_program.c:23:6:STK_voidInit	4	static
../Src/MCAL/STK/STK_program.c:35:6:STK_voidSetBusyWait	16	static
../Src/MCAL/STK/STK_program.c:54:7:STK_voidSetIntervalSingle	16	static
../Src/MCAL/STK/STK_program.c:73:7:STK_voidSetIntervalPeriodic	16	static
../Src/MCAL/STK/STK_program.c:94:6:STK_voidStopInterval	4	static
../Src/MCAL/STK/STK_program.c:107:5:STK_u32GetElapedTime	16	static
../Src/MCAL/STK/STK_program.c:119:5:STK_u32GetRemainingTime	16	static
../Src/MCAL/STK/STK_program.c:131:6:SysTick_Handler	16	static
../Src/MCAL/STK/STK_program.c:149:6:STK_voidDelay_ms	16	static
../Src/MCAL/STK/STK_program.c:159:6:STK_voidStartTimer	16	static
../Src/MCAL/STK/STK_program.c:171:6:overflow_micros	16	static
../Src/MCAL/STK/STK_program.c:177:6:STK_voidStartMicros	8	static
../Src/MCAL/STK/STK_program.c:182:5:Micros	24	static
../Src/MCAL/STK/STK_program.c:189:6:overflow_millis	16	static
../Src/MCAL/STK/STK_program.c:196:6:STK_voidStartMillis	8	static
../Src/MCAL/STK/STK_program.c:202:5:Millis	24	static
