Archive member included to satisfy reference by file (symbol)

C:/ST/STM32CubeIDE_1.13.2/STM32CubeIDE/plugins/com.st.stm32cube.ide.mcu.externaltools.gnu-tools-for-stm32.11.3.rel1.win32_1.1.1.202309131626/tools/bin/../lib/gcc/arm-none-eabi/11.3.1/../../../../arm-none-eabi/lib/thumb/v7-m/nofp\libc_nano.a(libc_a-exit.o)
                              C:/ST/STM32CubeIDE_1.13.2/STM32CubeIDE/plugins/com.st.stm32cube.ide.mcu.externaltools.gnu-tools-for-stm32.11.3.rel1.win32_1.1.1.202309131626/tools/bin/../lib/gcc/arm-none-eabi/11.3.1/../../../../arm-none-eabi/lib/thumb/v7-m/nofp/crt0.o (exit)
C:/ST/STM32CubeIDE_1.13.2/STM32CubeIDE/plugins/com.st.stm32cube.ide.mcu.externaltools.gnu-tools-for-stm32.11.3.rel1.win32_1.1.1.202309131626/tools/bin/../lib/gcc/arm-none-eabi/11.3.1/../../../../arm-none-eabi/lib/thumb/v7-m/nofp\libc_nano.a(libc_a-findfp.o)
                              C:/ST/STM32CubeIDE_1.13.2/STM32CubeIDE/plugins/com.st.stm32cube.ide.mcu.externaltools.gnu-tools-for-stm32.11.3.rel1.win32_1.1.1.202309131626/tools/bin/../lib/gcc/arm-none-eabi/11.3.1/../../../../arm-none-eabi/lib/thumb/v7-m/nofp\libc_nano.a(libc_a-exit.o) (__stdio_exit_handler)
C:/ST/STM32CubeIDE_1.13.2/STM32CubeIDE/plugins/com.st.stm32cube.ide.mcu.externaltools.gnu-tools-for-stm32.11.3.rel1.win32_1.1.1.202309131626/tools/bin/../lib/gcc/arm-none-eabi/11.3.1/../../../../arm-none-eabi/lib/thumb/v7-m/nofp\libc_nano.a(libc_a-fwalk.o)
                              C:/ST/STM32CubeIDE_1.13.2/STM32CubeIDE/plugins/com.st.stm32cube.ide.mcu.externaltools.gnu-tools-for-stm32.11.3.rel1.win32_1.1.1.202309131626/tools/bin/../lib/gcc/arm-none-eabi/11.3.1/../../../../arm-none-eabi/lib/thumb/v7-m/nofp\libc_nano.a(libc_a-findfp.o) (_fwalk_sglue)
C:/ST/STM32CubeIDE_1.13.2/STM32CubeIDE/plugins/com.st.stm32cube.ide.mcu.externaltools.gnu-tools-for-stm32.11.3.rel1.win32_1.1.1.202309131626/tools/bin/../lib/gcc/arm-none-eabi/11.3.1/../../../../arm-none-eabi/lib/thumb/v7-m/nofp\libc_nano.a(libc_a-stdio.o)
                              C:/ST/STM32CubeIDE_1.13.2/STM32CubeIDE/plugins/com.st.stm32cube.ide.mcu.externaltools.gnu-tools-for-stm32.11.3.rel1.win32_1.1.1.202309131626/tools/bin/../lib/gcc/arm-none-eabi/11.3.1/../../../../arm-none-eabi/lib/thumb/v7-m/nofp\libc_nano.a(libc_a-findfp.o) (__sread)
C:/ST/STM32CubeIDE_1.13.2/STM32CubeIDE/plugins/com.st.stm32cube.ide.mcu.externaltools.gnu-tools-for-stm32.11.3.rel1.win32_1.1.1.202309131626/tools/bin/../lib/gcc/arm-none-eabi/11.3.1/../../../../arm-none-eabi/lib/thumb/v7-m/nofp\libc_nano.a(libc_a-memset.o)
                              C:/ST/STM32CubeIDE_1.13.2/STM32CubeIDE/plugins/com.st.stm32cube.ide.mcu.externaltools.gnu-tools-for-stm32.11.3.rel1.win32_1.1.1.202309131626/tools/bin/../lib/gcc/arm-none-eabi/11.3.1/../../../../arm-none-eabi/lib/thumb/v7-m/nofp/crt0.o (memset)
C:/ST/STM32CubeIDE_1.13.2/STM32CubeIDE/plugins/com.st.stm32cube.ide.mcu.externaltools.gnu-tools-for-stm32.11.3.rel1.win32_1.1.1.202309131626/tools/bin/../lib/gcc/arm-none-eabi/11.3.1/../../../../arm-none-eabi/lib/thumb/v7-m/nofp\libc_nano.a(libc_a-closer.o)
                              C:/ST/STM32CubeIDE_1.13.2/STM32CubeIDE/plugins/com.st.stm32cube.ide.mcu.externaltools.gnu-tools-for-stm32.11.3.rel1.win32_1.1.1.202309131626/tools/bin/../lib/gcc/arm-none-eabi/11.3.1/../../../../arm-none-eabi/lib/thumb/v7-m/nofp\libc_nano.a(libc_a-stdio.o) (_close_r)
C:/ST/STM32CubeIDE_1.13.2/STM32CubeIDE/plugins/com.st.stm32cube.ide.mcu.externaltools.gnu-tools-for-stm32.11.3.rel1.win32_1.1.1.202309131626/tools/bin/../lib/gcc/arm-none-eabi/11.3.1/../../../../arm-none-eabi/lib/thumb/v7-m/nofp\libc_nano.a(libc_a-reent.o)
                              C:/ST/STM32CubeIDE_1.13.2/STM32CubeIDE/plugins/com.st.stm32cube.ide.mcu.externaltools.gnu-tools-for-stm32.11.3.rel1.win32_1.1.1.202309131626/tools/bin/../lib/gcc/arm-none-eabi/11.3.1/../../../../arm-none-eabi/lib/thumb/v7-m/nofp\libc_nano.a(libc_a-closer.o) (errno)
C:/ST/STM32CubeIDE_1.13.2/STM32CubeIDE/plugins/com.st.stm32cube.ide.mcu.externaltools.gnu-tools-for-stm32.11.3.rel1.win32_1.1.1.202309131626/tools/bin/../lib/gcc/arm-none-eabi/11.3.1/../../../../arm-none-eabi/lib/thumb/v7-m/nofp\libc_nano.a(libc_a-impure.o)
                              C:/ST/STM32CubeIDE_1.13.2/STM32CubeIDE/plugins/com.st.stm32cube.ide.mcu.externaltools.gnu-tools-for-stm32.11.3.rel1.win32_1.1.1.202309131626/tools/bin/../lib/gcc/arm-none-eabi/11.3.1/../../../../arm-none-eabi/lib/thumb/v7-m/nofp\libc_nano.a(libc_a-reent.o) (_impure_ptr)
C:/ST/STM32CubeIDE_1.13.2/STM32CubeIDE/plugins/com.st.stm32cube.ide.mcu.externaltools.gnu-tools-for-stm32.11.3.rel1.win32_1.1.1.202309131626/tools/bin/../lib/gcc/arm-none-eabi/11.3.1/../../../../arm-none-eabi/lib/thumb/v7-m/nofp\libc_nano.a(libc_a-lseekr.o)
[...]
Memory Configuration

Name             Origin             Length             Attributes
RAM              0x0000000020000000 0x0000000000005000 xrw
FLASH            0x0000000008000000 0x0000000000010000 xr
*default*        0x0000000000000000 0xffffffffffffffff

Linker script and memory map

LOAD C:/ST/STM32CubeIDE_1.13.2/STM32CubeIDE/plugins/com.st.stm32cube.ide.mcu.externaltools.gnu-tools-for-stm32.11.3.rel1.win32_1.1.1.202309131626/tools/bin/../lib/gcc/arm-none-eabi/11.3.1/thumb/v7-m/nofp/crti.o
LOAD C:/ST/STM32CubeIDE_1.13.2/STM32CubeIDE/plugins/com.st.stm32cube.ide.mcu.externaltools.gnu-tools-for-stm32.11.3.rel1.win32_1.1.1.202309131626/tools/bin/../lib/gcc/arm-none-eabi/11.3.1/thumb/v7-m/nofp/crtbegin.o
LOAD C:/ST/STM32CubeIDE_1.13.2/STM32CubeIDE/plugins/com.st.stm32cube.ide.mcu.externaltools.gnu-tools-for-stm32.11.3.rel1.win32_1.1.1.202309131626/tools/bin/../lib/gcc/arm-none-eabi/11.3.1/../../../../arm-none-eabi/lib/thumb/v7-m/nofp/crt0.o
LOAD ./Inc/RTOS/Source/croutine.o
LOAD ./Inc/RTOS/Source/event_groups.o
LOAD ./Inc/RTOS/Source/list.o
LOAD ./Inc/RTOS/Source/queue.o
LOAD ./Inc/RTOS/Source/stream_buffer.o
LOAD ./Inc/RTOS/Source/tasks.o
LOAD ./Inc/RTOS/Source/timers.o
LOAD ./Inc/RTOS/Source/portable/GCC/ARM_CM3/port.o
LOAD ./Inc/RTOS/Source/portable/MemMang/heap_4.o
LOAD ./Src/APP/APP_Program.o
LOAD ./Src/HAL/LCD/LCD_Program.o
LOAD ./Src/MCAL/CAN/CAN_Program.o
LOAD ./Src/MCAL/GPIO/GPIO_Program.o
LOAD ./Src/MCAL/NVIC/NVIC_program.o
LOAD ./Src/MCAL/RCC/RCC_Program.o
LOAD ./Src/MCAL/STK/STK_program.o
LOAD ./Src/MCAL/UART/UART_Program.o
LOAD ./Src/main.o
LOAD ./Src/syscalls.o
LOAD ./Src/sysmem.o
LOAD ./Startup/startup_stm32f103c8tx.o
START GROUP
LOAD C:/ST/STM32CubeIDE_1.13.2/STM32CubeIDE/plugins/com.st.stm32cube.ide.mcu.externaltools.gnu-tools-for-stm32.11.3.rel1.win32_1.1.1.202309131626/tools/bin/../lib/gcc/arm-none-eabi/11.3.1/../../../../arm-none-eabi/lib/thumb/v7-m/nofp\libc_nano.a
LOAD C:/ST/STM32CubeIDE_1.13.2/STM32CubeIDE/plugins/com.st.stm32cube.ide.mcu.externaltools.gnu-tools-for-stm32.11.3.rel1.win32_1.1.1.202309131626/tools/bin/../lib/gcc/arm-none-eabi/11.3.1/../../../../arm-none-eabi/lib/thumb/v7-m/nofp\libm.a
END GROUP
START GROUP
LOAD C:/ST/STM32CubeIDE_1.13.2/STM32CubeIDE/plugins/com.st.stm32cube.ide.mcu.externaltools.gnu-tools-for-stm32.11.3.rel1.win32_1.1.1.202309131626/tools/bin/../lib/gcc/arm-none-eabi/11.3.1/thumb/v7-m/nofp\libgcc.a
LOAD C:/ST/STM32CubeIDE_1.13.2/STM32CubeIDE/plugins/com.st.stm32cube.ide.mcu.externaltools.gnu-tools-for-stm32.11.3.rel1.win32_1.1.1.202309131626/tools/bin/../lib/gcc/arm-none-eabi/11.3.1/../../../../arm-none-eabi/lib/thumb/v7-m/nofp\libc_nano.a
END GROUP
START GROUP
LOAD C:/ST/STM32CubeIDE_1.13.2/STM32CubeIDE/plugins/com.st.stm32cube.ide.mcu.externaltools.gnu-tools-for-stm32.11.3.rel1.win32_1.1.1.202309131626/tools/bin/../lib/gcc/arm-none-eabi/11.3.1/thumb/v7-m/nofp\libgcc.a
LOAD C:/ST/STM32CubeIDE_1.13.2/STM32CubeIDE/plugins/com.st.stm32cube.ide.mcu.externaltools.gnu-tools-for-stm32.11.3.rel1.win32_1.1.1.202309131626/tools/bin/../lib/gcc/arm-none-eabi/11.3.1/../../../../arm-none-eabi/lib/thumb/v7-m/nofp\libc_nano.a
LOAD C:/ST/STM32CubeIDE_1.13.2/STM32CubeIDE/plugins/com.st.stm32cube.ide.mcu.externaltools.gnu-tools-for-stm32.11.3.rel1.win32_1.1.1.202309131626/tools/bin/../lib/gcc/arm-none-eabi/11.3.1/../../../../arm-none-eabi/lib/thumb/v7-m/nofp\libnosys.a
END GROUP
START GROUP
LOAD C:/ST/STM32CubeIDE_1.13.2/STM32CubeIDE/plugins/com.st.stm32cube.ide.mcu.externaltools.gnu-tools-for-stm32.11.3.rel1.win32_1.1.1.202309131626/tools/bin/../lib/gcc/arm-none-eabi/11.3.1/thumb/v7-m/nofp\libgcc.a
LOAD C:/ST/STM32CubeIDE_1.13.2/STM32CubeIDE/plugins/com.st.stm32cube.ide.mcu.externaltools.gnu-tools-for-stm32.11.3.rel1.win32_1.1.1.202309131626/tools/bin/../lib/gcc/arm-none-eabi/11.3.1/../../../../arm-none-eabi/lib/thumb/v7-m/nofp\libc_nano.a
LOAD C:/ST/STM32CubeIDE_1.13.2/STM32CubeIDE/plugins/com.st.stm32cube.ide.mcu.externaltools.gnu-tools-for-stm32.11.3.rel1.win32_1.1.1.202309131626/tools/bin/../lib/gcc/arm-none-eabi/11.3.1/../../../../arm-none-eabi/lib/thumb/v7-m/nofp\libnosys.a
END GROUP
LOAD C:/ST/STM32CubeIDE_1.13.2/STM32CubeIDE/plugins/com.st.stm32cube.ide.mcu.externaltools.gnu-tools-for-stm32.11.3.rel1.win32_1.1.1.202309131626/tools/bin/../lib/gcc/arm-none-eabi/11.3.1/thumb/v7-m/nofp/crtend.o
LOAD C:/ST/STM32CubeIDE_1.13.2/STM32CubeIDE/plugins/com.st.stm32cube.ide.mcu.externaltools.gnu-tools-for-stm32.11.3.rel1.win32_1.1.1.202309131626/tools/bin/../lib/gcc/arm-none-eabi/11.3.1/thumb/v7-m/nofp/crtn.o
                0x0000000020005000                _estack = (ORIGIN (RAM) + LENGTH (RAM))
                0x0000000000000200                _Min_Heap_Size = 0x200
                0x0000000000000400                _Min_Stack_Size = 0x400

.isr_vector     0x0000000008000000      0x130
                0x0000000008000000                . = ALIGN (0x4)
 *(.isr_vector)
 .isr_vector    0x0000000008000000      0x130 ./Startup/startup_stm32f103c8tx.o
                0x0000000008000000                g_pfnVectors
                0x0000000008000130                . = ALIGN (0x4)

.text           0x0000000008000130     0x1e80
                0x0000000008000130                . = ALIGN (0x4)
 *(.text)
 .text          0x0000000008000130       0x40 C:/ST/STM32CubeIDE_1.13.2/STM32CubeIDE/plugins/com.st.stm32cube.ide.mcu.externaltools.gnu-tools-for-stm32.11.3.rel1.win32_1.1.1.202309131626/tools/bin/../lib/gcc/arm-none-eabi/11.3.1/thumb/v7-m/nofp/crtbegin.o
 *(.text*)
 .text.vListInitialise
                0x0000000008000170       0x3e ./Inc/RTOS/Source/list.o
                0x0000000008000170                vListInitialise
 .text.vListInitialiseItem
                0x00000000080001ae       0x18 ./Inc/RTOS/Source/list.o
                0x00000000080001ae                vListInitialiseItem
 .text.vListInsertEnd
                0x00000000080001c6       0x46 ./Inc/RTOS/Source/list.o
                0x00000000080001c6                vListInsertEnd
 .text.uxListRemove
                0x000000000800020c       0x52 ./Inc/RTOS/Source/list.o
                0x000000000800020c                uxListRemove
 .text.xTaskCreate
                0x000000000800025e       0x82 ./Inc/RTOS/Source/tasks.o
                0x000000000800025e                xTaskCreate
 .text.prvInitialiseNewTask
                0x00000000080002e0       0xee ./Inc/RTOS/Source/tasks.o
 *fill*         0x00000000080003ce        0x2 
 .text.prvAddNewTaskToReadyList
                0x00000000080003d0       0xb8 ./Inc/RTOS/Source/tasks.o
 .text.vTaskSuspend
                0x0000000008000488      0x104 ./Inc/RTOS/Source/tasks.o
                0x0000000008000488                vTaskSuspend
 .text.prvTaskIsTaskSuspended
                0x000000000800058c       0x44 ./Inc/RTOS/Source/tasks.o
 .text.vTaskResume
                0x00000000080005d0       0x80 ./Inc/RTOS/Source/tasks.o
                0x00000000080005d0                vTaskResume
 .text.vTaskStartScheduler
                0x0000000008000650       0x70 ./Inc/RTOS/Source/tasks.o
                0x0000000008000650                vTaskStartScheduler
 .text.vTaskSuspendAll
                0x00000000080006c0       0x1c ./Inc/RTOS/Source/tasks.o
                0x00000000080006c0                vTaskSuspendAll
 .text.xTaskResumeAll
                0x00000000080006dc      0x100 ./Inc/RTOS/Source/tasks.o
                0x00000000080006dc                xTaskResumeAll
 .text.xTaskIncrementTick
                0x00000000080007dc      0x10c ./Inc/RTOS/Source/tasks.o
                0x00000000080007dc                xTaskIncrementTick
 .text.vTaskSwitchContext
                0x00000000080008e8       0x8c ./Inc/RTOS/Source/tasks.o
                0x00000000080008e8                vTaskSwitchContext
 .text.prvIdleTask
                0x0000000008000974       0x24 ./Inc/RTOS/Source/tasks.o
 .text.prvInitialiseTaskLists
                0x0000000008000998       0x80 ./Inc/RTOS/Source/tasks.o
 .text.prvCheckTasksWaitingTermination
                0x0000000008000a18       0x5c ./Inc/RTOS/Source/tasks.o
 .text.prvDeleteTCB
                0x0000000008000a74       0x20 ./Inc/RTOS/Source/tasks.o
 .text.prvResetNextTaskUnblockTime
                0x0000000008000a94       0x40 ./Inc/RTOS/Source/tasks.o
 .text.pxPortInitialiseStack
                0x0000000008000ad4       0x58 ./Inc/RTOS/Source/portable/GCC/ARM_CM3/port.o
                0x0000000008000ad4                pxPortInitialiseStack
 .text.prvTaskExitError
                0x0000000008000b2c       0x32 ./Inc/RTOS/Source/portable/GCC/ARM_CM3/port.o
 *fill*         0x0000000008000b5e        0x2 
 .text.SVC_Handler
                0x0000000008000b60       0x28 ./Inc/RTOS/Source/portable/GCC/ARM_CM3/port.o
                0x0000000008000b60                SVC_Handler
 .text.prvPortStartFirstTask
                0x0000000008000b88       0x20 ./Inc/RTOS/Source/portable/GCC/ARM_CM3/port.o
 .text.xPortStartScheduler
                0x0000000008000ba8       0x40 ./Inc/RTOS/Source/portable/GCC/ARM_CM3/port.o
                0x0000000008000ba8                xPortStartScheduler
 .text.vPortEnterCritical
                0x0000000008000be8       0x34 ./Inc/RTOS/Source/portable/GCC/ARM_CM3/port.o
                0x0000000008000be8                vPortEnterCritical
 .text.vPortExitCritical
                0x0000000008000c1c       0x34 ./Inc/RTOS/Source/portable/GCC/ARM_CM3/port.o
                0x0000000008000c1c                vPortExitCritical
 .text.PendSV_Handler
                0x0000000008000c50       0x48 ./Inc/RTOS/Source/portable/GCC/ARM_CM3/port.o
                0x0000000008000c50                PendSV_Handler
 .text.SysTick_Handler
                0x0000000008000c98       0x44 ./Inc/RTOS/Source/portable/GCC/ARM_CM3/port.o
                0x0000000008000c98                SysTick_Handler
 .text.vPortSetupTimerInterrupt
                0x0000000008000cdc       0x34 ./Inc/RTOS/Source/portable/GCC/ARM_CM3/port.o
                0x0000000008000cdc                vPortSetupTimerInterrupt
 .text.pvPortMalloc
                0x0000000008000d10      0x134 ./Inc/RTOS/Source/portable/MemMang/heap_4.o
                0x0000000008000d10                pvPortMalloc
 .text.vPortFree
                0x0000000008000e44       0x80 ./Inc/RTOS/Source/portable/MemMang/heap_4.o
                0x0000000008000e44                vPortFree
 .text.prvHeapInit
                0x0000000008000ec4       0xc4 ./Inc/RTOS/Source/portable/MemMang/heap_4.o
 .text.prvInsertBlockIntoFreeList
                0x0000000008000f88       0xb0 ./Inc/RTOS/Source/portable/MemMang/heap_4.o
 .text.IntToString
                0x0000000008001038       0xa0 ./Src/HAL/LCD/LCD_Program.o
                0x0000000008001038                IntToString
 .text.CAN_voidInit
                0x00000000080010d8       0xa8 ./Src/MCAL/CAN/CAN_Program.o
                0x00000000080010d8                CAN_voidInit
 .text.CAN_voidAddTxMsg
                0x0000000008001180      0x160 ./Src/MCAL/CAN/CAN_Program.o
                0x0000000008001180                CAN_voidAddTxMsg
 .text.CAN_voidStart
                0x00000000080012e0       0x2c ./Src/MCAL/CAN/CAN_Program.o
                0x00000000080012e0                CAN_voidStart
 .text.CAN_voidGetRxMsg
                0x000000000800130c      0x154 ./Src/MCAL/CAN/CAN_Program.o
                0x000000000800130c                CAN_voidGetRxMsg
 .text.CAN_voidRXPending
                0x0000000008001460       0x38 ./Src/MCAL/CAN/CAN_Program.o
                0x0000000008001460                CAN_voidRXPending
 .text.CAN_voidConfigFilter
                0x0000000008001498      0x1a0 ./Src/MCAL/CAN/CAN_Program.o
                0x0000000008001498                CAN_voidConfigFilter
 .text.GPIO_voidSetPinMode
                0x0000000008001638      0x17c ./Src/MCAL/GPIO/GPIO_Program.o
                0x0000000008001638                GPIO_voidSetPinMode
 .text.GPIO_voidSetPinValue
                0x00000000080017b4       0xbc ./Src/MCAL/GPIO/GPIO_Program.o
                0x00000000080017b4                GPIO_voidSetPinValue
 .text.NVIC_voidEnableInterrupt
                0x0000000008001870       0x54 ./Src/MCAL/NVIC/NVIC_program.o
                0x0000000008001870                NVIC_voidEnableInterrupt
 .text.RCC_voidInitSystemClock
                0x00000000080018c4       0x34 ./Src/MCAL/RCC/RCC_Program.o
                0x00000000080018c4                RCC_voidInitSystemClock
 .text.RCC_voidEnablePeripheralClock
                0x00000000080018f8       0x7c ./Src/MCAL/RCC/RCC_Program.o
                0x00000000080018f8                RCC_voidEnablePeripheralClock
 .text.USART_voidInit
                0x0000000008001974       0x7c ./Src/MCAL/UART/UART_Program.o
                0x0000000008001974                USART_voidInit
 .text.USART_RX_InterruptEnable
                0x00000000080019f0       0x30 ./Src/MCAL/UART/UART_Program.o
                0x00000000080019f0                USART_RX_InterruptEnable
 .text.USART_voidTransmitSynch
                0x0000000008001a20       0x5c ./Src/MCAL/UART/UART_Program.o
                0x0000000008001a20                USART_voidTransmitSynch
 .text.USART_voidTransmitCharSynch
                0x0000000008001a7c       0x40 ./Src/MCAL/UART/UART_Program.o
                0x0000000008001a7c                USART_voidTransmitCharSynch
 .text.USART1_void_SetCallBack
                0x0000000008001abc       0x1c ./Src/MCAL/UART/UART_Program.o
                0x0000000008001abc                USART1_void_SetCallBack
 .text.USART1_IRQHandler
                0x0000000008001ad8       0x24 ./Src/MCAL/UART/UART_Program.o
                0x0000000008001ad8                USART1_IRQHandler
 .text.USART_ReceiveNoBlock
                0x0000000008001afc       0x24 ./Src/MCAL/UART/UART_Program.o
                0x0000000008001afc                USART_ReceiveNoBlock
 .text.Main_voidAppClockInit
                0x0000000008001b20       0x9c ./Src/main.o
                0x0000000008001b20                Main_voidAppClockInit
 .text.CAN_TX   0x0000000008001bbc       0x30 ./Src/main.o
                0x0000000008001bbc                CAN_TX
 .text.CAN_RX   0x0000000008001bec       0x84 ./Src/main.o
                0x0000000008001bec                CAN_RX
 .text.Std_id_High
                0x0000000008001c70       0x1a ./Src/main.o
                0x0000000008001c70                Std_id_High
 .text.CAN_FilterConfig
                0x0000000008001c8a       0x42 ./Src/main.o
                0x0000000008001c8a                CAN_FilterConfig
 .text.USART_RXCallback
                0x0000000008001ccc      0x12c ./Src/main.o
                0x0000000008001ccc                USART_RXCallback
 .text.main     0x0000000008001df8       0x78 ./Src/main.o
                0x0000000008001df8                main
 .text.vTask_CAN_TX
                0x0000000008001e70       0x34 ./Src/main.o
                0x0000000008001e70                vTask_CAN_TX
 .text.vTask_CAN_RX
                0x0000000008001ea4       0x58 ./Src/main.o
                0x0000000008001ea4                vTask_CAN_RX
 .text.Reset_Handler
                0x0000000008001efc       0x50 ./Startup/startup_stm32f103c8tx.o
                0x0000000008001efc                Reset_Handler
 .text.Default_Handler
                0x0000000008001f4c        0x2 ./Startup/startup_stm32f103c8tx.o
                0x0000000008001f4c                EXTI2_IRQHandler
                0x0000000008001f4c                TIM8_TRG_COM_IRQHandler
                0x0000000008001f4c                TIM8_CC_IRQHandler
                0x0000000008001f4c                DebugMon_Handler
                0x0000000008001f4c                TIM1_CC_IRQHandler
                0x0000000008001f4c                HardFault_Handler
                0x0000000008001f4c                TIM6_IRQHandler
                0x0000000008001f4c                PVD_IRQHandler
                0x0000000008001f4c                SDIO_IRQHandler
                0x0000000008001f4c                NMI_Handler
                0x0000000008001f4c                EXTI3_IRQHandler
                0x0000000008001f4c                USB_HP_CAN_TX_IRQHandler
                0x0000000008001f4c                EXTI0_IRQHandler
                0x0000000008001f4c                I2C2_EV_IRQHandler
                0x0000000008001f4c                UsageFault_Handler
                0x0000000008001f4c                ADC1_2_IRQHandler
                0x0000000008001f4c                SPI1_IRQHandler
                0x0000000008001f4c                CAN_SCE_IRQHandler
                0x0000000008001f4c                TAMPER_IRQHandler
                0x0000000008001f4c                TIM8_UP_IRQHandler
                0x0000000008001f4c                DMA2_Channel2_IRQHandler
                0x0000000008001f4c                DMA1_Channel4_IRQHandler
                0x0000000008001f4c                USART3_IRQHandler
                0x0000000008001f4c                RTC_IRQHandler
                0x0000000008001f4c                DMA1_Channel7_IRQHandler
                0x0000000008001f4c                UART5_IRQHandler
                0x0000000008001f4c                ADC3_IRQHandler
                0x0000000008001f4c                TIM4_IRQHandler
                0x0000000008001f4c                CAN_RX1_IRQHandler
                0x0000000008001f4c                DMA2_Channel1_IRQHandler
                0x0000000008001f4c                I2C1_EV_IRQHandler
                0x0000000008001f4c                DMA1_Channel6_IRQHandler
                0x0000000008001f4c                UART4_IRQHandler
                0x0000000008001f4c                TIM3_IRQHandler
                0x0000000008001f4c                RCC_IRQHandler
                0x0000000008001f4c                TIM1_TRG_COM_IRQHandler
                0x0000000008001f4c                DMA1_Channel1_IRQHandler
                0x0000000008001f4c                Default_Handler
                0x0000000008001f4c                EXTI15_10_IRQHandler
                0x0000000008001f4c                TIM7_IRQHandler
                0x0000000008001f4c                TIM5_IRQHandler
                0x0000000008001f4c                EXTI9_5_IRQHandler
                0x0000000008001f4c                SPI2_IRQHandler
                0x0000000008001f4c                USB_LP_CAN_RX0_IRQHandler
                0x0000000008001f4c                MemManage_Handler
                0x0000000008001f4c                DMA1_Channel5_IRQHandler
                0x0000000008001f4c                EXTI4_IRQHandler
                0x0000000008001f4c                DMA1_Channel3_IRQHandler
                0x0000000008001f4c                FSMC_IRQHandler
                0x0000000008001f4c                TIM1_UP_IRQHandler
                0x0000000008001f4c                WWDG_IRQHandler
                0x0000000008001f4c                TIM2_IRQHandler
                0x0000000008001f4c                TIM1_BRK_IRQHandler
                0x0000000008001f4c                EXTI1_IRQHandler
                0x0000000008001f4c                RTCAlarm_IRQHandler
                0x0000000008001f4c                DMA2_Channel4_5_IRQHandler
                0x0000000008001f4c                USART2_IRQHandler
                0x0000000008001f4c                I2C2_ER_IRQHandler
                0x0000000008001f4c                DMA1_Channel2_IRQHandler
                0x0000000008001f4c                TIM8_BRK_IRQHandler
                0x0000000008001f4c                FLASH_IRQHandler
                0x0000000008001f4c                BusFault_Handler
                0x0000000008001f4c                SPI3_IRQHandler
                0x0000000008001f4c                I2C1_ER_IRQHandler
                0x0000000008001f4c                DMA2_Channel3_IRQHandler
 *fill*         0x0000000008001f4e        0x2 
 .text.__libc_init_array
                0x0000000008001f50       0x48 C:/ST/STM32CubeIDE_1.13.2/STM32CubeIDE/plugins/com.st.stm32cube.ide.mcu.externaltools.gnu-tools-for-stm32.11.3.rel1.win32_1.1.1.202309131626/tools/bin/../lib/gcc/arm-none-eabi/11.3.1/../../../../arm-none-eabi/lib/thumb/v7-m/nofp\libc_nano.a(libc_a-init.o)
                0x0000000008001f50                __libc_init_array
 *(.glue_7)
 .glue_7        0x0000000008001f98        0x0 linker stubs
 *(.glue_7t)
 .glue_7t       0x0000000008001f98        0x0 linker stubs
 *(.eh_frame)
 .eh_frame      0x0000000008001f98        0x0 C:/ST/STM32CubeIDE_1.13.2/STM32CubeIDE/plugins/com.st.stm32cube.ide.mcu.externaltools.gnu-tools-for-stm32.11.3.rel1.win32_1.1.1.202309131626/tools/bin/../lib/gcc/arm-none-eabi/11.3.1/thumb/v7-m/nofp/crtbegin.o
 *(.init)
 .init          0x0000000008001f98        0x4 C:/ST/STM32CubeIDE_1.13.2/STM32CubeIDE/plugins/com.st.stm32cube.ide.mcu.externaltools.gnu-tools-for-stm32.11.3.rel1.win32_1.1.1.202309131626/tools/bin/../lib/gcc/arm-none-eabi/11.3.1/thumb/v7-m/nofp/crti.o
                0x0000000008001f98                _init
 .init          0x0000000008001f9c        0x8 C:/ST/STM32CubeIDE_1.13.2/STM32CubeIDE/plugins/com.st.stm32cube.ide.mcu.externaltools.gnu-tools-for-stm32.11.3.rel1.win32_1.1.1.202309131626/tools/bin/../lib/gcc/arm-none-eabi/11.3.1/thumb/v7-m/nofp/crtn.o
 *(.fini)
 .fini          0x0000000008001fa4        0x4 C:/ST/STM32CubeIDE_1.13.2/STM32CubeIDE/plugins/com.st.stm32cube.ide.mcu.externaltools.gnu-tools-for-stm32.11.3.rel1.win32_1.1.1.202309131626/tools/bin/../lib/gcc/arm-none-eabi/11.3.1/thumb/v7-m/nofp/crti.o
                0x0000000008001fa4                _fini
 .fini          0x0000000008001fa8        0x8 C:/ST/STM32CubeIDE_1.13.2/STM32CubeIDE/plugins/com.st.stm32cube.ide.mcu.externaltools.gnu-tools-for-stm32.11.3.rel1.win32_1.1.1.202309131626/tools/bin/../lib/gcc/arm-none-eabi/11.3.1/thumb/v7-m/nofp/crtn.o
                0x0000000008001fb0                . = ALIGN (0x4)
                0x0000000008001fb0                _etext = .

.vfp11_veneer   0x0000000008001fb0        0x0
 .vfp11_veneer  0x0000000008001fb0        0x0 linker stubs

.v4_bx          0x0000000008001fb0        0x0
 .v4_bx         0x0000000008001fb0        0x0 linker stubs

.iplt           0x0000000008001fb0        0x0
 .iplt          0x0000000008001fb0        0x0 C:/ST/STM32CubeIDE_1.13.2/STM32CubeIDE/plugins/com.st.stm32cube.ide.mcu.externaltools.gnu-tools-for-stm32.11.3.rel1.win32_1.1.1.202309131626/tools/bin/../lib/gcc/arm-none-eabi/11.3.1/thumb/v7-m/nofp/crtbegin.o

.rodata         0x0000000008001fb0       0x18
                0x0000000008001fb0                . = ALIGN (0x4)
 *(.rodata)
 .rodata        0x0000000008001fb0        0x5 ./Inc/RTOS/Source/tasks.o
 *fill*         0x0000000008001fb5        0x3 
 .rodata        0x0000000008001fb8        0xf ./Src/main.o
 *(.rodata*)
                0x0000000008001fc8                . = ALIGN (0x4)
 *fill*         0x0000000008001fc7        0x1 

.rel.dyn        0x0000000008001fc8        0x0
 .rel.iplt      0x0000000008001fc8        0x0 C:/ST/STM32CubeIDE_1.13.2/STM32CubeIDE/plugins/com.st.stm32cube.ide.mcu.externaltools.gnu-tools-for-stm32.11.3.rel1.win32_1.1.1.202309131626/tools/bin/../lib/gcc/arm-none-eabi/11.3.1/thumb/v7-m/nofp/crtbegin.o

.ARM.extab      0x0000000008001fc8        0x0
                0x0000000008001fc8                . = ALIGN (0x4)
 *(.ARM.extab* .gnu.linkonce.armextab.*)
                0x0000000008001fc8                . = ALIGN (0x4)

.ARM            0x0000000008001fc8        0x0
                0x0000000008001fc8                . = ALIGN (0x4)
                0x0000000008001fc8                __exidx_start = .
 *(.ARM.exidx*)
                0x0000000008001fc8                __exidx_end = .
                0x0000000008001fc8                . = ALIGN (0x4)

.preinit_array  0x0000000008001fc8        0x0
                0x0000000008001fc8                . = ALIGN (0x4)
                0x0000000008001fc8                PROVIDE (__preinit_array_start = .)
 *(.preinit_array*)
                0x0000000008001fc8                PROVIDE (__preinit_array_end = .)
                0x0000000008001fc8                . = ALIGN (0x4)

.init_array     0x0000000008001fc8        0x4
                0x0000000008001fc8                . = ALIGN (0x4)
                0x0000000008001fc8                PROVIDE (__init_array_start = .)
 *(SORT_BY_NAME(.init_array.*))
 *(.init_array*)
 .init_array    0x0000000008001fc8        0x4 C:/ST/STM32CubeIDE_1.13.2/STM32CubeIDE/plugins/com.st.stm32cube.ide.mcu.externaltools.gnu-tools-for-stm32.11.3.rel1.win32_1.1.1.202309131626/tools/bin/../lib/gcc/arm-none-eabi/11.3.1/thumb/v7-m/nofp/crtbegin.o
                0x0000000008001fcc                PROVIDE (__init_array_end = .)
                0x0000000008001fcc                . = ALIGN (0x4)

.fini_array     0x0000000008001fcc        0x4
                0x0000000008001fcc                . = ALIGN (0x4)
                [!provide]                        PROVIDE (__fini_array_start = .)
 *(SORT_BY_NAME(.fini_array.*))
 *(.fini_array*)
 .fini_array    0x0000000008001fcc        0x4 C:/ST/STM32CubeIDE_1.13.2/STM32CubeIDE/plugins/com.st.stm32cube.ide.mcu.externaltools.gnu-tools-for-stm32.11.3.rel1.win32_1.1.1.202309131626/tools/bin/../lib/gcc/arm-none-eabi/11.3.1/thumb/v7-m/nofp/crtbegin.o
                [!provide]                        PROVIDE (__fini_array_end = .)
                0x0000000008001fd0                . = ALIGN (0x4)
                0x0000000008001fd0                _sidata = LOADADDR (.data)

.data           0x0000000020000000       0x24 load address 0x0000000008001fd0
                0x0000000020000000                . = ALIGN (0x4)
                0x0000000020000000                _sdata = .
 *(.data)
 *(.data*)
 .data.uxCriticalNesting
                0x0000000020000000        0x4 ./Inc/RTOS/Source/portable/GCC/ARM_CM3/port.o
 .data.USARTNumbers
                0x0000000020000004       0x14 ./Src/MCAL/UART/UART_Program.o
 .data.ch1      0x0000000020000018        0x1 ./Src/main.o
                0x0000000020000018                ch1
 *fill*         0x0000000020000019        0x3 
 .data.Device_Status
                0x000000002000001c        0x8 ./Src/main.o
 *(.RamFunc)
 *(.RamFunc*)
                0x0000000020000024                . = ALIGN (0x4)
                0x0000000020000024                _edata = .

.igot.plt       0x0000000020000024        0x0 load address 0x0000000008001ff4
 .igot.plt      0x0000000020000024        0x0 C:/ST/STM32CubeIDE_1.13.2/STM32CubeIDE/plugins/com.st.stm32cube.ide.mcu.externaltools.gnu-tools-for-stm32.11.3.rel1.win32_1.1.1.202309131626/tools/bin/../lib/gcc/arm-none-eabi/11.3.1/thumb/v7-m/nofp/crtbegin.o
                0x0000000020000024                . = ALIGN (0x4)

.bss            0x0000000020000024     0x4554 load address 0x0000000008001ff4
                0x0000000020000024                _sbss = .
                0x0000000020000024                __bss_start__ = _sbss
 *(.bss)
 .bss           0x0000000020000024       0x1c C:/ST/STM32CubeIDE_1.13.2/STM32CubeIDE/plugins/com.st.stm32cube.ide.mcu.externaltools.gnu-tools-for-stm32.11.3.rel1.win32_1.1.1.202309131626/tools/bin/../lib/gcc/arm-none-eabi/11.3.1/thumb/v7-m/nofp/crtbegin.o
 *(.bss*)
 .bss.pxCurrentTCB
                0x0000000020000040        0x4 ./Inc/RTOS/Source/tasks.o
                0x0000000020000040                pxCurrentTCB
 .bss.pxReadyTasksLists
                0x0000000020000044       0x64 ./Inc/RTOS/Source/tasks.o
 .bss.xDelayedTaskList1
                0x00000000200000a8       0x14 ./Inc/RTOS/Source/tasks.o
 .bss.xDelayedTaskList2
                0x00000000200000bc       0x14 ./Inc/RTOS/Source/tasks.o
 .bss.pxDelayedTaskList
                0x00000000200000d0        0x4 ./Inc/RTOS/Source/tasks.o
 .bss.pxOverflowDelayedTaskList
                0x00000000200000d4        0x4 ./Inc/RTOS/Source/tasks.o
 .bss.xPendingReadyList
                0x00000000200000d8       0x14 ./Inc/RTOS/Source/tasks.o
 .bss.xTasksWaitingTermination
                0x00000000200000ec       0x14 ./Inc/RTOS/Source/tasks.o
 .bss.uxDeletedTasksWaitingCleanUp
                0x0000000020000100        0x4 ./Inc/RTOS/Source/tasks.o
 .bss.xSuspendedTaskList
                0x0000000020000104       0x14 ./Inc/RTOS/Source/tasks.o
 .bss.uxCurrentNumberOfTasks
                0x0000000020000118        0x4 ./Inc/RTOS/Source/tasks.o
 .bss.xTickCount
                0x000000002000011c        0x4 ./Inc/RTOS/Source/tasks.o
 .bss.uxTopReadyPriority
                0x0000000020000120        0x4 ./Inc/RTOS/Source/tasks.o
 .bss.xSchedulerRunning
                0x0000000020000124        0x4 ./Inc/RTOS/Source/tasks.o
 .bss.xPendedTicks
                0x0000000020000128        0x4 ./Inc/RTOS/Source/tasks.o
 .bss.xYieldPending
                0x000000002000012c        0x4 ./Inc/RTOS/Source/tasks.o
 .bss.xNumOfOverflows
                0x0000000020000130        0x4 ./Inc/RTOS/Source/tasks.o
 .bss.uxTaskNumber
                0x0000000020000134        0x4 ./Inc/RTOS/Source/tasks.o
 .bss.xNextTaskUnblockTime
                0x0000000020000138        0x4 ./Inc/RTOS/Source/tasks.o
 .bss.xIdleTaskHandle
                0x000000002000013c        0x4 ./Inc/RTOS/Source/tasks.o
 .bss.uxSchedulerSuspended
                0x0000000020000140        0x4 ./Inc/RTOS/Source/tasks.o
 .bss.ucHeap    0x0000000020000144     0x4400 ./Inc/RTOS/Source/portable/MemMang/heap_4.o
 .bss.xStart    0x0000000020004544        0x8 ./Inc/RTOS/Source/portable/MemMang/heap_4.o
 .bss.pxEnd     0x000000002000454c        0x4 ./Inc/RTOS/Source/portable/MemMang/heap_4.o
 .bss.xFreeBytesRemaining
                0x0000000020004550        0x4 ./Inc/RTOS/Source/portable/MemMang/heap_4.o
 .bss.xMinimumEverFreeBytesRemaining
                0x0000000020004554        0x4 ./Inc/RTOS/Source/portable/MemMang/heap_4.o
 .bss.xNumberOfSuccessfulAllocations
                0x0000000020004558        0x4 ./Inc/RTOS/Source/portable/MemMang/heap_4.o
 .bss.xNumberOfSuccessfulFrees
                0x000000002000455c        0x4 ./Inc/RTOS/Source/portable/MemMang/heap_4.o
 .bss.xBlockAllocatedBit
                0x0000000020004560        0x4 ./Inc/RTOS/Source/portable/MemMang/heap_4.o
 .bss.USART1_RXCallBack
                0x0000000020004564        0x4 ./Src/MCAL/UART/UART_Program.o
                0x0000000020004564                USART1_RXCallBack
 .bss.counter   0x0000000020004568        0x1 ./Src/main.o
                0x0000000020004568                counter
 *fill*         0x0000000020004569        0x3 
 .bss.xTask_1   0x000000002000456c        0x4 ./Src/main.o
                0x000000002000456c                xTask_1
 .bss.xTask_2   0x0000000020004570        0x4 ./Src/main.o
                0x0000000020004570                xTask_2
 .bss.Globaleu8Data
                0x0000000020004574        0x3 ./Src/main.o
                0x0000000020004574                Globaleu8Data
 *(COMMON)
                0x0000000020004578                . = ALIGN (0x4)
 *fill*         0x0000000020004577        0x1 
                0x0000000020004578                _ebss = .
                0x0000000020004578                __bss_end__ = _ebss

._user_heap_stack
                0x0000000020004578      0x600 load address 0x0000000008001ff4
                0x0000000020004578                . = ALIGN (0x8)
                [!provide]                        PROVIDE (end = .)
                0x0000000020004578                PROVIDE (_end = .)
                0x0000000020004778                . = (. + _Min_Heap_Size)
 *fill*         0x0000000020004578      0x200 
                0x0000000020004b78                . = (. + _Min_Stack_Size)
 *fill*         0x0000000020004778      0x400 
                0x0000000020004b78                . = ALIGN (0x8)

/DISCARD/
 libc.a(*)
 libm.a(*)
 libgcc.a(*)

.ARM.attributes
                0x0000000000000000       0x29
 *(.ARM.attributes)
 .ARM.attributes
                0x0000000000000000       0x1d C:/ST/STM32CubeIDE_1.13.2/STM32CubeIDE/plugins/com.st.stm32cube.ide.mcu.externaltools.gnu-tools-for-stm32.11.3.rel1.win32_1.1.1.202309131626/tools/bin/../lib/gcc/arm-none-eabi/11.3.1/thumb/v7-m/nofp/crti.o
 .ARM.attributes
                0x000000000000001d       0x2d C:/ST/STM32CubeIDE_1.13.2/STM32CubeIDE/plugins/com.st.stm32cube.ide.mcu.externaltools.gnu-tools-for-stm32.11.3.rel1.win32_1.1.1.202309131626/tools/bin/../lib/gcc/arm-none-eabi/11.3.1/thumb/v7-m/nofp/crtbegin.o
 .ARM.attributes
                0x000000000000004a       0x2d ./Inc/RTOS/Source/list.o
 .ARM.attributes
                0x0000000000000077       0x2d ./Inc/RTOS/Source/tasks.o
 .ARM.attributes
                0x00000000000000a4       0x2d ./Inc/RTOS/Source/portable/GCC/ARM_CM3/port.o
 .ARM.attributes
                0x00000000000000d1       0x2d ./Inc/RTOS/Source/portable/MemMang/heap_4.o
 .ARM.attributes
                0x00000000000000fe       0x2d ./Src/HAL/LCD/LCD_Program.o
 .ARM.attributes
                0x000000000000012b       0x2d ./Src/MCAL/CAN/CAN_Program.o
 .ARM.attributes
                0x0000000000000158       0x2d ./Src/MCAL/GPIO/GPIO_Program.o
 .ARM.attributes
                0x0000000000000185       0x2d ./Src/MCAL/NVIC/NVIC_program.o
 .ARM.attributes
                0x00000000000001b2       0x2d ./Src/MCAL/RCC/RCC_Program.o
 .ARM.attributes
                0x00000000000001df       0x2d ./Src/MCAL/UART/UART_Program.o
 .ARM.attributes
                0x000000000000020c       0x2d ./Src/main.o
 .ARM.attributes
                0x0000000000000239       0x21 ./Startup/startup_stm32f103c8tx.o
 .ARM.attributes
                0x000000000000025a       0x2d C:/ST/STM32CubeIDE_1.13.2/STM32CubeIDE/plugins/com.st.stm32cube.ide.mcu.externaltools.gnu-tools-for-stm32.11.3.rel1.win32_1.1.1.202309131626/tools/bin/../lib/gcc/arm-none-eabi/11.3.1/../../../../arm-none-eabi/lib/thumb/v7-m/nofp\libc_nano.a(libc_a-init.o)
 .ARM.attributes
                0x0000000000000287       0x1d C:/ST/STM32CubeIDE_1.13.2/STM32CubeIDE/plugins/com.st.stm32cube.ide.mcu.externaltools.gnu-tools-for-stm32.11.3.rel1.win32_1.1.1.202309131626/tools/bin/../lib/gcc/arm-none-eabi/11.3.1/thumb/v7-m/nofp/crtn.o
OUTPUT(M_CAN.elf elf32-littlearm)
LOAD linker stubs
LOAD C:/ST/STM32CubeIDE_1.13.2/STM32CubeIDE/plugins/com.st.stm32cube.ide.mcu.externaltools.gnu-tools-for-stm32.11.3.rel1.win32_1.1.1.202309131626/tools/bin/../lib/gcc/arm-none-eabi/11.3.1/../../../../arm-none-eabi/lib/thumb/v7-m/nofp\libc.a
LOAD C:/ST/STM32CubeIDE_1.13.2/STM32CubeIDE/plugins/com.st.stm32cube.ide.mcu.externaltools.gnu-tools-for-stm32.11.3.rel1.win32_1.1.1.202309131626/tools/bin/../lib/gcc/arm-none-eabi/11.3.1/../../../../arm-none-eabi/lib/thumb/v7-m/nofp\libm.a
LOAD C:/ST/STM32CubeIDE_1.13.2/STM32CubeIDE/plugins/com.st.stm32cube.ide.mcu.externaltools.gnu-tools-for-stm32.11.3.rel1.win32_1.1.1.202309131626/tools/bin/../lib/gcc/arm-none-eabi/11.3.1/thumb/v7-m/nofp\libgcc.a

.comment        0x0000000000000000       0x43
 .comment       0x0000000000000000       0x43 C:/ST/STM32CubeIDE_1.13.2/STM32CubeIDE/plugins/com.st.stm32cube.ide.mcu.externaltools.gnu-tools-for-stm32.11.3.rel1.win32_1.1.1.202309131626/tools/bin/../lib/gcc/arm-none-eabi/11.3.1/thumb/v7-m/nofp/crtbegin.o
                                         0x44 (size before relaxing)
 .comment       0x0000000000000043       0x44 ./Inc/RTOS/Source/list.o
 .comment       0x0000000000000043       0x44 ./Inc/RTOS/Source/tasks.o
 .comment       0x0000000000000043       0x44 ./Inc/RTOS/Source/portable/GCC/ARM_CM3/port.o
 .comment       0x0000000000000043       0x44 ./Inc/RTOS/Source/portable/MemMang/heap_4.o
 .comment       0x0000000000000043       0x44 ./Src/HAL/LCD/LCD_Program.o
 .comment       0x0000000000000043       0x44 ./Src/MCAL/CAN/CAN_Program.o
 .comment       0x0000000000000043       0x44 ./Src/MCAL/GPIO/GPIO_Program.o
 .comment       0x0000000000000043       0x44 ./Src/MCAL/NVIC/NVIC_program.o
 .comment       0x0000000000000043       0x44 ./Src/MCAL/RCC/RCC_Program.o
 .comment       0x0000000000000043       0x44 ./Src/MCAL/UART/UART_Program.o
 .comment       0x0000000000000043       0x44 ./Src/main.o

.debug_info     0x0000000000000000     0x4230
 .debug_info    0x0000000000000000      0x2af ./Inc/RTOS/Source/list.o
 .debug_info    0x00000000000002af     0x15f8 ./Inc/RTOS/Source/tasks.o
 .debug_info    0x00000000000018a7      0x2e4 ./Inc/RTOS/Source/portable/GCC/ARM_CM3/port.o
 .debug_info    0x0000000000001b8b      0x433 ./Inc/RTOS/Source/portable/MemMang/heap_4.o
 .debug_info    0x0000000000001fbe      0x4ae ./Src/HAL/LCD/LCD_Program.o
 .debug_info    0x000000000000246c      0x8d7 ./Src/MCAL/CAN/CAN_Program.o
 .debug_info    0x0000000000002d43      0x1f2 ./Src/MCAL/GPIO/GPIO_Program.o
 .debug_info    0x0000000000002f35      0x4fb ./Src/MCAL/NVIC/NVIC_program.o
 .debug_info    0x0000000000003430      0x182 ./Src/MCAL/RCC/RCC_Program.o
 .debug_info    0x00000000000035b2      0x3f7 ./Src/MCAL/UART/UART_Program.o
 .debug_info    0x00000000000039a9      0x864 ./Src/main.o
 .debug_info    0x000000000000420d       0x23 ./Startup/startup_stm32f103c8tx.o

.debug_abbrev   0x0000000000000000     0x1291
 .debug_abbrev  0x0000000000000000       0xf5 ./Inc/RTOS/Source/list.o
 .debug_abbrev  0x00000000000000f5      0x34b ./Inc/RTOS/Source/tasks.o
 .debug_abbrev  0x0000000000000440      0x20e ./Inc/RTOS/Source/portable/GCC/ARM_CM3/port.o
 .debug_abbrev  0x000000000000064e      0x1b9 ./Inc/RTOS/Source/portable/MemMang/heap_4.o
 .debug_abbrev  0x0000000000000807      0x14e ./Src/HAL/LCD/LCD_Program.o
 .debug_abbrev  0x0000000000000955      0x254 ./Src/MCAL/CAN/CAN_Program.o
 .debug_abbrev  0x0000000000000ba9       0xc7 ./Src/MCAL/GPIO/GPIO_Program.o
 .debug_abbrev  0x0000000000000c70      0x15b ./Src/MCAL/NVIC/NVIC_program.o
 .debug_abbrev  0x0000000000000dcb       0xc4 ./Src/MCAL/RCC/RCC_Program.o
 .debug_abbrev  0x0000000000000e8f      0x16f ./Src/MCAL/UART/UART_Program.o
 .debug_abbrev  0x0000000000000ffe      0x281 ./Src/main.o
 .debug_abbrev  0x000000000000127f       0x12 ./Startup/startup_stm32f103c8tx.o

.debug_aranges  0x0000000000000000      0x5a8
 .debug_aranges
                0x0000000000000000       0x40 ./Inc/RTOS/Source/list.o
 .debug_aranges
                0x0000000000000040      0x1a8 ./Inc/RTOS/Source/tasks.o
 .debug_aranges
                0x00000000000001e8       0x70 ./Inc/RTOS/Source/portable/GCC/ARM_CM3/port.o
 .debug_aranges
                0x0000000000000258       0x58 ./Inc/RTOS/Source/portable/MemMang/heap_4.o
 .debug_aranges
                0x00000000000002b0       0x80 ./Src/HAL/LCD/LCD_Program.o
 .debug_aranges
                0x0000000000000330       0xa0 ./Src/MCAL/CAN/CAN_Program.o
 .debug_aranges
                0x00000000000003d0       0x40 ./Src/MCAL/GPIO/GPIO_Program.o
 .debug_aranges
                0x0000000000000410       0x58 ./Src/MCAL/NVIC/NVIC_program.o
 .debug_aranges
                0x0000000000000468       0x30 ./Src/MCAL/RCC/RCC_Program.o
 .debug_aranges
                0x0000000000000498       0x88 ./Src/MCAL/UART/UART_Program.o
 .debug_aranges
                0x0000000000000520       0x60 ./Src/main.o
 .debug_aranges
                0x0000000000000580       0x28 ./Startup/startup_stm32f103c8tx.o

.debug_rnglists
                0x0000000000000000      0x434
 .debug_rnglists
                0x0000000000000000       0x2b ./Inc/RTOS/Source/list.o
 .debug_rnglists
                0x000000000000002b      0x151 ./Inc/RTOS/Source/tasks.o
 .debug_rnglists
                0x000000000000017c       0x4f ./Inc/RTOS/Source/portable/GCC/ARM_CM3/port.o
 .debug_rnglists
                0x00000000000001cb       0x42 ./Inc/RTOS/Source/portable/MemMang/heap_4.o
 .debug_rnglists
                0x000000000000020d       0x61 ./Src/HAL/LCD/LCD_Program.o
 .debug_rnglists
                0x000000000000026e       0x7b ./Src/MCAL/CAN/CAN_Program.o
 .debug_rnglists
                0x00000000000002e9       0x2e ./Src/MCAL/GPIO/GPIO_Program.o
 .debug_rnglists
                0x0000000000000317       0x3d ./Src/MCAL/NVIC/NVIC_program.o
 .debug_rnglists
                0x0000000000000354       0x20 ./Src/MCAL/RCC/RCC_Program.o
 .debug_rnglists
                0x0000000000000374       0x61 ./Src/MCAL/UART/UART_Program.o
 .debug_rnglists
                0x00000000000003d5       0x46 ./Src/main.o
 .debug_rnglists
                0x000000000000041b       0x19 ./Startup/startup_stm32f103c8tx.o

.debug_macro    0x0000000000000000     0x1144
 .debug_macro   0x0000000000000000      0x187 ./Inc/RTOS/Source/list.o
 .debug_macro   0x0000000000000187      0x279 ./Inc/RTOS/Source/tasks.o
 .debug_macro   0x0000000000000400       0x10 ./Inc/RTOS/Source/tasks.o
 .debug_macro   0x0000000000000410      0x184 ./Inc/RTOS/Source/portable/GCC/ARM_CM3/port.o
 .debug_macro   0x0000000000000594      0x1ae ./Inc/RTOS/Source/portable/MemMang/heap_4.o
 .debug_macro   0x0000000000000742       0x52 ./Src/HAL/LCD/LCD_Program.o
 .debug_macro   0x0000000000000794       0x40 ./Src/HAL/LCD/LCD_Program.o
 .debug_macro   0x00000000000007d4       0x6a ./Src/HAL/LCD/LCD_Program.o
 .debug_macro   0x000000000000083e       0x4c ./Src/HAL/LCD/LCD_Program.o
 .debug_macro   0x000000000000088a       0x64 ./Src/HAL/LCD/LCD_Program.o
 .debug_macro   0x00000000000008ee       0x69 ./Src/MCAL/CAN/CAN_Program.o
 .debug_macro   0x0000000000000957       0x40 ./Src/MCAL/CAN/CAN_Program.o
 .debug_macro   0x0000000000000997      0x13c ./Src/MCAL/CAN/CAN_Program.o
 .debug_macro   0x0000000000000ad3       0x3a ./Src/MCAL/CAN/CAN_Program.o
 .debug_macro   0x0000000000000b0d       0x2e ./Src/MCAL/CAN/CAN_Program.o
 .debug_macro   0x0000000000000b3b       0x49 ./Src/MCAL/GPIO/GPIO_Program.o
 .debug_macro   0x0000000000000b84       0x40 ./Src/MCAL/GPIO/GPIO_Program.o
 .debug_macro   0x0000000000000bc4       0x9a ./Src/MCAL/GPIO/GPIO_Program.o
 .debug_macro   0x0000000000000c5e       0x3e ./Src/MCAL/NVIC/NVIC_program.o
 .debug_macro   0x0000000000000c9c       0x16 ./Src/MCAL/NVIC/NVIC_program.o
 .debug_macro   0x0000000000000cb2       0x22 ./Src/MCAL/NVIC/NVIC_program.o
 .debug_macro   0x0000000000000cd4       0x48 ./Src/MCAL/RCC/RCC_Program.o
 .debug_macro   0x0000000000000d1c       0x1c ./Src/MCAL/RCC/RCC_Program.o
 .debug_macro   0x0000000000000d38       0x58 ./Src/MCAL/UART/UART_Program.o
 .debug_macro   0x0000000000000d90       0x1c ./Src/MCAL/UART/UART_Program.o
 .debug_macro   0x0000000000000dac      0x20f ./Src/MCAL/UART/UART_Program.o
 .debug_macro   0x0000000000000fbb      0x189 ./Src/main.o

.debug_line     0x0000000000000000     0x49d4
 .debug_line    0x0000000000000000      0x76a ./Inc/RTOS/Source/list.o
 .debug_line    0x000000000000076a     0x14cf ./Inc/RTOS/Source/tasks.o
 .debug_line    0x0000000000001c39      0x738 ./Inc/RTOS/Source/portable/GCC/ARM_CM3/port.o
 .debug_line    0x0000000000002371      0x962 ./Inc/RTOS/Source/portable/MemMang/heap_4.o
 .debug_line    0x0000000000002cd3      0x3c0 ./Src/HAL/LCD/LCD_Program.o
 .debug_line    0x0000000000003093      0x6ea ./Src/MCAL/CAN/CAN_Program.o
 .debug_line    0x000000000000377d      0x2e6 ./Src/MCAL/GPIO/GPIO_Program.o
 .debug_line    0x0000000000003a63      0x1fd ./Src/MCAL/NVIC/NVIC_program.o
 .debug_line    0x0000000000003c60      0x129 ./Src/MCAL/RCC/RCC_Program.o
 .debug_line    0x0000000000003d89      0x2e3 ./Src/MCAL/UART/UART_Program.o
 .debug_line    0x000000000000406c      0x8ed ./Src/main.o
 .debug_line    0x0000000000004959       0x7b ./Startup/startup_stm32f103c8tx.o

.debug_str      0x0000000000000000    0x10123
 .debug_str     0x0000000000000000     0xa6e8 ./Inc/RTOS/Source/list.o
                                       0xa90d (size before relaxing)
 .debug_str     0x000000000000a6e8     0x21aa ./Inc/RTOS/Source/tasks.o
                                       0xcae5 (size before relaxing)
 .debug_str     0x000000000000c892      0x60b ./Inc/RTOS/Source/portable/GCC/ARM_CM3/port.o
                                       0x83c6 (size before relaxing)
 .debug_str     0x000000000000ce9d      0x315 ./Inc/RTOS/Source/portable/MemMang/heap_4.o
                                       0xb230 (size before relaxing)
 .debug_str     0x000000000000d1b2      0x918 ./Src/HAL/LCD/LCD_Program.o
                                       0x373b (size before relaxing)
 .debug_str     0x000000000000daca      0xff5 ./Src/MCAL/CAN/CAN_Program.o
                                       0x42b2 (size before relaxing)
 .debug_str     0x000000000000eabf      0x640 ./Src/MCAL/GPIO/GPIO_Program.o
                                       0x3923 (size before relaxing)
 .debug_str     0x000000000000f0ff      0x566 ./Src/MCAL/NVIC/NVIC_program.o
                                       0x3663 (size before relaxing)
 .debug_str     0x000000000000f665      0x130 ./Src/MCAL/RCC/RCC_Program.o
                                       0x338d (size before relaxing)
 .debug_str     0x000000000000f795      0x67c ./Src/MCAL/UART/UART_Program.o
                                       0x393a (size before relaxing)
 .debug_str     0x000000000000fe11      0x2e3 ./Src/main.o
                                       0x93fd (size before relaxing)
 .debug_str     0x00000000000100f4       0x2f ./Startup/startup_stm32f103c8tx.o
                                         0x50 (size before relaxing)

.debug_frame    0x0000000000000000     0x1510
 .debug_frame   0x0000000000000000       0xd8 ./Inc/RTOS/Source/list.o
 .debug_frame   0x00000000000000d8      0x72c ./Inc/RTOS/Source/tasks.o
 .debug_frame   0x0000000000000804      0x160 ./Inc/RTOS/Source/portable/GCC/ARM_CM3/port.o
 .debug_frame   0x0000000000000964      0x12c ./Inc/RTOS/Source/portable/MemMang/heap_4.o
 .debug_frame   0x0000000000000a90      0x1e4 ./Src/HAL/LCD/LCD_Program.o
 .debug_frame   0x0000000000000c74      0x260 ./Src/MCAL/CAN/CAN_Program.o
 .debug_frame   0x0000000000000ed4       0xd8 ./Src/MCAL/GPIO/GPIO_Program.o
 .debug_frame   0x0000000000000fac      0x148 ./Src/MCAL/NVIC/NVIC_program.o
 .debug_frame   0x00000000000010f4       0x80 ./Src/MCAL/RCC/RCC_Program.o
 .debug_frame   0x0000000000001174      0x234 ./Src/MCAL/UART/UART_Program.o
 .debug_frame   0x00000000000013a8      0x13c ./Src/main.o
 .debug_frame   0x00000000000014e4       0x2c C:/ST/STM32CubeIDE_1.13.2/STM32CubeIDE/plugins/com.st.stm32cube.ide.mcu.externaltools.gnu-tools-for-stm32.11.3.rel1.win32_1.1.1.202309131626/tools/bin/../lib/gcc/arm-none-eabi/11.3.1/../../../../arm-none-eabi/lib/thumb/v7-m/nofp\libc_nano.a(libc_a-init.o)

.debug_line_str
                0x0000000000000000       0x44
 .debug_line_str
                0x0000000000000000       0x44 ./Startup/startup_stm32f103c8tx.o
                                         0x5c (size before relaxing)
