../Src/MCAL/UART/UART_Program.c:17:6:USART_voidInit	16	static
../Src/MCAL/UART/UART_Program.c:63:6:USART_RX_InterruptEnable	16	static
../Src/MCAL/UART/UART_Program.c:68:6:USART_RX_InterruptDisable	16	static
../Src/MCAL/UART/UART_Program.c:73:6:USART_TX_InterruptEnable	16	static
../Src/MCAL/UART/UART_Program.c:78:6:USART_TX_InterruptDisable	16	static
../Src/MCAL/UART/UART_Program.c:83:6:USART_voidTransmitSynch	24	static
../Src/MCAL/UART/UART_Program.c:96:6:USART_voidTransmitCharSynch	16	static
../Src/MCAL/UART/UART_Program.c:103:4:USART_u8ReceiveSynch	24	static
../Src/MCAL/UART/UART_Program.c:126:6:USART1_void_SetCallBack	16	static
../Src/MCAL/UART/UART_Program.c:132:6:USART1_IRQHandler	8	static
../Src/MCAL/UART/UART_Program.c:147:6:USART_ReceiveString	24	static
../Src/MCAL/UART/UART_Program.c:163:4:USART_ReceivePerodic	24	static
../Src/MCAL/UART/UART_Program.c:179:4:USART_ReceiveNoBlock	16	static
../Src/MCAL/UART/UART_Program.c:184:4:USART_TransmitNoBlock	16	static
