../Src/MCAL/CAN/CAN_program.c:23:6:CAN_voidInit	8	static
../Src/MCAL/CAN/CAN_program.c:105:6:CAN_voidAddTxMsg	24	static
../Src/MCAL/CAN/CAN_program.c:162:6:CAN_voidStart	4	static
../Src/MCAL/CAN/CAN_program.c:171:6:CAN_voidGetRxMsg	32	static
../Src/MCAL/CAN/CAN_program.c:229:4:CAN_voidRXPending	16	static
../Src/MCAL/CAN/CAN_program.c:245:6:CAN_voidConfigFilter	24	static
../Src/MCAL/CAN/CAN_program.c:334:5:CAN_voidGetErrorCode	4	static
../Src/MCAL/CAN/CAN_program.c:353:6:CAN_voidInitInterput	16	static
../Src/MCAL/CAN/CAN_program.c:359:6:CAN_voidDeiniterputInit	16	static
../Src/MCAL/CAN/CAN_program.c:365:6:CAN_voidEnableInterrupt	16	static
../Src/MCAL/CAN/CAN_program.c:370:6:CAN_voidDisableInterrupt	16	static
../Src/MCAL/CAN/CAN_program.c:383:6:CAN_voidTX_Interrupt_Handler	16	static
../Src/MCAL/CAN/CAN_program.c:452:6:CAN_voidRX_FIFO0_Interrupt_Handler	24	static
../Src/MCAL/CAN/CAN_program.c:504:6:CAN_voidRX_FIFO1_Interrupt_Handler	24	static
../Src/MCAL/CAN/CAN_program.c:557:6:CAN_voidSCE_Interrupt_Handler	24	static
../Src/MCAL/CAN/CAN_program.c:755:6:USB_HP_CAN1_TX_IRQHandler	8	static
../Src/MCAL/CAN/CAN_program.c:759:6:USB_LP_CAN1_RX0_IRQHandler	8	static
../Src/MCAL/CAN/CAN_program.c:763:6:CAN1_RX1_IRQHandler	8	static
../Src/MCAL/CAN/CAN_program.c:767:6:CAN1_SCE_IRQHandler	8	static
