Archive member included because of file (symbol)

d:/hazim/01- embedded systems avr tools/01- imt sdk/imt_sdk_win_64/imt_sdk_win_64/winavr/bin/../lib/gcc/avr/4.3.3/avr5\libgcc.a(_mulsi3.o)
                              ./Inc/MCAL/ADC/NTI_ADC_Program.o (__mulsi3)
d:/hazim/01- embedded systems avr tools/01- imt sdk/imt_sdk_win_64/imt_sdk_win_64/winavr/bin/../lib/gcc/avr/4.3.3/avr5\libgcc.a(_divmodsi4.o)
                              ./Inc/HAL/LCD2/LCD_Imp.o (__divmodsi4)
d:/hazim/01- embedded systems avr tools/01- imt sdk/imt_sdk_win_64/imt_sdk_win_64/winavr/bin/../lib/gcc/avr/4.3.3/avr5\libgcc.a(_exit.o)
                              d:/hazim/01- embedded systems avr tools/01- imt sdk/imt_sdk_win_64/imt_sdk_win_64/winavr/bin/../lib/gcc/avr/4.3.3/../../../../avr/lib/avr5/crtm32.o (exit)
d:/hazim/01- embedded systems avr tools/01- imt sdk/imt_sdk_win_64/imt_sdk_win_64/winavr/bin/../lib/gcc/avr/4.3.3/avr5\libgcc.a(_copy_data.o)
                              ./Src/main.o (__do_copy_data)
d:/hazim/01- embedded systems avr tools/01- imt sdk/imt_sdk_win_64/imt_sdk_win_64/winavr/bin/../lib/gcc/avr/4.3.3/avr5\libgcc.a(_clear_bss.o)
                              ./Src/main.o (__do_clear_bss)
d:/hazim/01- embedded systems avr tools/01- imt sdk/imt_sdk_win_64/imt_sdk_win_64/winavr/bin/../lib/gcc/avr/4.3.3/avr5\libgcc.a(_fixunssfsi.o)
                              ./Src/main.o (__fixunssfsi)
d:/hazim/01- embedded systems avr tools/01- imt sdk/imt_sdk_win_64/imt_sdk_win_64/winavr/bin/../lib/gcc/avr/4.3.3/avr5\libgcc.a(_addsub_sf.o)
                              d:/hazim/01- embedded systems avr tools/01- imt sdk/imt_sdk_win_64/imt_sdk_win_64/winavr/bin/../lib/gcc/avr/4.3.3/avr5\libgcc.a(_fixunssfsi.o) (__subsf3)
d:/hazim/01- embedded systems avr tools/01- imt sdk/imt_sdk_win_64/imt_sdk_win_64/winavr/bin/../lib/gcc/avr/4.3.3/avr5\libgcc.a(_mul_sf.o)
                              ./Src/main.o (__mulsf3)
d:/hazim/01- embedded systems avr tools/01- imt sdk/imt_sdk_win_64/imt_sdk_win_64/winavr/bin/../lib/gcc/avr/4.3.3/avr5\libgcc.a(_div_sf.o)
                              ./Src/main.o (__divsf3)
d:/hazim/01- embedded systems avr tools/01- imt sdk/imt_sdk_win_64/imt_sdk_win_64/winavr/bin/../lib/gcc/avr/4.3.3/avr5\libgcc.a(_gt_sf.o)
                              ./Src/main.o (__gtsf2)
d:/hazim/01- embedded systems avr tools/01- imt sdk/imt_sdk_win_64/imt_sdk_win_64/winavr/bin/../lib/gcc/avr/4.3.3/avr5\libgcc.a(_ge_sf.o)
                              d:/hazim/01- embedded systems avr tools/01- imt sdk/imt_sdk_win_64/imt_sdk_win_64/winavr/bin/../lib/gcc/avr/4.3.3/avr5\libgcc.a(_fixunssfsi.o) (__gesf2)
d:/hazim/01- embedded systems avr tools/01- imt sdk/imt_sdk_win_64/imt_sdk_win_64/winavr/bin/../lib/gcc/avr/4.3.3/avr5\libgcc.a(_lt_sf.o)
                              ./Src/main.o (__ltsf2)
d:/hazim/01- embedded systems avr tools/01- imt sdk/imt_sdk_win_64/imt_sdk_win_64/winavr/bin/../lib/gcc/avr/4.3.3/avr5\libgcc.a(_sf_to_si.o)
                              ./Inc/HAL/LCD2/LCD_Imp.o (__fixsfsi)
d:/hazim/01- embedded systems avr tools/01- imt sdk/imt_sdk_win_64/imt_sdk_win_64/winavr/bin/../lib/gcc/avr/4.3.3/avr5\libgcc.a(_thenan_sf.o)
                              d:/hazim/01- embedded systems avr tools/01- imt sdk/imt_sdk_win_64/imt_sdk_win_64/winavr/bin/../lib/gcc/avr/4.3.3/avr5\libgcc.a(_addsub_sf.o) (__thenan_sf)
d:/hazim/01- embedded systems avr tools/01- imt sdk/imt_sdk_win_64/imt_sdk_win_64/winavr/bin/../lib/gcc/avr/4.3.3/avr5\libgcc.a(_usi_to_sf.o)
                              ./Src/main.o (__floatunsisf)
d:/hazim/01- embedded systems avr tools/01- imt sdk/imt_sdk_win_64/imt_sdk_win_64/winavr/bin/../lib/gcc/avr/4.3.3/avr5\libgcc.a(_udivmodsi4.o)
                              d:/hazim/01- embedded systems avr tools/01- imt sdk/imt_sdk_win_64/imt_sdk_win_64/winavr/bin/../lib/gcc/avr/4.3.3/avr5\libgcc.a(_divmodsi4.o) (__udivmodsi4)
d:/hazim/01- embedded systems avr tools/01- imt sdk/imt_sdk_win_64/imt_sdk_win_64/winavr/bin/../lib/gcc/avr/4.3.3/avr5\libgcc.a(_prologue.o)
                              d:/hazim/01- embedded systems avr tools/01- imt sdk/imt_sdk_win_64/imt_sdk_win_64/winavr/bin/../lib/gcc/avr/4.3.3/avr5\libgcc.a(_addsub_sf.o) (__prologue_saves__)
d:/hazim/01- embedded systems avr tools/01- imt sdk/imt_sdk_win_64/imt_sdk_win_64/winavr/bin/../lib/gcc/avr/4.3.3/avr5\libgcc.a(_epilogue.o)
                              d:/hazim/01- embedded systems avr tools/01- imt sdk/imt_sdk_win_64/imt_sdk_win_64/winavr/bin/../lib/gcc/avr/4.3.3/avr5\libgcc.a(_addsub_sf.o) (__epilogue_restores__)
d:/hazim/01- embedded systems avr tools/01- imt sdk/imt_sdk_win_64/imt_sdk_win_64/winavr/bin/../lib/gcc/avr/4.3.3/avr5\libgcc.a(_clzsi2.o)
                              d:/hazim/01- embedded systems avr tools/01- imt sdk/imt_sdk_win_64/imt_sdk_win_64/winavr/bin/../lib/gcc/avr/4.3.3/avr5\libgcc.a(_usi_to_sf.o) (__clzsi2)
d:/hazim/01- embedded systems avr tools/01- imt sdk/imt_sdk_win_64/imt_sdk_win_64/winavr/bin/../lib/gcc/avr/4.3.3/avr5\libgcc.a(_pack_sf.o)
                              d:/hazim/01- embedded systems avr tools/01- imt sdk/imt_sdk_win_64/imt_sdk_win_64/winavr/bin/../lib/gcc/avr/4.3.3/avr5\libgcc.a(_addsub_sf.o) (__pack_f)
d:/hazim/01- embedded systems avr tools/01- imt sdk/imt_sdk_win_64/imt_sdk_win_64/winavr/bin/../lib/gcc/avr/4.3.3/avr5\libgcc.a(_unpack_sf.o)
                              d:/hazim/01- embedded systems avr tools/01- imt sdk/imt_sdk_win_64/imt_sdk_win_64/winavr/bin/../lib/gcc/avr/4.3.3/avr5\libgcc.a(_addsub_sf.o) (__unpack_f)
d:/hazim/01- embedded systems avr tools/01- imt sdk/imt_sdk_win_64/imt_sdk_win_64/winavr/bin/../lib/gcc/avr/4.3.3/avr5\libgcc.a(_fpcmp_parts_sf.o)
                              d:/hazim/01- embedded systems avr tools/01- imt sdk/imt_sdk_win_64/imt_sdk_win_64/winavr/bin/../lib/gcc/avr/4.3.3/avr5\libgcc.a(_gt_sf.o) (__fpcmp_parts_f)
d:/hazim/01- embedded systems avr tools/01- imt sdk/imt_sdk_win_64/imt_sdk_win_64/winavr/bin/../lib/gcc/avr/4.3.3/avr5\libgcc.a(_clz.o)
                              d:/hazim/01- embedded systems avr tools/01- imt sdk/imt_sdk_win_64/imt_sdk_win_64/winavr/bin/../lib/gcc/avr/4.3.3/avr5\libgcc.a(_clzsi2.o) (__clz_tab)

Allocating common symbols
Common symbol       size              file

ADC_pvFunc          0x2               ./Inc/MCAL/ADC/NTI_ADC_Program.o
readings            0x8               ./Src/main.o

Memory Configuration

Name             Origin             Length             Attributes
text             0x00000000         0x00020000         xr
data             0x00800060         0x0000ffa0         rw !x
eeprom           0x00810000         0x00010000         rw !x
fuse             0x00820000         0x00000400         rw !x
lock             0x00830000         0x00000400         rw !x
signature        0x00840000         0x00000400         rw !x
*default*        0x00000000         0xffffffff

Linker script and memory map

LOAD d:/hazim/01- embedded systems avr tools/01- imt sdk/imt_sdk_win_64/imt_sdk_win_64/winavr/bin/../lib/gcc/avr/4.3.3/../../../../avr/lib/avr5/crtm32.o
LOAD ./Src/main.o
LOAD ./Inc/MCAL/USART/USART_Imp.o
LOAD ./Inc/MCAL/TIMER2/TIMER2_Program.o
LOAD ./Inc/MCAL/TIMER1/TIMER1_Program.o
LOAD ./Inc/MCAL/TIMER0/TIMER0_Program.o
LOAD ./Inc/MCAL/SPI/SPI_Program.o
LOAD ./Inc/MCAL/Port/Port_Program.o
LOAD ./Inc/MCAL/ICU/ICU_Program.o
LOAD ./Inc/MCAL/GIE/GIE_Program.o
LOAD ./Inc/MCAL/EXT_INT/EXT_INT_Program.o
LOAD ./Inc/MCAL/DIO/DIO_Program.o
LOAD ./Inc/MCAL/ADC/NTI_ADC_Program.o
LOAD ./Inc/HAL/Servo/ServoMotor_Program.o
LOAD ./Inc/HAL/Motor/Motor_Program.o
LOAD ./Inc/HAL/LED/LED_Program.o
LOAD ./Inc/HAL/LCD2/LCD_Imp.o
LOAD ./Inc/HAL/KeyPad/KPD_Program.o
LOAD ./Inc/APP/APP_Program.o
LOAD d:/hazim/01- embedded systems avr tools/01- imt sdk/imt_sdk_win_64/imt_sdk_win_64/winavr/bin/../lib/gcc/avr/4.3.3/avr5\libgcc.a
LOAD d:/hazim/01- embedded systems avr tools/01- imt sdk/imt_sdk_win_64/imt_sdk_win_64/winavr/bin/../lib/gcc/avr/4.3.3/../../../../avr/lib/avr5\libc.a
LOAD d:/hazim/01- embedded systems avr tools/01- imt sdk/imt_sdk_win_64/imt_sdk_win_64/winavr/bin/../lib/gcc/avr/4.3.3/avr5\libgcc.a

.hash
 *(.hash)

.dynsym
 *(.dynsym)

.dynstr
 *(.dynstr)

.gnu.version
 *(.gnu.version)

.gnu.version_d
 *(.gnu.version_d)

.gnu.version_r
 *(.gnu.version_r)

.rel.init
 *(.rel.init)

.rela.init
 *(.rela.init)

.rel.text
 *(.rel.text)
 *(.rel.text.*)
 *(.rel.gnu.linkonce.t*)

.rela.text
 *(.rela.text)
 *(.rela.text.*)
 *(.rela.gnu.linkonce.t*)

.rel.fini
 *(.rel.fini)

.rela.fini
 *(.rela.fini)

.rel.rodata
 *(.rel.rodata)
 *(.rel.rodata.*)
 *(.rel.gnu.linkonce.r*)

.rela.rodata
 *(.rela.rodata)
 *(.rela.rodata.*)
 *(.rela.gnu.linkonce.r*)

.rel.data
 *(.rel.data)
 *(.rel.data.*)
 *(.rel.gnu.linkonce.d*)

.rela.data
 *(.rela.data)
 *(.rela.data.*)
 *(.rela.gnu.linkonce.d*)

.rel.ctors
 *(.rel.ctors)

.rela.ctors
 *(.rela.ctors)

.rel.dtors
 *(.rel.dtors)

.rela.dtors
 *(.rela.dtors)

.rel.got
 *(.rel.got)

.rela.got
 *(.rela.got)

.rel.bss
 *(.rel.bss)

.rela.bss
 *(.rela.bss)

.rel.plt
 *(.rel.plt)

.rela.plt
 *(.rela.plt)

.text           0x00000000     0x4188
 *(.vectors)
 .vectors       0x00000000       0x54 d:/hazim/01- embedded systems avr tools/01- imt sdk/imt_sdk_win_64/imt_sdk_win_64/winavr/bin/../lib/gcc/avr/4.3.3/../../../../avr/lib/avr5/crtm32.o
                0x00000000                __vectors
                0x00000000                __vector_default
 *(.vectors)
 *(.progmem.gcc*)
 *(.progmem*)
                0x00000054                . = ALIGN (0x2)
                0x00000054                __trampolines_start = .
 *(.trampolines)
 .trampolines   0x00000054        0x0 linker stubs
 *(.trampolines*)
                0x00000054                __trampolines_end = .
 *(.jumptables)
 *(.jumptables*)
 *(.lowtext)
 *(.lowtext*)
                0x00000054                __ctors_start = .
 *(.ctors)
                0x00000054                __ctors_end = .
                0x00000054                __dtors_start = .
 *(.dtors)
                0x00000054                __dtors_end = .
 SORT(*)(.ctors)
 SORT(*)(.dtors)
 *(.init0)
 .init0         0x00000054        0x0 d:/hazim/01- embedded systems avr tools/01- imt sdk/imt_sdk_win_64/imt_sdk_win_64/winavr/bin/../lib/gcc/avr/4.3.3/../../../../avr/lib/avr5/crtm32.o
                0x00000054                __init
 *(.init0)
 *(.init1)
 *(.init1)
 *(.init2)
 .init2         0x00000054        0xc d:/hazim/01- embedded systems avr tools/01- imt sdk/imt_sdk_win_64/imt_sdk_win_64/winavr/bin/../lib/gcc/avr/4.3.3/../../../../avr/lib/avr5/crtm32.o
 *(.init2)
 *(.init3)
 *(.init3)
 *(.init4)
 .init4         0x00000060       0x16 d:/hazim/01- embedded systems avr tools/01- imt sdk/imt_sdk_win_64/imt_sdk_win_64/winavr/bin/../lib/gcc/avr/4.3.3/avr5\libgcc.a(_copy_data.o)
                0x00000060                __do_copy_data
 .init4         0x00000076       0x10 d:/hazim/01- embedded systems avr tools/01- imt sdk/imt_sdk_win_64/imt_sdk_win_64/winavr/bin/../lib/gcc/avr/4.3.3/avr5\libgcc.a(_clear_bss.o)
                0x00000076                __do_clear_bss
 *(.init4)
 *(.init5)
 *(.init5)
 *(.init6)
 *(.init6)
 *(.init7)
 *(.init7)
 *(.init8)
 *(.init8)
 *(.init9)
 .init9         0x00000086        0x8 d:/hazim/01- embedded systems avr tools/01- imt sdk/imt_sdk_win_64/imt_sdk_win_64/winavr/bin/../lib/gcc/avr/4.3.3/../../../../avr/lib/avr5/crtm32.o
 *(.init9)
 *(.text)
 .text          0x0000008e        0x4 d:/hazim/01- embedded systems avr tools/01- imt sdk/imt_sdk_win_64/imt_sdk_win_64/winavr/bin/../lib/gcc/avr/4.3.3/../../../../avr/lib/avr5/crtm32.o
                0x0000008e                __bad_interrupt
                0x0000008e                __vector_11
                0x0000008e                __vector_17
                0x0000008e                __vector_19
                0x0000008e                __vector_5
                0x0000008e                __vector_4
                0x0000008e                __vector_9
                0x0000008e                __vector_15
                0x0000008e                __vector_8
                0x0000008e                __vector_10
                0x0000008e                __vector_18
                0x0000008e                __vector_20
 .text          0x00000092        0x0 ./Src/main.o
 .text          0x00000092        0x0 ./Inc/MCAL/USART/USART_Imp.o
 .text          0x00000092        0x0 ./Inc/MCAL/TIMER2/TIMER2_Program.o
 .text          0x00000092        0x0 ./Inc/MCAL/TIMER1/TIMER1_Program.o
 .text          0x00000092        0x0 ./Inc/MCAL/TIMER0/TIMER0_Program.o
 .text          0x00000092        0x0 ./Inc/MCAL/SPI/SPI_Program.o
 .text          0x00000092        0x0 ./Inc/MCAL/Port/Port_Program.o
 .text          0x00000092        0x0 ./Inc/MCAL/ICU/ICU_Program.o
 .text          0x00000092        0x0 ./Inc/MCAL/GIE/GIE_Program.o
 .text          0x00000092        0x0 ./Inc/MCAL/EXT_INT/EXT_INT_Program.o
 .text          0x00000092        0x0 ./Inc/MCAL/DIO/DIO_Program.o
 .text          0x00000092        0x0 ./Inc/MCAL/ADC/NTI_ADC_Program.o
 .text          0x00000092        0x0 ./Inc/HAL/Servo/ServoMotor_Program.o
 .text          0x00000092        0x0 ./Inc/HAL/Motor/Motor_Program.o
 .text          0x00000092        0x0 ./Inc/HAL/LED/LED_Program.o
 .text          0x00000092        0x0 ./Inc/HAL/LCD2/LCD_Imp.o
 .text          0x00000092        0x0 ./Inc/HAL/KeyPad/KPD_Program.o
 .text          0x00000092        0x0 ./Inc/APP/APP_Program.o
 .text          0x00000092        0x0 d:/hazim/01- embedded systems avr tools/01- imt sdk/imt_sdk_win_64/imt_sdk_win_64/winavr/bin/../lib/gcc/avr/4.3.3/avr5\libgcc.a(_mulsi3.o)
 .text          0x00000092        0x0 d:/hazim/01- embedded systems avr tools/01- imt sdk/imt_sdk_win_64/imt_sdk_win_64/winavr/bin/../lib/gcc/avr/4.3.3/avr5\libgcc.a(_divmodsi4.o)
 .text          0x00000092        0x0 d:/hazim/01- embedded systems avr tools/01- imt sdk/imt_sdk_win_64/imt_sdk_win_64/winavr/bin/../lib/gcc/avr/4.3.3/avr5\libgcc.a(_exit.o)
 .text          0x00000092        0x0 d:/hazim/01- embedded systems avr tools/01- imt sdk/imt_sdk_win_64/imt_sdk_win_64/winavr/bin/../lib/gcc/avr/4.3.3/avr5\libgcc.a(_copy_data.o)
 .text          0x00000092        0x0 d:/hazim/01- embedded systems avr tools/01- imt sdk/imt_sdk_win_64/imt_sdk_win_64/winavr/bin/../lib/gcc/avr/4.3.3/avr5\libgcc.a(_clear_bss.o)
 .text          0x00000092       0x58 d:/hazim/01- embedded systems avr tools/01- imt sdk/imt_sdk_win_64/imt_sdk_win_64/winavr/bin/../lib/gcc/avr/4.3.3/avr5\libgcc.a(_fixunssfsi.o)
                0x00000092                __fixunssfsi
 .text          0x000000ea      0x354 d:/hazim/01- embedded systems avr tools/01- imt sdk/imt_sdk_win_64/imt_sdk_win_64/winavr/bin/../lib/gcc/avr/4.3.3/avr5\libgcc.a(_addsub_sf.o)
                0x00000382                __subsf3
                0x000003e4                __addsf3
 .text          0x0000043e      0x1f4 d:/hazim/01- embedded systems avr tools/01- imt sdk/imt_sdk_win_64/imt_sdk_win_64/winavr/bin/../lib/gcc/avr/4.3.3/avr5\libgcc.a(_mul_sf.o)
                0x0000043e                __mulsf3
 .text          0x00000632      0x158 d:/hazim/01- embedded systems avr tools/01- imt sdk/imt_sdk_win_64/imt_sdk_win_64/winavr/bin/../lib/gcc/avr/4.3.3/avr5\libgcc.a(_div_sf.o)
                0x00000632                __divsf3
 .text          0x0000078a       0x60 d:/hazim/01- embedded systems avr tools/01- imt sdk/imt_sdk_win_64/imt_sdk_win_64/winavr/bin/../lib/gcc/avr/4.3.3/avr5\libgcc.a(_gt_sf.o)
                0x0000078a                __gtsf2
 .text          0x000007ea       0x60 d:/hazim/01- embedded systems avr tools/01- imt sdk/imt_sdk_win_64/imt_sdk_win_64/winavr/bin/../lib/gcc/avr/4.3.3/avr5\libgcc.a(_ge_sf.o)
                0x000007ea                __gesf2
 .text          0x0000084a       0x60 d:/hazim/01- embedded systems avr tools/01- imt sdk/imt_sdk_win_64/imt_sdk_win_64/winavr/bin/../lib/gcc/avr/4.3.3/avr5\libgcc.a(_lt_sf.o)
                0x0000084a                __ltsf2
 .text          0x000008aa       0xa8 d:/hazim/01- embedded systems avr tools/01- imt sdk/imt_sdk_win_64/imt_sdk_win_64/winavr/bin/../lib/gcc/avr/4.3.3/avr5\libgcc.a(_sf_to_si.o)
                0x000008aa                __fixsfsi
 .text          0x00000952        0x0 d:/hazim/01- embedded systems avr tools/01- imt sdk/imt_sdk_win_64/imt_sdk_win_64/winavr/bin/../lib/gcc/avr/4.3.3/avr5\libgcc.a(_thenan_sf.o)
 .text          0x00000952       0xf2 d:/hazim/01- embedded systems avr tools/01- imt sdk/imt_sdk_win_64/imt_sdk_win_64/winavr/bin/../lib/gcc/avr/4.3.3/avr5\libgcc.a(_usi_to_sf.o)
                0x00000952                __floatunsisf
 .text          0x00000a44        0x0 d:/hazim/01- embedded systems avr tools/01- imt sdk/imt_sdk_win_64/imt_sdk_win_64/winavr/bin/../lib/gcc/avr/4.3.3/avr5\libgcc.a(_udivmodsi4.o)
 .text          0x00000a44        0x0 d:/hazim/01- embedded systems avr tools/01- imt sdk/imt_sdk_win_64/imt_sdk_win_64/winavr/bin/../lib/gcc/avr/4.3.3/avr5\libgcc.a(_prologue.o)
 .text          0x00000a44        0x0 d:/hazim/01- embedded systems avr tools/01- imt sdk/imt_sdk_win_64/imt_sdk_win_64/winavr/bin/../lib/gcc/avr/4.3.3/avr5\libgcc.a(_epilogue.o)
 .text          0x00000a44       0x9e d:/hazim/01- embedded systems avr tools/01- imt sdk/imt_sdk_win_64/imt_sdk_win_64/winavr/bin/../lib/gcc/avr/4.3.3/avr5\libgcc.a(_clzsi2.o)
                0x00000a44                __clzsi2
 .text          0x00000ae2      0x1aa d:/hazim/01- embedded systems avr tools/01- imt sdk/imt_sdk_win_64/imt_sdk_win_64/winavr/bin/../lib/gcc/avr/4.3.3/avr5\libgcc.a(_pack_sf.o)
                0x00000ae2                __pack_f
 .text          0x00000c8c       0xf0 d:/hazim/01- embedded systems avr tools/01- imt sdk/imt_sdk_win_64/imt_sdk_win_64/winavr/bin/../lib/gcc/avr/4.3.3/avr5\libgcc.a(_unpack_sf.o)
                0x00000c8c                __unpack_f
 .text          0x00000d7c       0xb2 d:/hazim/01- embedded systems avr tools/01- imt sdk/imt_sdk_win_64/imt_sdk_win_64/winavr/bin/../lib/gcc/avr/4.3.3/avr5\libgcc.a(_fpcmp_parts_sf.o)
                0x00000d7c                __fpcmp_parts_f
 .text          0x00000e2e        0x0 d:/hazim/01- embedded systems avr tools/01- imt sdk/imt_sdk_win_64/imt_sdk_win_64/winavr/bin/../lib/gcc/avr/4.3.3/avr5\libgcc.a(_clz.o)
                0x00000e2e                . = ALIGN (0x2)
 *(.text.*)
 .text.USART_RXCallback
                0x00000e2e      0x106 ./Src/main.o
                0x00000e2e                USART_RXCallback
 .text.APP_voidInit
                0x00000f34      0x132 ./Src/main.o
                0x00000f34                APP_voidInit
 .text.main     0x00001066      0x1c6 ./Src/main.o
                0x00001066                main
 .text.USART_voidInit
                0x0000122c       0xb6 ./Inc/MCAL/USART/USART_Imp.o
                0x0000122c                USART_voidInit
 .text.USART_voidEnableUDREInterrupt
                0x000012e2       0x1c ./Inc/MCAL/USART/USART_Imp.o
                0x000012e2                USART_voidEnableUDREInterrupt
 .text.USART_voidDisableUDREInterrupt
                0x000012fe       0x1c ./Inc/MCAL/USART/USART_Imp.o
                0x000012fe                USART_voidDisableUDREInterrupt
 .text.USART_voidEnableRXCInterrupt
                0x0000131a       0x1c ./Inc/MCAL/USART/USART_Imp.o
                0x0000131a                USART_voidEnableRXCInterrupt
 .text.USART_voidDisableRXCInterrupt
                0x00001336       0x1c ./Inc/MCAL/USART/USART_Imp.o
                0x00001336                USART_voidDisableRXCInterrupt
 .text.USART_voidSendByte
                0x00001352       0x34 ./Inc/MCAL/USART/USART_Imp.o
                0x00001352                USART_voidSendByte
 .text.USART_voidSendInterruptByte
                0x00001386       0x1c ./Inc/MCAL/USART/USART_Imp.o
                0x00001386                USART_voidSendInterruptByte
 .text.USART_u8ReceiveInterruptByte
                0x000013a2       0x14 ./Inc/MCAL/USART/USART_Imp.o
                0x000013a2                USART_u8ReceiveInterruptByte
 .text.USART_u8ReceiveByte
                0x000013b6       0x1e ./Inc/MCAL/USART/USART_Imp.o
                0x000013b6                USART_u8ReceiveByte
 .text.USART_voidSendString
                0x000013d4       0x38 ./Inc/MCAL/USART/USART_Imp.o
                0x000013d4                USART_voidSendString
 .text.USART_voidReceiveString
                0x0000140c       0x6e ./Inc/MCAL/USART/USART_Imp.o
                0x0000140c                USART_voidReceiveString
 .text.USART_voidRXCSetCallBack
                0x0000147a       0x24 ./Inc/MCAL/USART/USART_Imp.o
                0x0000147a                USART_voidRXCSetCallBack
 .text.USART_voidUDRESetCallBack
                0x0000149e       0x24 ./Inc/MCAL/USART/USART_Imp.o
                0x0000149e                USART_voidUDRESetCallBack
 .text.__vector_13
                0x000014c2       0x66 ./Inc/MCAL/USART/USART_Imp.o
                0x000014c2                __vector_13
 .text.__vector_14
                0x00001528       0x66 ./Inc/MCAL/USART/USART_Imp.o
                0x00001528                __vector_14
 .text.TIMER1_voidInit
                0x0000158e       0xb4 ./Inc/MCAL/TIMER1/TIMER1_Program.o
                0x0000158e                TIMER1_voidInit
 .text.TIMER1_voidSetICR
                0x00001642       0x24 ./Inc/MCAL/TIMER1/TIMER1_Program.o
                0x00001642                TIMER1_voidSetICR
 .text.TIMER1_voidSetTimerValue
                0x00001666       0x24 ./Inc/MCAL/TIMER1/TIMER1_Program.o
                0x00001666                TIMER1_voidSetTimerValue
 .text.TIMER1_u16ReadTimerValue
                0x0000168a       0x16 ./Inc/MCAL/TIMER1/TIMER1_Program.o
                0x0000168a                TIMER1_u16ReadTimerValue
 .text.TIMER1_voidSetDutyCycle
                0x000016a0       0x24 ./Inc/MCAL/TIMER1/TIMER1_Program.o
                0x000016a0                TIMER1_voidSetDutyCycle
 .text.TIMER1_voidStop
                0x000016c4       0x40 ./Inc/MCAL/TIMER1/TIMER1_Program.o
                0x000016c4                TIMER1_voidStop
 .text.TIMER1_ICUsetEdgeDetectionMode
                0x00001704       0x3e ./Inc/MCAL/TIMER1/TIMER1_Program.o
                0x00001704                TIMER1_ICUsetEdgeDetectionMode
 .text.TIMER1_ICUgetInputCaptureValue
                0x00001742       0x16 ./Inc/MCAL/TIMER1/TIMER1_Program.o
                0x00001742                TIMER1_ICUgetInputCaptureValue
 .text.TIMER1_ICUclearTimerValue
                0x00001758       0x16 ./Inc/MCAL/TIMER1/TIMER1_Program.o
                0x00001758                TIMER1_ICUclearTimerValue
 .text.TIMER1_ICUDeInit
                0x0000176e       0x38 ./Inc/MCAL/TIMER1/TIMER1_Program.o
                0x0000176e                TIMER1_ICUDeInit
 .text.TIMER1_voidTIMER1ICUSetCallBack
                0x000017a6       0x24 ./Inc/MCAL/TIMER1/TIMER1_Program.o
                0x000017a6                TIMER1_voidTIMER1ICUSetCallBack
 .text.TIMER1_voidTIMER1CTCSetCallBack
                0x000017ca       0x24 ./Inc/MCAL/TIMER1/TIMER1_Program.o
                0x000017ca                TIMER1_voidTIMER1CTCSetCallBack
 .text.__vector_6
                0x000017ee       0x66 ./Inc/MCAL/TIMER1/TIMER1_Program.o
                0x000017ee                __vector_6
 .text.__vector_7
                0x00001854       0x66 ./Inc/MCAL/TIMER1/TIMER1_Program.o
                0x00001854                __vector_7
 .text.SPI_voidMasterInit
                0x000018ba       0x7e ./Inc/MCAL/SPI/SPI_Program.o
                0x000018ba                SPI_voidMasterInit
 .text.SPI_voidSlaveInit
                0x00001938       0x54 ./Inc/MCAL/SPI/SPI_Program.o
                0x00001938                SPI_voidSlaveInit
 .text.SPI_u8Transfer
                0x0000198c       0x36 ./Inc/MCAL/SPI/SPI_Program.o
                0x0000198c                SPI_u8Transfer
 .text.SPI_voidSetCallBack
                0x000019c2       0x24 ./Inc/MCAL/SPI/SPI_Program.o
                0x000019c2                SPI_voidSetCallBack
 .text.SPI_u8ReadDataISR
                0x000019e6       0x14 ./Inc/MCAL/SPI/SPI_Program.o
                0x000019e6                SPI_u8ReadDataISR
 .text.SPI_voidSendDataISR
                0x000019fa       0x1c ./Inc/MCAL/SPI/SPI_Program.o
                0x000019fa                SPI_voidSendDataISR
 .text.__vector_12
                0x00001a16       0x66 ./Inc/MCAL/SPI/SPI_Program.o
                0x00001a16                __vector_12
 .text.PORT_voidInit
                0x00001a7c       0x48 ./Inc/MCAL/Port/Port_Program.o
                0x00001a7c                PORT_voidInit
 .text.GIE_voidEnable
                0x00001ac4       0x1c ./Inc/MCAL/GIE/GIE_Program.o
                0x00001ac4                GIE_voidEnable
 .text.GIE_voidDisable
                0x00001ae0       0x1c ./Inc/MCAL/GIE/GIE_Program.o
                0x00001ae0                GIE_voidDisable
 .text.EXTI0_voidInit
                0x00001afc       0x2a ./Inc/MCAL/EXT_INT/EXT_INT_Program.o
                0x00001afc                EXTI0_voidInit
 .text.EXTI0_voidEnable
                0x00001b26       0x1c ./Inc/MCAL/EXT_INT/EXT_INT_Program.o
                0x00001b26                EXTI0_voidEnable
 .text.EXTI0_voidDisable
                0x00001b42       0x1c ./Inc/MCAL/EXT_INT/EXT_INT_Program.o
                0x00001b42                EXTI0_voidDisable
 .text.EXT0_voidSetSignalch
                0x00001b5e       0xce ./Inc/MCAL/EXT_INT/EXT_INT_Program.o
                0x00001b5e                EXT0_voidSetSignalch
 .text.EXTI1_voidInit
                0x00001c2c       0x2a ./Inc/MCAL/EXT_INT/EXT_INT_Program.o
                0x00001c2c                EXTI1_voidInit
 .text.EXTI1_voidEnable
                0x00001c56       0x1c ./Inc/MCAL/EXT_INT/EXT_INT_Program.o
                0x00001c56                EXTI1_voidEnable
 .text.EXTI1_voidDisable
                0x00001c72       0x1c ./Inc/MCAL/EXT_INT/EXT_INT_Program.o
                0x00001c72                EXTI1_voidDisable
 .text.EXT1_voidSetSignalch
                0x00001c8e       0xce ./Inc/MCAL/EXT_INT/EXT_INT_Program.o
                0x00001c8e                EXT1_voidSetSignalch
 .text.EXTI2_voidInit
                0x00001d5c       0x1c ./Inc/MCAL/EXT_INT/EXT_INT_Program.o
                0x00001d5c                EXTI2_voidInit
 .text.EXTI2_voidEnable
                0x00001d78       0x1c ./Inc/MCAL/EXT_INT/EXT_INT_Program.o
                0x00001d78                EXTI2_voidEnable
 .text.EXTI2_voidDisable
                0x00001d94       0x1c ./Inc/MCAL/EXT_INT/EXT_INT_Program.o
                0x00001d94                EXTI2_voidDisable
 .text.EXT2_voidSetSignalch
                0x00001db0       0x56 ./Inc/MCAL/EXT_INT/EXT_INT_Program.o
                0x00001db0                EXT2_voidSetSignalch
 .text.EXT0_VID_SET_CALL_BACK
                0x00001e06       0x2c ./Inc/MCAL/EXT_INT/EXT_INT_Program.o
                0x00001e06                EXT0_VID_SET_CALL_BACK
 .text.EXT1_VID_SET_CALL_BACK
                0x00001e32       0x2c ./Inc/MCAL/EXT_INT/EXT_INT_Program.o
                0x00001e32                EXT1_VID_SET_CALL_BACK
 .text.EXT2_VID_SET_CALL_BACK
                0x00001e5e       0x2c ./Inc/MCAL/EXT_INT/EXT_INT_Program.o
                0x00001e5e                EXT2_VID_SET_CALL_BACK
 .text.__vector_1
                0x00001e8a       0x66 ./Inc/MCAL/EXT_INT/EXT_INT_Program.o
                0x00001e8a                __vector_1
 .text.__vector_2
                0x00001ef0       0x66 ./Inc/MCAL/EXT_INT/EXT_INT_Program.o
                0x00001ef0                __vector_2
 .text.__vector_3
                0x00001f56       0x66 ./Inc/MCAL/EXT_INT/EXT_INT_Program.o
                0x00001f56                __vector_3
 .text.DIO_u8SetPinValue
                0x00001fbc      0x1fc ./Inc/MCAL/DIO/DIO_Program.o
                0x00001fbc                DIO_u8SetPinValue
 .text.DIO_u8SetPortValue
                0x000021b8       0x96 ./Inc/MCAL/DIO/DIO_Program.o
                0x000021b8                DIO_u8SetPortValue
 .text.DIO_GetPinValue
                0x0000224e      0x11a ./Inc/MCAL/DIO/DIO_Program.o
                0x0000224e                DIO_GetPinValue
 .text.DIO_u8GetPinValue
                0x00002368       0xf4 ./Inc/MCAL/DIO/DIO_Program.o
                0x00002368                DIO_u8GetPinValue
 .text.DIO_voidSetPortValue
                0x0000245c       0x1c ./Inc/MCAL/DIO/DIO_Program.o
                0x0000245c                DIO_voidSetPortValue
 .text.ADC_voidInit
                0x00002478       0x7a ./Inc/MCAL/ADC/NTI_ADC_Program.o
                0x00002478                ADC_voidInit
 .text.ADC_voidEnable
                0x000024f2       0x1c ./Inc/MCAL/ADC/NTI_ADC_Program.o
                0x000024f2                ADC_voidEnable
 .text.ADC_voidInterrputEnable
                0x0000250e       0x1c ./Inc/MCAL/ADC/NTI_ADC_Program.o
                0x0000250e                ADC_voidInterrputEnable
 .text.ADC_voidDisable
                0x0000252a       0x1c ./Inc/MCAL/ADC/NTI_ADC_Program.o
                0x0000252a                ADC_voidDisable
 .text.ADC_u16ReadADC
                0x00002546       0x76 ./Inc/MCAL/ADC/NTI_ADC_Program.o
                0x00002546                ADC_u16ReadADC
 .text.ADC_voidStartConversion
                0x000025bc       0x64 ./Inc/MCAL/ADC/NTI_ADC_Program.o
                0x000025bc                ADC_voidStartConversion
 .text.ADC_voidStartInterruptConversion
                0x00002620       0x40 ./Inc/MCAL/ADC/NTI_ADC_Program.o
                0x00002620                ADC_voidStartInterruptConversion
 .text.ADC_u16ReadADCInMV
                0x00002660       0x94 ./Inc/MCAL/ADC/NTI_ADC_Program.o
                0x00002660                ADC_u16ReadADCInMV
 .text.ADC_voidDisableInt
                0x000026f4       0x1c ./Inc/MCAL/ADC/NTI_ADC_Program.o
                0x000026f4                ADC_voidDisableInt
 .text.ADC_voidSetCallback
                0x00002710       0x2c ./Inc/MCAL/ADC/NTI_ADC_Program.o
                0x00002710                ADC_voidSetCallback
 .text.__vector_16
                0x0000273c       0x66 ./Inc/MCAL/ADC/NTI_ADC_Program.o
                0x0000273c                __vector_16
 .text.Motor_voidInit
                0x000027a2       0x14 ./Inc/HAL/Motor/Motor_Program.o
                0x000027a2                Motor_voidInit
 .text.Motor_voidSetSpeed
                0x000027b6       0x80 ./Inc/HAL/Motor/Motor_Program.o
                0x000027b6                Motor_voidSetSpeed
 .text.LED_voidInit
                0x00002836       0x26 ./Inc/HAL/LED/LED_Program.o
                0x00002836                LED_voidInit
 .text.LED_voidRIGHT
                0x0000285c       0x36 ./Inc/HAL/LED/LED_Program.o
                0x0000285c                LED_voidRIGHT
 .text.LED_voidLEFT
                0x00002892       0x36 ./Inc/HAL/LED/LED_Program.o
                0x00002892                LED_voidLEFT
 .text.LED_voidCloseTraffic
                0x000028c8       0x22 ./Inc/HAL/LED/LED_Program.o
                0x000028c8                LED_voidCloseTraffic
 .text.LED_voidFRONT
                0x000028ea       0x30 ./Inc/HAL/LED/LED_Program.o
                0x000028ea                LED_voidFRONT
 .text.LED_voidBACK
                0x0000291a       0x30 ./Inc/HAL/LED/LED_Program.o
                0x0000291a                LED_voidBACK
 .text.LCD_voidInit
                0x0000294a      0xc00 ./Inc/HAL/LCD2/LCD_Imp.o
                0x0000294a                LCD_voidInit
 .text.LCD_voidSendCommand
                0x0000354a      0x1e0 ./Inc/HAL/LCD2/LCD_Imp.o
                0x0000354a                LCD_voidSendCommand
 .text.LCD_voidSendInitCommand
                0x0000372a      0x180 ./Inc/HAL/LCD2/LCD_Imp.o
                0x0000372a                LCD_voidSendInitCommand
 .text.LCD_voidWriteChar
                0x000038aa      0x1e0 ./Inc/HAL/LCD2/LCD_Imp.o
                0x000038aa                LCD_voidWriteChar
 .text.LCD_voidWriteString
                0x00003a8a       0x52 ./Inc/HAL/LCD2/LCD_Imp.o
                0x00003a8a                LCD_voidWriteString
 .text.IntToString
                0x00003adc      0x18a ./Inc/HAL/LCD2/LCD_Imp.o
                0x00003adc                IntToString
 .text.LCD_voidWriteIntData
                0x00003c66       0x6a ./Inc/HAL/LCD2/LCD_Imp.o
                0x00003c66                LCD_voidWriteIntData
 .text.LCD_voidWriteFloatData
                0x00003cd0      0x13e ./Inc/HAL/LCD2/LCD_Imp.o
                0x00003cd0                LCD_voidWriteFloatData
 .text.LCD_voidGoToPosition
                0x00003e0e       0x62 ./Inc/HAL/LCD2/LCD_Imp.o
                0x00003e0e                LCD_voidGoToPosition
 .text.LCD_voidClear
                0x00003e70       0x26 ./Inc/HAL/LCD2/LCD_Imp.o
                0x00003e70                LCD_voidClear
 .text.LCD_voidClearLine
                0x00003e96       0x3c ./Inc/HAL/LCD2/LCD_Imp.o
                0x00003e96                LCD_voidClearLine
 .text.LCD_voidDisplaySpecialChar
                0x00003ed2       0x9a ./Inc/HAL/LCD2/LCD_Imp.o
                0x00003ed2                LCD_voidDisplaySpecialChar
 .text.KPD_u8GetPressedKey
                0x00003f6c       0xf2 ./Inc/HAL/KeyPad/KPD_Program.o
                0x00003f6c                KPD_u8GetPressedKey
 .text.libgcc   0x0000405e       0x3e d:/hazim/01- embedded systems avr tools/01- imt sdk/imt_sdk_win_64/imt_sdk_win_64/winavr/bin/../lib/gcc/avr/4.3.3/avr5\libgcc.a(_mulsi3.o)
                0x0000405e                __mulsi3
 .text.libgcc   0x0000409c       0x36 d:/hazim/01- embedded systems avr tools/01- imt sdk/imt_sdk_win_64/imt_sdk_win_64/winavr/bin/../lib/gcc/avr/4.3.3/avr5\libgcc.a(_divmodsi4.o)
                0x0000409c                __divmodsi4
 .text.libgcc   0x000040d2        0x0 d:/hazim/01- embedded systems avr tools/01- imt sdk/imt_sdk_win_64/imt_sdk_win_64/winavr/bin/../lib/gcc/avr/4.3.3/avr5\libgcc.a(_exit.o)
 .text.libgcc   0x000040d2        0x0 d:/hazim/01- embedded systems avr tools/01- imt sdk/imt_sdk_win_64/imt_sdk_win_64/winavr/bin/../lib/gcc/avr/4.3.3/avr5\libgcc.a(_copy_data.o)
 .text.libgcc   0x000040d2        0x0 d:/hazim/01- embedded systems avr tools/01- imt sdk/imt_sdk_win_64/imt_sdk_win_64/winavr/bin/../lib/gcc/avr/4.3.3/avr5\libgcc.a(_clear_bss.o)
 .text.libgcc   0x000040d2       0x44 d:/hazim/01- embedded systems avr tools/01- imt sdk/imt_sdk_win_64/imt_sdk_win_64/winavr/bin/../lib/gcc/avr/4.3.3/avr5\libgcc.a(_udivmodsi4.o)
                0x000040d2                __udivmodsi4
 .text.libgcc   0x00004116       0x38 d:/hazim/01- embedded systems avr tools/01- imt sdk/imt_sdk_win_64/imt_sdk_win_64/winavr/bin/../lib/gcc/avr/4.3.3/avr5\libgcc.a(_prologue.o)
                0x00004116                __prologue_saves__
 .text.libgcc   0x0000414e       0x36 d:/hazim/01- embedded systems avr tools/01- imt sdk/imt_sdk_win_64/imt_sdk_win_64/winavr/bin/../lib/gcc/avr/4.3.3/avr5\libgcc.a(_epilogue.o)
                0x0000414e                __epilogue_restores__
                0x00004184                . = ALIGN (0x2)
 *(.fini9)
 .fini9         0x00004184        0x0 d:/hazim/01- embedded systems avr tools/01- imt sdk/imt_sdk_win_64/imt_sdk_win_64/winavr/bin/../lib/gcc/avr/4.3.3/avr5\libgcc.a(_exit.o)
                0x00004184                exit
                0x00004184                _exit
 *(.fini9)
 *(.fini8)
 *(.fini8)
 *(.fini7)
 *(.fini7)
 *(.fini6)
 *(.fini6)
 *(.fini5)
 *(.fini5)
 *(.fini4)
 *(.fini4)
 *(.fini3)
 *(.fini3)
 *(.fini2)
 *(.fini2)
 *(.fini1)
 *(.fini1)
 *(.fini0)
 .fini0         0x00004184        0x4 d:/hazim/01- embedded systems avr tools/01- imt sdk/imt_sdk_win_64/imt_sdk_win_64/winavr/bin/../lib/gcc/avr/4.3.3/avr5\libgcc.a(_exit.o)
 *(.fini0)
                0x00004188                _etext = .

.data           0x00800060      0x126 load address 0x00004188
                0x00800060                PROVIDE (__data_start, .)
 *(.data)
 .data          0x00800060        0x0 d:/hazim/01- embedded systems avr tools/01- imt sdk/imt_sdk_win_64/imt_sdk_win_64/winavr/bin/../lib/gcc/avr/4.3.3/../../../../avr/lib/avr5/crtm32.o
 .data          0x00800060        0x0 ./Src/main.o
 .data          0x00800060        0x0 ./Inc/MCAL/USART/USART_Imp.o
 .data          0x00800060        0x0 ./Inc/MCAL/TIMER2/TIMER2_Program.o
 .data          0x00800060        0x0 ./Inc/MCAL/TIMER1/TIMER1_Program.o
 .data          0x00800060        0x0 ./Inc/MCAL/TIMER0/TIMER0_Program.o
 .data          0x00800060        0x0 ./Inc/MCAL/SPI/SPI_Program.o
 .data          0x00800060        0x0 ./Inc/MCAL/Port/Port_Program.o
 .data          0x00800060        0x0 ./Inc/MCAL/ICU/ICU_Program.o
 .data          0x00800060        0x0 ./Inc/MCAL/GIE/GIE_Program.o
 .data          0x00800060        0x0 ./Inc/MCAL/EXT_INT/EXT_INT_Program.o
 .data          0x00800060        0x0 ./Inc/MCAL/DIO/DIO_Program.o
 .data          0x00800060        0x0 ./Inc/MCAL/ADC/NTI_ADC_Program.o
 .data          0x00800060        0x0 ./Inc/HAL/Servo/ServoMotor_Program.o
 .data          0x00800060        0x0 ./Inc/HAL/Motor/Motor_Program.o
 .data          0x00800060        0x0 ./Inc/HAL/LED/LED_Program.o
 .data          0x00800060        0x0 ./Inc/HAL/LCD2/LCD_Imp.o
 .data          0x00800060        0x0 ./Inc/HAL/KeyPad/KPD_Program.o
 .data          0x00800060        0x0 ./Inc/APP/APP_Program.o
 .data          0x00800060        0x0 d:/hazim/01- embedded systems avr tools/01- imt sdk/imt_sdk_win_64/imt_sdk_win_64/winavr/bin/../lib/gcc/avr/4.3.3/avr5\libgcc.a(_mulsi3.o)
 .data          0x00800060        0x0 d:/hazim/01- embedded systems avr tools/01- imt sdk/imt_sdk_win_64/imt_sdk_win_64/winavr/bin/../lib/gcc/avr/4.3.3/avr5\libgcc.a(_divmodsi4.o)
 .data          0x00800060        0x0 d:/hazim/01- embedded systems avr tools/01- imt sdk/imt_sdk_win_64/imt_sdk_win_64/winavr/bin/../lib/gcc/avr/4.3.3/avr5\libgcc.a(_exit.o)
 .data          0x00800060        0x0 d:/hazim/01- embedded systems avr tools/01- imt sdk/imt_sdk_win_64/imt_sdk_win_64/winavr/bin/../lib/gcc/avr/4.3.3/avr5\libgcc.a(_copy_data.o)
 .data          0x00800060        0x0 d:/hazim/01- embedded systems avr tools/01- imt sdk/imt_sdk_win_64/imt_sdk_win_64/winavr/bin/../lib/gcc/avr/4.3.3/avr5\libgcc.a(_clear_bss.o)
 .data          0x00800060        0x0 d:/hazim/01- embedded systems avr tools/01- imt sdk/imt_sdk_win_64/imt_sdk_win_64/winavr/bin/../lib/gcc/avr/4.3.3/avr5\libgcc.a(_fixunssfsi.o)
 .data          0x00800060        0x0 d:/hazim/01- embedded systems avr tools/01- imt sdk/imt_sdk_win_64/imt_sdk_win_64/winavr/bin/../lib/gcc/avr/4.3.3/avr5\libgcc.a(_addsub_sf.o)
 .data          0x00800060        0x0 d:/hazim/01- embedded systems avr tools/01- imt sdk/imt_sdk_win_64/imt_sdk_win_64/winavr/bin/../lib/gcc/avr/4.3.3/avr5\libgcc.a(_mul_sf.o)
 .data          0x00800060        0x0 d:/hazim/01- embedded systems avr tools/01- imt sdk/imt_sdk_win_64/imt_sdk_win_64/winavr/bin/../lib/gcc/avr/4.3.3/avr5\libgcc.a(_div_sf.o)
 .data          0x00800060        0x0 d:/hazim/01- embedded systems avr tools/01- imt sdk/imt_sdk_win_64/imt_sdk_win_64/winavr/bin/../lib/gcc/avr/4.3.3/avr5\libgcc.a(_gt_sf.o)
 .data          0x00800060        0x0 d:/hazim/01- embedded systems avr tools/01- imt sdk/imt_sdk_win_64/imt_sdk_win_64/winavr/bin/../lib/gcc/avr/4.3.3/avr5\libgcc.a(_ge_sf.o)
 .data          0x00800060        0x0 d:/hazim/01- embedded systems avr tools/01- imt sdk/imt_sdk_win_64/imt_sdk_win_64/winavr/bin/../lib/gcc/avr/4.3.3/avr5\libgcc.a(_lt_sf.o)
 .data          0x00800060        0x0 d:/hazim/01- embedded systems avr tools/01- imt sdk/imt_sdk_win_64/imt_sdk_win_64/winavr/bin/../lib/gcc/avr/4.3.3/avr5\libgcc.a(_sf_to_si.o)
 .data          0x00800060        0x8 d:/hazim/01- embedded systems avr tools/01- imt sdk/imt_sdk_win_64/imt_sdk_win_64/winavr/bin/../lib/gcc/avr/4.3.3/avr5\libgcc.a(_thenan_sf.o)
                0x00800060                __thenan_sf
 .data          0x00800068        0x0 d:/hazim/01- embedded systems avr tools/01- imt sdk/imt_sdk_win_64/imt_sdk_win_64/winavr/bin/../lib/gcc/avr/4.3.3/avr5\libgcc.a(_usi_to_sf.o)
 .data          0x00800068        0x0 d:/hazim/01- embedded systems avr tools/01- imt sdk/imt_sdk_win_64/imt_sdk_win_64/winavr/bin/../lib/gcc/avr/4.3.3/avr5\libgcc.a(_udivmodsi4.o)
 .data          0x00800068        0x0 d:/hazim/01- embedded systems avr tools/01- imt sdk/imt_sdk_win_64/imt_sdk_win_64/winavr/bin/../lib/gcc/avr/4.3.3/avr5\libgcc.a(_prologue.o)
 .data          0x00800068        0x0 d:/hazim/01- embedded systems avr tools/01- imt sdk/imt_sdk_win_64/imt_sdk_win_64/winavr/bin/../lib/gcc/avr/4.3.3/avr5\libgcc.a(_epilogue.o)
 .data          0x00800068        0x0 d:/hazim/01- embedded systems avr tools/01- imt sdk/imt_sdk_win_64/imt_sdk_win_64/winavr/bin/../lib/gcc/avr/4.3.3/avr5\libgcc.a(_clzsi2.o)
 .data          0x00800068        0x0 d:/hazim/01- embedded systems avr tools/01- imt sdk/imt_sdk_win_64/imt_sdk_win_64/winavr/bin/../lib/gcc/avr/4.3.3/avr5\libgcc.a(_pack_sf.o)
 .data          0x00800068        0x0 d:/hazim/01- embedded systems avr tools/01- imt sdk/imt_sdk_win_64/imt_sdk_win_64/winavr/bin/../lib/gcc/avr/4.3.3/avr5\libgcc.a(_unpack_sf.o)
 .data          0x00800068        0x0 d:/hazim/01- embedded systems avr tools/01- imt sdk/imt_sdk_win_64/imt_sdk_win_64/winavr/bin/../lib/gcc/avr/4.3.3/avr5\libgcc.a(_fpcmp_parts_sf.o)
 .data          0x00800068      0x100 d:/hazim/01- embedded systems avr tools/01- imt sdk/imt_sdk_win_64/imt_sdk_win_64/winavr/bin/../lib/gcc/avr/4.3.3/avr5\libgcc.a(_clz.o)
                0x00800068                __clz_tab
 *(.data*)
 .data.R_W      0x00800168        0x1 ./Src/main.o
                0x00800168                R_W
 .data.counter.1264
                0x00800169        0x1 ./Inc/MCAL/SPI/SPI_Program.o
 .data.Vref     0x0080016a        0x4 ./Inc/MCAL/ADC/NTI_ADC_Program.o
                0x0080016a                Vref
 .data.Local_u8KPDRowArr.1215
                0x0080016e        0x4 ./Inc/HAL/KeyPad/KPD_Program.o
 .data.Local_u8KPDColmArr.1214
                0x00800172        0x4 ./Inc/HAL/KeyPad/KPD_Program.o
 .data.Local_u8KPDArr.1213
                0x00800176       0x10 ./Inc/HAL/KeyPad/KPD_Program.o
 *(.rodata)
 *(.rodata*)
 *(.gnu.linkonce.d*)
                0x00800186                . = ALIGN (0x2)
                0x00800186                _edata = .
                0x00800186                PROVIDE (__data_end, .)

.bss            0x00800186       0x24
                0x00800186                PROVIDE (__bss_start, .)
 *(.bss)
 .bss           0x00800186        0x0 d:/hazim/01- embedded systems avr tools/01- imt sdk/imt_sdk_win_64/imt_sdk_win_64/winavr/bin/../lib/gcc/avr/4.3.3/../../../../avr/lib/avr5/crtm32.o
 .bss           0x00800186        0x0 ./Src/main.o
 .bss           0x00800186        0x0 ./Inc/MCAL/USART/USART_Imp.o
 .bss           0x00800186        0x0 ./Inc/MCAL/TIMER2/TIMER2_Program.o
 .bss           0x00800186        0x0 ./Inc/MCAL/TIMER1/TIMER1_Program.o
 .bss           0x00800186        0x0 ./Inc/MCAL/TIMER0/TIMER0_Program.o
 .bss           0x00800186        0x0 ./Inc/MCAL/SPI/SPI_Program.o
 .bss           0x00800186        0x0 ./Inc/MCAL/Port/Port_Program.o
 .bss           0x00800186        0x0 ./Inc/MCAL/ICU/ICU_Program.o
 .bss           0x00800186        0x0 ./Inc/MCAL/GIE/GIE_Program.o
 .bss           0x00800186        0x0 ./Inc/MCAL/EXT_INT/EXT_INT_Program.o
 .bss           0x00800186        0x0 ./Inc/MCAL/DIO/DIO_Program.o
 .bss           0x00800186        0x0 ./Inc/MCAL/ADC/NTI_ADC_Program.o
 .bss           0x00800186        0x0 ./Inc/HAL/Servo/ServoMotor_Program.o
 .bss           0x00800186        0x0 ./Inc/HAL/Motor/Motor_Program.o
 .bss           0x00800186        0x0 ./Inc/HAL/LED/LED_Program.o
 .bss           0x00800186        0x0 ./Inc/HAL/LCD2/LCD_Imp.o
 .bss           0x00800186        0x0 ./Inc/HAL/KeyPad/KPD_Program.o
 .bss           0x00800186        0x0 ./Inc/APP/APP_Program.o
 .bss           0x00800186        0x0 d:/hazim/01- embedded systems avr tools/01- imt sdk/imt_sdk_win_64/imt_sdk_win_64/winavr/bin/../lib/gcc/avr/4.3.3/avr5\libgcc.a(_mulsi3.o)
 .bss           0x00800186        0x0 d:/hazim/01- embedded systems avr tools/01- imt sdk/imt_sdk_win_64/imt_sdk_win_64/winavr/bin/../lib/gcc/avr/4.3.3/avr5\libgcc.a(_divmodsi4.o)
 .bss           0x00800186        0x0 d:/hazim/01- embedded systems avr tools/01- imt sdk/imt_sdk_win_64/imt_sdk_win_64/winavr/bin/../lib/gcc/avr/4.3.3/avr5\libgcc.a(_exit.o)
 .bss           0x00800186        0x0 d:/hazim/01- embedded systems avr tools/01- imt sdk/imt_sdk_win_64/imt_sdk_win_64/winavr/bin/../lib/gcc/avr/4.3.3/avr5\libgcc.a(_copy_data.o)
 .bss           0x00800186        0x0 d:/hazim/01- embedded systems avr tools/01- imt sdk/imt_sdk_win_64/imt_sdk_win_64/winavr/bin/../lib/gcc/avr/4.3.3/avr5\libgcc.a(_clear_bss.o)
 .bss           0x00800186        0x0 d:/hazim/01- embedded systems avr tools/01- imt sdk/imt_sdk_win_64/imt_sdk_win_64/winavr/bin/../lib/gcc/avr/4.3.3/avr5\libgcc.a(_fixunssfsi.o)
 .bss           0x00800186        0x0 d:/hazim/01- embedded systems avr tools/01- imt sdk/imt_sdk_win_64/imt_sdk_win_64/winavr/bin/../lib/gcc/avr/4.3.3/avr5\libgcc.a(_addsub_sf.o)
 .bss           0x00800186        0x0 d:/hazim/01- embedded systems avr tools/01- imt sdk/imt_sdk_win_64/imt_sdk_win_64/winavr/bin/../lib/gcc/avr/4.3.3/avr5\libgcc.a(_mul_sf.o)
 .bss           0x00800186        0x0 d:/hazim/01- embedded systems avr tools/01- imt sdk/imt_sdk_win_64/imt_sdk_win_64/winavr/bin/../lib/gcc/avr/4.3.3/avr5\libgcc.a(_div_sf.o)
 .bss           0x00800186        0x0 d:/hazim/01- embedded systems avr tools/01- imt sdk/imt_sdk_win_64/imt_sdk_win_64/winavr/bin/../lib/gcc/avr/4.3.3/avr5\libgcc.a(_gt_sf.o)
 .bss           0x00800186        0x0 d:/hazim/01- embedded systems avr tools/01- imt sdk/imt_sdk_win_64/imt_sdk_win_64/winavr/bin/../lib/gcc/avr/4.3.3/avr5\libgcc.a(_ge_sf.o)
 .bss           0x00800186        0x0 d:/hazim/01- embedded systems avr tools/01- imt sdk/imt_sdk_win_64/imt_sdk_win_64/winavr/bin/../lib/gcc/avr/4.3.3/avr5\libgcc.a(_lt_sf.o)
 .bss           0x00800186        0x0 d:/hazim/01- embedded systems avr tools/01- imt sdk/imt_sdk_win_64/imt_sdk_win_64/winavr/bin/../lib/gcc/avr/4.3.3/avr5\libgcc.a(_sf_to_si.o)
 .bss           0x00800186        0x0 d:/hazim/01- embedded systems avr tools/01- imt sdk/imt_sdk_win_64/imt_sdk_win_64/winavr/bin/../lib/gcc/avr/4.3.3/avr5\libgcc.a(_thenan_sf.o)
 .bss           0x00800186        0x0 d:/hazim/01- embedded systems avr tools/01- imt sdk/imt_sdk_win_64/imt_sdk_win_64/winavr/bin/../lib/gcc/avr/4.3.3/avr5\libgcc.a(_usi_to_sf.o)
 .bss           0x00800186        0x0 d:/hazim/01- embedded systems avr tools/01- imt sdk/imt_sdk_win_64/imt_sdk_win_64/winavr/bin/../lib/gcc/avr/4.3.3/avr5\libgcc.a(_udivmodsi4.o)
 .bss           0x00800186        0x0 d:/hazim/01- embedded systems avr tools/01- imt sdk/imt_sdk_win_64/imt_sdk_win_64/winavr/bin/../lib/gcc/avr/4.3.3/avr5\libgcc.a(_prologue.o)
 .bss           0x00800186        0x0 d:/hazim/01- embedded systems avr tools/01- imt sdk/imt_sdk_win_64/imt_sdk_win_64/winavr/bin/../lib/gcc/avr/4.3.3/avr5\libgcc.a(_epilogue.o)
 .bss           0x00800186        0x0 d:/hazim/01- embedded systems avr tools/01- imt sdk/imt_sdk_win_64/imt_sdk_win_64/winavr/bin/../lib/gcc/avr/4.3.3/avr5\libgcc.a(_clzsi2.o)
 .bss           0x00800186        0x0 d:/hazim/01- embedded systems avr tools/01- imt sdk/imt_sdk_win_64/imt_sdk_win_64/winavr/bin/../lib/gcc/avr/4.3.3/avr5\libgcc.a(_pack_sf.o)
 .bss           0x00800186        0x0 d:/hazim/01- embedded systems avr tools/01- imt sdk/imt_sdk_win_64/imt_sdk_win_64/winavr/bin/../lib/gcc/avr/4.3.3/avr5\libgcc.a(_unpack_sf.o)
 .bss           0x00800186        0x0 d:/hazim/01- embedded systems avr tools/01- imt sdk/imt_sdk_win_64/imt_sdk_win_64/winavr/bin/../lib/gcc/avr/4.3.3/avr5\libgcc.a(_fpcmp_parts_sf.o)
 .bss           0x00800186        0x0 d:/hazim/01- embedded systems avr tools/01- imt sdk/imt_sdk_win_64/imt_sdk_win_64/winavr/bin/../lib/gcc/avr/4.3.3/avr5\libgcc.a(_clz.o)
 *(.bss*)
 .bss.SPI_RX_Flag
                0x00800186        0x1 ./Src/main.o
                0x00800186                SPI_RX_Flag
 .bss.USART_RX_Flag
                0x00800187        0x1 ./Src/main.o
                0x00800187                USART_RX_Flag
 .bss.Data_Count
                0x00800188        0x1 ./Src/main.o
                0x00800188                Data_Count
 .bss.Global_ID
                0x00800189        0x1 ./Src/main.o
                0x00800189                Global_ID
 .bss.current_ADC
                0x0080018a        0x1 ./Src/main.o
                0x0080018a                current_ADC
 .bss.state     0x0080018b        0x1 ./Src/main.o
                0x0080018b                state
 .bss.Global_UDRECallBack
                0x0080018c        0x2 ./Inc/MCAL/USART/USART_Imp.o
 .bss.Global_RXCCallBack
                0x0080018e        0x2 ./Inc/MCAL/USART/USART_Imp.o
 .bss.Global_pvTimerICUCallBack
                0x00800190        0x2 ./Inc/MCAL/TIMER1/TIMER1_Program.o
 .bss.Global_pvTimerCTCCallBack
                0x00800192        0x2 ./Inc/MCAL/TIMER1/TIMER1_Program.o
 .bss.Global_pvSPICallBack
                0x00800194        0x2 ./Inc/MCAL/SPI/SPI_Program.o
 .bss.EXTI_pvINT0Func
                0x00800196        0x2 ./Inc/MCAL/EXT_INT/EXT_INT_Program.o
                0x00800196                EXTI_pvINT0Func
 .bss.EXTI_pvINT1Func
                0x00800198        0x2 ./Inc/MCAL/EXT_INT/EXT_INT_Program.o
                0x00800198                EXTI_pvINT1Func
 .bss.EXTI_pvINT2Func
                0x0080019a        0x2 ./Inc/MCAL/EXT_INT/EXT_INT_Program.o
                0x0080019a                EXTI_pvINT2Func
 .bss.REF       0x0080019c        0x4 ./Inc/MCAL/ADC/NTI_ADC_Program.o
                0x0080019c                REF
 *(COMMON)
 COMMON         0x008001a0        0x8 ./Src/main.o
                0x008001a0                readings
 COMMON         0x008001a8        0x2 ./Inc/MCAL/ADC/NTI_ADC_Program.o
                0x008001a8                ADC_pvFunc
                0x008001aa                PROVIDE (__bss_end, .)
                0x00004188                __data_load_start = LOADADDR (.data)
                0x000042ae                __data_load_end = (__data_load_start + SIZEOF (.data))

.noinit         0x008001aa        0x0
                0x008001aa                PROVIDE (__noinit_start, .)
 *(.noinit*)
                0x008001aa                PROVIDE (__noinit_end, .)
                0x008001aa                _end = .
                0x008001aa                PROVIDE (__heap_start, .)

.eeprom         0x00810000        0x0
 *(.eeprom*)
                0x00810000                __eeprom_end = .

.fuse
 *(.fuse)
 *(.lfuse)
 *(.hfuse)
 *(.efuse)

.lock
 *(.lock*)

.signature
 *(.signature*)

.stab           0x00000000     0x4b3c
 *(.stab)
 .stab          0x00000000      0x6e4 ./Src/main.o
 .stab          0x000006e4      0x5b8 ./Inc/MCAL/USART/USART_Imp.o
                                0x5c4 (size before relaxing)
 .stab          0x00000c9c       0xd8 ./Inc/MCAL/TIMER2/TIMER2_Program.o
                                 0xe4 (size before relaxing)
 .stab          0x00000d74      0x588 ./Inc/MCAL/TIMER1/TIMER1_Program.o
                                0x594 (size before relaxing)
 .stab          0x000012fc       0xd8 ./Inc/MCAL/TIMER0/TIMER0_Program.o
                                 0xe4 (size before relaxing)
 .stab          0x000013d4      0x3cc ./Inc/MCAL/SPI/SPI_Program.o
                                0x3d8 (size before relaxing)
 .stab          0x000017a0      0x1ec ./Inc/MCAL/Port/Port_Program.o
                                0x1f8 (size before relaxing)
 .stab          0x0000198c       0xd8 ./Inc/MCAL/ICU/ICU_Program.o
                                 0xe4 (size before relaxing)
 .stab          0x00001a64      0x1c8 ./Inc/MCAL/GIE/GIE_Program.o
                                0x1d4 (size before relaxing)
 .stab          0x00001c2c      0x66c ./Inc/MCAL/EXT_INT/EXT_INT_Program.o
                                0x678 (size before relaxing)
 .stab          0x00002298      0x540 ./Inc/MCAL/DIO/DIO_Program.o
                                0x54c (size before relaxing)
 .stab          0x000027d8      0x4e0 ./Inc/MCAL/ADC/NTI_ADC_Program.o
                                0x4ec (size before relaxing)
 .stab          0x00002cb8       0xd8 ./Inc/HAL/Servo/ServoMotor_Program.o
                                 0xe4 (size before relaxing)
 .stab          0x00002d90      0x228 ./Inc/HAL/Motor/Motor_Program.o
                                0x234 (size before relaxing)
 .stab          0x00002fb8      0x360 ./Inc/HAL/LED/LED_Program.o
                                0x36c (size before relaxing)
 .stab          0x00003318     0x13b0 ./Inc/HAL/LCD2/LCD_Imp.o
                               0x1548 (size before relaxing)
 .stab          0x000046c8      0x2d0 ./Inc/HAL/KeyPad/KPD_Program.o
                                0x2dc (size before relaxing)
 .stab          0x00004998      0x1a4 ./Inc/APP/APP_Program.o
                                0x33c (size before relaxing)

.stabstr        0x00000000     0x1e6b
 *(.stabstr)
 .stabstr       0x00000000     0x1e6b ./Src/main.o

.stab.excl
 *(.stab.excl)

.stab.exclstr
 *(.stab.exclstr)

.stab.index
 *(.stab.index)

.stab.indexstr
 *(.stab.indexstr)

.comment
 *(.comment)

.debug
 *(.debug)

.line
 *(.line)

.debug_srcinfo
 *(.debug_srcinfo)

.debug_sfnames
 *(.debug_sfnames)

.debug_aranges  0x00000000      0x1a0
 *(.debug_aranges)
 .debug_aranges
                0x00000000       0x20 d:/hazim/01- embedded systems avr tools/01- imt sdk/imt_sdk_win_64/imt_sdk_win_64/winavr/bin/../lib/gcc/avr/4.3.3/avr5\libgcc.a(_fixunssfsi.o)
 .debug_aranges
                0x00000020       0x20 d:/hazim/01- embedded systems avr tools/01- imt sdk/imt_sdk_win_64/imt_sdk_win_64/winavr/bin/../lib/gcc/avr/4.3.3/avr5\libgcc.a(_addsub_sf.o)
 .debug_aranges
                0x00000040       0x20 d:/hazim/01- embedded systems avr tools/01- imt sdk/imt_sdk_win_64/imt_sdk_win_64/winavr/bin/../lib/gcc/avr/4.3.3/avr5\libgcc.a(_mul_sf.o)
 .debug_aranges
                0x00000060       0x20 d:/hazim/01- embedded systems avr tools/01- imt sdk/imt_sdk_win_64/imt_sdk_win_64/winavr/bin/../lib/gcc/avr/4.3.3/avr5\libgcc.a(_div_sf.o)
 .debug_aranges
                0x00000080       0x20 d:/hazim/01- embedded systems avr tools/01- imt sdk/imt_sdk_win_64/imt_sdk_win_64/winavr/bin/../lib/gcc/avr/4.3.3/avr5\libgcc.a(_gt_sf.o)
 .debug_aranges
                0x000000a0       0x20 d:/hazim/01- embedded systems avr tools/01- imt sdk/imt_sdk_win_64/imt_sdk_win_64/winavr/bin/../lib/gcc/avr/4.3.3/avr5\libgcc.a(_ge_sf.o)
 .debug_aranges
                0x000000c0       0x20 d:/hazim/01- embedded systems avr tools/01- imt sdk/imt_sdk_win_64/imt_sdk_win_64/winavr/bin/../lib/gcc/avr/4.3.3/avr5\libgcc.a(_lt_sf.o)
 .debug_aranges
                0x000000e0       0x20 d:/hazim/01- embedded systems avr tools/01- imt sdk/imt_sdk_win_64/imt_sdk_win_64/winavr/bin/../lib/gcc/avr/4.3.3/avr5\libgcc.a(_sf_to_si.o)
 .debug_aranges
                0x00000100       0x20 d:/hazim/01- embedded systems avr tools/01- imt sdk/imt_sdk_win_64/imt_sdk_win_64/winavr/bin/../lib/gcc/avr/4.3.3/avr5\libgcc.a(_usi_to_sf.o)
 .debug_aranges
                0x00000120       0x20 d:/hazim/01- embedded systems avr tools/01- imt sdk/imt_sdk_win_64/imt_sdk_win_64/winavr/bin/../lib/gcc/avr/4.3.3/avr5\libgcc.a(_clzsi2.o)
 .debug_aranges
                0x00000140       0x20 d:/hazim/01- embedded systems avr tools/01- imt sdk/imt_sdk_win_64/imt_sdk_win_64/winavr/bin/../lib/gcc/avr/4.3.3/avr5\libgcc.a(_pack_sf.o)
 .debug_aranges
                0x00000160       0x20 d:/hazim/01- embedded systems avr tools/01- imt sdk/imt_sdk_win_64/imt_sdk_win_64/winavr/bin/../lib/gcc/avr/4.3.3/avr5\libgcc.a(_unpack_sf.o)
 .debug_aranges
                0x00000180       0x20 d:/hazim/01- embedded systems avr tools/01- imt sdk/imt_sdk_win_64/imt_sdk_win_64/winavr/bin/../lib/gcc/avr/4.3.3/avr5\libgcc.a(_fpcmp_parts_sf.o)

.debug_pubnames
                0x00000000      0x1f2
 *(.debug_pubnames)
 .debug_pubnames
                0x00000000       0x23 d:/hazim/01- embedded systems avr tools/01- imt sdk/imt_sdk_win_64/imt_sdk_win_64/winavr/bin/../lib/gcc/avr/4.3.3/avr5\libgcc.a(_fixunssfsi.o)
 .debug_pubnames
                0x00000023       0x2c d:/hazim/01- embedded systems avr tools/01- imt sdk/imt_sdk_win_64/imt_sdk_win_64/winavr/bin/../lib/gcc/avr/4.3.3/avr5\libgcc.a(_addsub_sf.o)
 .debug_pubnames
                0x0000004f       0x1f d:/hazim/01- embedded systems avr tools/01- imt sdk/imt_sdk_win_64/imt_sdk_win_64/winavr/bin/../lib/gcc/avr/4.3.3/avr5\libgcc.a(_mul_sf.o)
 .debug_pubnames
                0x0000006e       0x1f d:/hazim/01- embedded systems avr tools/01- imt sdk/imt_sdk_win_64/imt_sdk_win_64/winavr/bin/../lib/gcc/avr/4.3.3/avr5\libgcc.a(_div_sf.o)
 .debug_pubnames
                0x0000008d       0x1e d:/hazim/01- embedded systems avr tools/01- imt sdk/imt_sdk_win_64/imt_sdk_win_64/winavr/bin/../lib/gcc/avr/4.3.3/avr5\libgcc.a(_gt_sf.o)
 .debug_pubnames
                0x000000ab       0x1e d:/hazim/01- embedded systems avr tools/01- imt sdk/imt_sdk_win_64/imt_sdk_win_64/winavr/bin/../lib/gcc/avr/4.3.3/avr5\libgcc.a(_ge_sf.o)
 .debug_pubnames
                0x000000c9       0x1e d:/hazim/01- embedded systems avr tools/01- imt sdk/imt_sdk_win_64/imt_sdk_win_64/winavr/bin/../lib/gcc/avr/4.3.3/avr5\libgcc.a(_lt_sf.o)
 .debug_pubnames
                0x000000e7       0x20 d:/hazim/01- embedded systems avr tools/01- imt sdk/imt_sdk_win_64/imt_sdk_win_64/winavr/bin/../lib/gcc/avr/4.3.3/avr5\libgcc.a(_sf_to_si.o)
 .debug_pubnames
                0x00000107       0x22 d:/hazim/01- embedded systems avr tools/01- imt sdk/imt_sdk_win_64/imt_sdk_win_64/winavr/bin/../lib/gcc/avr/4.3.3/avr5\libgcc.a(_thenan_sf.o)
 .debug_pubnames
                0x00000129       0x24 d:/hazim/01- embedded systems avr tools/01- imt sdk/imt_sdk_win_64/imt_sdk_win_64/winavr/bin/../lib/gcc/avr/4.3.3/avr5\libgcc.a(_usi_to_sf.o)
 .debug_pubnames
                0x0000014d       0x1f d:/hazim/01- embedded systems avr tools/01- imt sdk/imt_sdk_win_64/imt_sdk_win_64/winavr/bin/../lib/gcc/avr/4.3.3/avr5\libgcc.a(_clzsi2.o)
 .debug_pubnames
                0x0000016c       0x1f d:/hazim/01- embedded systems avr tools/01- imt sdk/imt_sdk_win_64/imt_sdk_win_64/winavr/bin/../lib/gcc/avr/4.3.3/avr5\libgcc.a(_pack_sf.o)
 .debug_pubnames
                0x0000018b       0x21 d:/hazim/01- embedded systems avr tools/01- imt sdk/imt_sdk_win_64/imt_sdk_win_64/winavr/bin/../lib/gcc/avr/4.3.3/avr5\libgcc.a(_unpack_sf.o)
 .debug_pubnames
                0x000001ac       0x26 d:/hazim/01- embedded systems avr tools/01- imt sdk/imt_sdk_win_64/imt_sdk_win_64/winavr/bin/../lib/gcc/avr/4.3.3/avr5\libgcc.a(_fpcmp_parts_sf.o)
 .debug_pubnames
                0x000001d2       0x20 d:/hazim/01- embedded systems avr tools/01- imt sdk/imt_sdk_win_64/imt_sdk_win_64/winavr/bin/../lib/gcc/avr/4.3.3/avr5\libgcc.a(_clz.o)

.debug_info     0x00000000     0x240b
 *(.debug_info)
 .debug_info    0x00000000       0xb1 d:/hazim/01- embedded systems avr tools/01- imt sdk/imt_sdk_win_64/imt_sdk_win_64/winavr/bin/../lib/gcc/avr/4.3.3/avr5\libgcc.a(_fixunssfsi.o)
 .debug_info    0x000000b1      0x47a d:/hazim/01- embedded systems avr tools/01- imt sdk/imt_sdk_win_64/imt_sdk_win_64/winavr/bin/../lib/gcc/avr/4.3.3/avr5\libgcc.a(_addsub_sf.o)
 .debug_info    0x0000052b      0x485 d:/hazim/01- embedded systems avr tools/01- imt sdk/imt_sdk_win_64/imt_sdk_win_64/winavr/bin/../lib/gcc/avr/4.3.3/avr5\libgcc.a(_mul_sf.o)
 .debug_info    0x000009b0      0x3fc d:/hazim/01- embedded systems avr tools/01- imt sdk/imt_sdk_win_64/imt_sdk_win_64/winavr/bin/../lib/gcc/avr/4.3.3/avr5\libgcc.a(_div_sf.o)
 .debug_info    0x00000dac      0x27f d:/hazim/01- embedded systems avr tools/01- imt sdk/imt_sdk_win_64/imt_sdk_win_64/winavr/bin/../lib/gcc/avr/4.3.3/avr5\libgcc.a(_gt_sf.o)
 .debug_info    0x0000102b      0x27f d:/hazim/01- embedded systems avr tools/01- imt sdk/imt_sdk_win_64/imt_sdk_win_64/winavr/bin/../lib/gcc/avr/4.3.3/avr5\libgcc.a(_ge_sf.o)
 .debug_info    0x000012aa      0x27f d:/hazim/01- embedded systems avr tools/01- imt sdk/imt_sdk_win_64/imt_sdk_win_64/winavr/bin/../lib/gcc/avr/4.3.3/avr5\libgcc.a(_lt_sf.o)
 .debug_info    0x00001529      0x2b0 d:/hazim/01- embedded systems avr tools/01- imt sdk/imt_sdk_win_64/imt_sdk_win_64/winavr/bin/../lib/gcc/avr/4.3.3/avr5\libgcc.a(_sf_to_si.o)
 .debug_info    0x000017d9      0x12c d:/hazim/01- embedded systems avr tools/01- imt sdk/imt_sdk_win_64/imt_sdk_win_64/winavr/bin/../lib/gcc/avr/4.3.3/avr5\libgcc.a(_thenan_sf.o)
 .debug_info    0x00001905      0x206 d:/hazim/01- embedded systems avr tools/01- imt sdk/imt_sdk_win_64/imt_sdk_win_64/winavr/bin/../lib/gcc/avr/4.3.3/avr5\libgcc.a(_usi_to_sf.o)
 .debug_info    0x00001b0b      0x117 d:/hazim/01- embedded systems avr tools/01- imt sdk/imt_sdk_win_64/imt_sdk_win_64/winavr/bin/../lib/gcc/avr/4.3.3/avr5\libgcc.a(_clzsi2.o)
 .debug_info    0x00001c22      0x2df d:/hazim/01- embedded systems avr tools/01- imt sdk/imt_sdk_win_64/imt_sdk_win_64/winavr/bin/../lib/gcc/avr/4.3.3/avr5\libgcc.a(_pack_sf.o)
 .debug_info    0x00001f01      0x251 d:/hazim/01- embedded systems avr tools/01- imt sdk/imt_sdk_win_64/imt_sdk_win_64/winavr/bin/../lib/gcc/avr/4.3.3/avr5\libgcc.a(_unpack_sf.o)
 .debug_info    0x00002152      0x210 d:/hazim/01- embedded systems avr tools/01- imt sdk/imt_sdk_win_64/imt_sdk_win_64/winavr/bin/../lib/gcc/avr/4.3.3/avr5\libgcc.a(_fpcmp_parts_sf.o)
 .debug_info    0x00002362       0xa9 d:/hazim/01- embedded systems avr tools/01- imt sdk/imt_sdk_win_64/imt_sdk_win_64/winavr/bin/../lib/gcc/avr/4.3.3/avr5\libgcc.a(_clz.o)
 *(.gnu.linkonce.wi.*)

.debug_abbrev   0x00000000     0x1386
 *(.debug_abbrev)
 .debug_abbrev  0x00000000       0x5d d:/hazim/01- embedded systems avr tools/01- imt sdk/imt_sdk_win_64/imt_sdk_win_64/winavr/bin/../lib/gcc/avr/4.3.3/avr5\libgcc.a(_fixunssfsi.o)
 .debug_abbrev  0x0000005d      0x1ea d:/hazim/01- embedded systems avr tools/01- imt sdk/imt_sdk_win_64/imt_sdk_win_64/winavr/bin/../lib/gcc/avr/4.3.3/avr5\libgcc.a(_addsub_sf.o)
 .debug_abbrev  0x00000247      0x21b d:/hazim/01- embedded systems avr tools/01- imt sdk/imt_sdk_win_64/imt_sdk_win_64/winavr/bin/../lib/gcc/avr/4.3.3/avr5\libgcc.a(_mul_sf.o)
 .debug_abbrev  0x00000462      0x216 d:/hazim/01- embedded systems avr tools/01- imt sdk/imt_sdk_win_64/imt_sdk_win_64/winavr/bin/../lib/gcc/avr/4.3.3/avr5\libgcc.a(_div_sf.o)
 .debug_abbrev  0x00000678      0x15a d:/hazim/01- embedded systems avr tools/01- imt sdk/imt_sdk_win_64/imt_sdk_win_64/winavr/bin/../lib/gcc/avr/4.3.3/avr5\libgcc.a(_gt_sf.o)
 .debug_abbrev  0x000007d2      0x15a d:/hazim/01- embedded systems avr tools/01- imt sdk/imt_sdk_win_64/imt_sdk_win_64/winavr/bin/../lib/gcc/avr/4.3.3/avr5\libgcc.a(_ge_sf.o)
 .debug_abbrev  0x0000092c      0x15a d:/hazim/01- embedded systems avr tools/01- imt sdk/imt_sdk_win_64/imt_sdk_win_64/winavr/bin/../lib/gcc/avr/4.3.3/avr5\libgcc.a(_lt_sf.o)
 .debug_abbrev  0x00000a86      0x17f d:/hazim/01- embedded systems avr tools/01- imt sdk/imt_sdk_win_64/imt_sdk_win_64/winavr/bin/../lib/gcc/avr/4.3.3/avr5\libgcc.a(_sf_to_si.o)
 .debug_abbrev  0x00000c05       0xad d:/hazim/01- embedded systems avr tools/01- imt sdk/imt_sdk_win_64/imt_sdk_win_64/winavr/bin/../lib/gcc/avr/4.3.3/avr5\libgcc.a(_thenan_sf.o)
 .debug_abbrev  0x00000cb2      0x157 d:/hazim/01- embedded systems avr tools/01- imt sdk/imt_sdk_win_64/imt_sdk_win_64/winavr/bin/../lib/gcc/avr/4.3.3/avr5\libgcc.a(_usi_to_sf.o)
 .debug_abbrev  0x00000e09       0xc4 d:/hazim/01- embedded systems avr tools/01- imt sdk/imt_sdk_win_64/imt_sdk_win_64/winavr/bin/../lib/gcc/avr/4.3.3/avr5\libgcc.a(_clzsi2.o)
 .debug_abbrev  0x00000ecd      0x1c0 d:/hazim/01- embedded systems avr tools/01- imt sdk/imt_sdk_win_64/imt_sdk_win_64/winavr/bin/../lib/gcc/avr/4.3.3/avr5\libgcc.a(_pack_sf.o)
 .debug_abbrev  0x0000108d      0x154 d:/hazim/01- embedded systems avr tools/01- imt sdk/imt_sdk_win_64/imt_sdk_win_64/winavr/bin/../lib/gcc/avr/4.3.3/avr5\libgcc.a(_unpack_sf.o)
 .debug_abbrev  0x000011e1      0x13b d:/hazim/01- embedded systems avr tools/01- imt sdk/imt_sdk_win_64/imt_sdk_win_64/winavr/bin/../lib/gcc/avr/4.3.3/avr5\libgcc.a(_fpcmp_parts_sf.o)
 .debug_abbrev  0x0000131c       0x6a d:/hazim/01- embedded systems avr tools/01- imt sdk/imt_sdk_win_64/imt_sdk_win_64/winavr/bin/../lib/gcc/avr/4.3.3/avr5\libgcc.a(_clz.o)

.debug_line     0x00000000     0x11d6
 *(.debug_line)
 .debug_line    0x00000000       0xa7 d:/hazim/01- embedded systems avr tools/01- imt sdk/imt_sdk_win_64/imt_sdk_win_64/winavr/bin/../lib/gcc/avr/4.3.3/avr5\libgcc.a(_fixunssfsi.o)
 .debug_line    0x000000a7      0x2af d:/hazim/01- embedded systems avr tools/01- imt sdk/imt_sdk_win_64/imt_sdk_win_64/winavr/bin/../lib/gcc/avr/4.3.3/avr5\libgcc.a(_addsub_sf.o)
 .debug_line    0x00000356      0x239 d:/hazim/01- embedded systems avr tools/01- imt sdk/imt_sdk_win_64/imt_sdk_win_64/winavr/bin/../lib/gcc/avr/4.3.3/avr5\libgcc.a(_mul_sf.o)
 .debug_line    0x0000058f      0x1d5 d:/hazim/01- embedded systems avr tools/01- imt sdk/imt_sdk_win_64/imt_sdk_win_64/winavr/bin/../lib/gcc/avr/4.3.3/avr5\libgcc.a(_div_sf.o)
 .debug_line    0x00000764       0xd3 d:/hazim/01- embedded systems avr tools/01- imt sdk/imt_sdk_win_64/imt_sdk_win_64/winavr/bin/../lib/gcc/avr/4.3.3/avr5\libgcc.a(_gt_sf.o)
 .debug_line    0x00000837       0xd3 d:/hazim/01- embedded systems avr tools/01- imt sdk/imt_sdk_win_64/imt_sdk_win_64/winavr/bin/../lib/gcc/avr/4.3.3/avr5\libgcc.a(_ge_sf.o)
 .debug_line    0x0000090a       0xd3 d:/hazim/01- embedded systems avr tools/01- imt sdk/imt_sdk_win_64/imt_sdk_win_64/winavr/bin/../lib/gcc/avr/4.3.3/avr5\libgcc.a(_lt_sf.o)
 .debug_line    0x000009dd      0x109 d:/hazim/01- embedded systems avr tools/01- imt sdk/imt_sdk_win_64/imt_sdk_win_64/winavr/bin/../lib/gcc/avr/4.3.3/avr5\libgcc.a(_sf_to_si.o)
 .debug_line    0x00000ae6       0x90 d:/hazim/01- embedded systems avr tools/01- imt sdk/imt_sdk_win_64/imt_sdk_win_64/winavr/bin/../lib/gcc/avr/4.3.3/avr5\libgcc.a(_thenan_sf.o)
 .debug_line    0x00000b76      0x133 d:/hazim/01- embedded systems avr tools/01- imt sdk/imt_sdk_win_64/imt_sdk_win_64/winavr/bin/../lib/gcc/avr/4.3.3/avr5\libgcc.a(_usi_to_sf.o)
 .debug_line    0x00000ca9       0xa5 d:/hazim/01- embedded systems avr tools/01- imt sdk/imt_sdk_win_64/imt_sdk_win_64/winavr/bin/../lib/gcc/avr/4.3.3/avr5\libgcc.a(_clzsi2.o)
 .debug_line    0x00000d4e      0x18a d:/hazim/01- embedded systems avr tools/01- imt sdk/imt_sdk_win_64/imt_sdk_win_64/winavr/bin/../lib/gcc/avr/4.3.3/avr5\libgcc.a(_pack_sf.o)
 .debug_line    0x00000ed8      0x14b d:/hazim/01- embedded systems avr tools/01- imt sdk/imt_sdk_win_64/imt_sdk_win_64/winavr/bin/../lib/gcc/avr/4.3.3/avr5\libgcc.a(_unpack_sf.o)
 .debug_line    0x00001023      0x137 d:/hazim/01- embedded systems avr tools/01- imt sdk/imt_sdk_win_64/imt_sdk_win_64/winavr/bin/../lib/gcc/avr/4.3.3/avr5\libgcc.a(_fpcmp_parts_sf.o)
 .debug_line    0x0000115a       0x7c d:/hazim/01- embedded systems avr tools/01- imt sdk/imt_sdk_win_64/imt_sdk_win_64/winavr/bin/../lib/gcc/avr/4.3.3/avr5\libgcc.a(_clz.o)

.debug_frame    0x00000000      0x1c0
 *(.debug_frame)
 .debug_frame   0x00000000       0x20 d:/hazim/01- embedded systems avr tools/01- imt sdk/imt_sdk_win_64/imt_sdk_win_64/winavr/bin/../lib/gcc/avr/4.3.3/avr5\libgcc.a(_fixunssfsi.o)
 .debug_frame   0x00000020       0x40 d:/hazim/01- embedded systems avr tools/01- imt sdk/imt_sdk_win_64/imt_sdk_win_64/winavr/bin/../lib/gcc/avr/4.3.3/avr5\libgcc.a(_addsub_sf.o)
 .debug_frame   0x00000060       0x20 d:/hazim/01- embedded systems avr tools/01- imt sdk/imt_sdk_win_64/imt_sdk_win_64/winavr/bin/../lib/gcc/avr/4.3.3/avr5\libgcc.a(_mul_sf.o)
 .debug_frame   0x00000080       0x20 d:/hazim/01- embedded systems avr tools/01- imt sdk/imt_sdk_win_64/imt_sdk_win_64/winavr/bin/../lib/gcc/avr/4.3.3/avr5\libgcc.a(_div_sf.o)
 .debug_frame   0x000000a0       0x20 d:/hazim/01- embedded systems avr tools/01- imt sdk/imt_sdk_win_64/imt_sdk_win_64/winavr/bin/../lib/gcc/avr/4.3.3/avr5\libgcc.a(_gt_sf.o)
 .debug_frame   0x000000c0       0x20 d:/hazim/01- embedded systems avr tools/01- imt sdk/imt_sdk_win_64/imt_sdk_win_64/winavr/bin/../lib/gcc/avr/4.3.3/avr5\libgcc.a(_ge_sf.o)
 .debug_frame   0x000000e0       0x20 d:/hazim/01- embedded systems avr tools/01- imt sdk/imt_sdk_win_64/imt_sdk_win_64/winavr/bin/../lib/gcc/avr/4.3.3/avr5\libgcc.a(_lt_sf.o)
 .debug_frame   0x00000100       0x20 d:/hazim/01- embedded systems avr tools/01- imt sdk/imt_sdk_win_64/imt_sdk_win_64/winavr/bin/../lib/gcc/avr/4.3.3/avr5\libgcc.a(_sf_to_si.o)
 .debug_frame   0x00000120       0x20 d:/hazim/01- embedded systems avr tools/01- imt sdk/imt_sdk_win_64/imt_sdk_win_64/winavr/bin/../lib/gcc/avr/4.3.3/avr5\libgcc.a(_usi_to_sf.o)
 .debug_frame   0x00000140       0x20 d:/hazim/01- embedded systems avr tools/01- imt sdk/imt_sdk_win_64/imt_sdk_win_64/winavr/bin/../lib/gcc/avr/4.3.3/avr5\libgcc.a(_clzsi2.o)
 .debug_frame   0x00000160       0x20 d:/hazim/01- embedded systems avr tools/01- imt sdk/imt_sdk_win_64/imt_sdk_win_64/winavr/bin/../lib/gcc/avr/4.3.3/avr5\libgcc.a(_pack_sf.o)
 .debug_frame   0x00000180       0x20 d:/hazim/01- embedded systems avr tools/01- imt sdk/imt_sdk_win_64/imt_sdk_win_64/winavr/bin/../lib/gcc/avr/4.3.3/avr5\libgcc.a(_unpack_sf.o)
 .debug_frame   0x000001a0       0x20 d:/hazim/01- embedded systems avr tools/01- imt sdk/imt_sdk_win_64/imt_sdk_win_64/winavr/bin/../lib/gcc/avr/4.3.3/avr5\libgcc.a(_fpcmp_parts_sf.o)

.debug_str      0x00000000      0x2f6
 *(.debug_str)
 .debug_str     0x00000000       0xbf d:/hazim/01- embedded systems avr tools/01- imt sdk/imt_sdk_win_64/imt_sdk_win_64/winavr/bin/../lib/gcc/avr/4.3.3/avr5\libgcc.a(_fixunssfsi.o)
                                 0xfe (size before relaxing)
 .debug_str     0x000000bf      0x14d d:/hazim/01- embedded systems avr tools/01- imt sdk/imt_sdk_win_64/imt_sdk_win_64/winavr/bin/../lib/gcc/avr/4.3.3/avr5\libgcc.a(_addsub_sf.o)
                                0x206 (size before relaxing)
 .debug_str     0x0000020c       0x27 d:/hazim/01- embedded systems avr tools/01- imt sdk/imt_sdk_win_64/imt_sdk_win_64/winavr/bin/../lib/gcc/avr/4.3.3/avr5\libgcc.a(_mul_sf.o)
                                0x1bf (size before relaxing)
 .debug_str     0x00000233       0x35 d:/hazim/01- embedded systems avr tools/01- imt sdk/imt_sdk_win_64/imt_sdk_win_64/winavr/bin/../lib/gcc/avr/4.3.3/avr5\libgcc.a(_div_sf.o)
                                0x1c8 (size before relaxing)
 .debug_str     0x00000268        0x8 d:/hazim/01- embedded systems avr tools/01- imt sdk/imt_sdk_win_64/imt_sdk_win_64/winavr/bin/../lib/gcc/avr/4.3.3/avr5\libgcc.a(_gt_sf.o)
                                0x195 (size before relaxing)
 .debug_str     0x00000270        0x8 d:/hazim/01- embedded systems avr tools/01- imt sdk/imt_sdk_win_64/imt_sdk_win_64/winavr/bin/../lib/gcc/avr/4.3.3/avr5\libgcc.a(_ge_sf.o)
                                0x195 (size before relaxing)
 .debug_str     0x00000278        0x8 d:/hazim/01- embedded systems avr tools/01- imt sdk/imt_sdk_win_64/imt_sdk_win_64/winavr/bin/../lib/gcc/avr/4.3.3/avr5\libgcc.a(_lt_sf.o)
                                0x195 (size before relaxing)
 .debug_str     0x00000280        0xa d:/hazim/01- embedded systems avr tools/01- imt sdk/imt_sdk_win_64/imt_sdk_win_64/winavr/bin/../lib/gcc/avr/4.3.3/avr5\libgcc.a(_sf_to_si.o)
                                0x19e (size before relaxing)
 .debug_str     0x00000000      0x103 d:/hazim/01- embedded systems avr tools/01- imt sdk/imt_sdk_win_64/imt_sdk_win_64/winavr/bin/../lib/gcc/avr/4.3.3/avr5\libgcc.a(_thenan_sf.o)
 .debug_str     0x0000028a       0x21 d:/hazim/01- embedded systems avr tools/01- imt sdk/imt_sdk_win_64/imt_sdk_win_64/winavr/bin/../lib/gcc/avr/4.3.3/avr5\libgcc.a(_usi_to_sf.o)
                                0x177 (size before relaxing)
 .debug_str     0x000002ab       0x20 d:/hazim/01- embedded systems avr tools/01- imt sdk/imt_sdk_win_64/imt_sdk_win_64/winavr/bin/../lib/gcc/avr/4.3.3/avr5\libgcc.a(_clzsi2.o)
                                0x111 (size before relaxing)
 .debug_str     0x000002cb       0x10 d:/hazim/01- embedded systems avr tools/01- imt sdk/imt_sdk_win_64/imt_sdk_win_64/winavr/bin/../lib/gcc/avr/4.3.3/avr5\libgcc.a(_pack_sf.o)
                                0x19d (size before relaxing)
 .debug_str     0x000002db        0xb d:/hazim/01- embedded systems avr tools/01- imt sdk/imt_sdk_win_64/imt_sdk_win_64/winavr/bin/../lib/gcc/avr/4.3.3/avr5\libgcc.a(_unpack_sf.o)
                                0x17f (size before relaxing)
 .debug_str     0x000002e6       0x10 d:/hazim/01- embedded systems avr tools/01- imt sdk/imt_sdk_win_64/imt_sdk_win_64/winavr/bin/../lib/gcc/avr/4.3.3/avr5\libgcc.a(_fpcmp_parts_sf.o)
                                0x163 (size before relaxing)
 .debug_str     0x00000000       0xf4 d:/hazim/01- embedded systems avr tools/01- imt sdk/imt_sdk_win_64/imt_sdk_win_64/winavr/bin/../lib/gcc/avr/4.3.3/avr5\libgcc.a(_clz.o)

.debug_loc      0x00000000      0x96e
 *(.debug_loc)
 .debug_loc     0x00000000       0x34 d:/hazim/01- embedded systems avr tools/01- imt sdk/imt_sdk_win_64/imt_sdk_win_64/winavr/bin/../lib/gcc/avr/4.3.3/avr5\libgcc.a(_fixunssfsi.o)
 .debug_loc     0x00000034      0x32a d:/hazim/01- embedded systems avr tools/01- imt sdk/imt_sdk_win_64/imt_sdk_win_64/winavr/bin/../lib/gcc/avr/4.3.3/avr5\libgcc.a(_addsub_sf.o)
 .debug_loc     0x0000035e      0x104 d:/hazim/01- embedded systems avr tools/01- imt sdk/imt_sdk_win_64/imt_sdk_win_64/winavr/bin/../lib/gcc/avr/4.3.3/avr5\libgcc.a(_mul_sf.o)
 .debug_loc     0x00000462       0xc0 d:/hazim/01- embedded systems avr tools/01- imt sdk/imt_sdk_win_64/imt_sdk_win_64/winavr/bin/../lib/gcc/avr/4.3.3/avr5\libgcc.a(_div_sf.o)
 .debug_loc     0x00000522       0x3c d:/hazim/01- embedded systems avr tools/01- imt sdk/imt_sdk_win_64/imt_sdk_win_64/winavr/bin/../lib/gcc/avr/4.3.3/avr5\libgcc.a(_gt_sf.o)
 .debug_loc     0x0000055e       0x3c d:/hazim/01- embedded systems avr tools/01- imt sdk/imt_sdk_win_64/imt_sdk_win_64/winavr/bin/../lib/gcc/avr/4.3.3/avr5\libgcc.a(_ge_sf.o)
 .debug_loc     0x0000059a       0x3c d:/hazim/01- embedded systems avr tools/01- imt sdk/imt_sdk_win_64/imt_sdk_win_64/winavr/bin/../lib/gcc/avr/4.3.3/avr5\libgcc.a(_lt_sf.o)
 .debug_loc     0x000005d6       0x7e d:/hazim/01- embedded systems avr tools/01- imt sdk/imt_sdk_win_64/imt_sdk_win_64/winavr/bin/../lib/gcc/avr/4.3.3/avr5\libgcc.a(_sf_to_si.o)
 .debug_loc     0x00000654       0x4c d:/hazim/01- embedded systems avr tools/01- imt sdk/imt_sdk_win_64/imt_sdk_win_64/winavr/bin/../lib/gcc/avr/4.3.3/avr5\libgcc.a(_usi_to_sf.o)
 .debug_loc     0x000006a0       0x94 d:/hazim/01- embedded systems avr tools/01- imt sdk/imt_sdk_win_64/imt_sdk_win_64/winavr/bin/../lib/gcc/avr/4.3.3/avr5\libgcc.a(_clzsi2.o)
 .debug_loc     0x00000734      0x13e d:/hazim/01- embedded systems avr tools/01- imt sdk/imt_sdk_win_64/imt_sdk_win_64/winavr/bin/../lib/gcc/avr/4.3.3/avr5\libgcc.a(_pack_sf.o)
 .debug_loc     0x00000872       0xac d:/hazim/01- embedded systems avr tools/01- imt sdk/imt_sdk_win_64/imt_sdk_win_64/winavr/bin/../lib/gcc/avr/4.3.3/avr5\libgcc.a(_unpack_sf.o)
 .debug_loc     0x0000091e       0x50 d:/hazim/01- embedded systems avr tools/01- imt sdk/imt_sdk_win_64/imt_sdk_win_64/winavr/bin/../lib/gcc/avr/4.3.3/avr5\libgcc.a(_fpcmp_parts_sf.o)

.debug_macinfo
 *(.debug_macinfo)
OUTPUT(M_Car_MCU2.elf elf32-avr)
LOAD linker stubs

.debug_ranges   0x00000000       0x50
 .debug_ranges  0x00000000       0x50 d:/hazim/01- embedded systems avr tools/01- imt sdk/imt_sdk_win_64/imt_sdk_win_64/winavr/bin/../lib/gcc/avr/4.3.3/avr5\libgcc.a(_mul_sf.o)
